Archive member included to satisfy reference by file (symbol)

/opt/devkitpro/libnds/lib/libnds9.a(video.o)
                              grafikoak.o (vramSetMainBanks)
/opt/devkitpro/libnds/lib/libnds9.a(touch.o)
                              jokoa01.o (touchRead)
/opt/devkitpro/libnds/lib/libnds9.a(sprite_alloc.o)
                              spriteak.o (oamAllocateGfx)
/opt/devkitpro/libnds/lib/libnds9.a(system.o)
                              grafikoak.o (powerOn)
/opt/devkitpro/libnds/lib/libnds9.a(console.o)
                              grafikoak.o (consoleDemoInit)
/opt/devkitpro/libnds/lib/libnds9.a(sprite.o)
                              grafikoak.o (oamInit)
/opt/devkitpro/libnds/lib/libnds9.a(initSystem.o)
                              /opt/devkitpro/devkitARM/lib/gcc/arm-none-eabi/8.3.0/../../../../arm-none-eabi/lib/thumb/ds_arm9_crt0.o (initSystem)
/opt/devkitpro/libnds/lib/libnds9.a(timeSupport.o)
                              /opt/devkitpro/libnds/lib/libnds9.a(initSystem.o) (__libnds_gtod)
/opt/devkitpro/libnds/lib/libnds9.a(securearea.o)
                              /opt/devkitpro/devkitARM/lib/gcc/arm-none-eabi/8.3.0/../../../../arm-none-eabi/lib/thumb/ds_arm9_crt0.o (__secure_area__)
/opt/devkitpro/libnds/lib/libnds9.a(interrupts.o)
                              zerbitzuErrutinak.o (irqSet)
/opt/devkitpro/libnds/lib/libnds9.a(libnds_exit.arm.o)
                              /opt/devkitpro/devkitARM/lib/gcc/arm-none-eabi/8.3.0/../../../../arm-none-eabi/lib/thumb/ds_arm9_crt0.o (__libnds_exit)
/opt/devkitpro/libnds/lib/libnds9.a(fifosystem.o)
                              /opt/devkitpro/libnds/lib/libnds9.a(initSystem.o) (fifoSetValue32Handler)
/opt/devkitpro/libnds/lib/libnds9.a(dcache.o)
                              /opt/devkitpro/libnds/lib/libnds9.a(sprite.o) (DC_FlushRange)
/opt/devkitpro/libnds/lib/libnds9.a(mpu_setup.o)
                              /opt/devkitpro/devkitARM/lib/gcc/arm-none-eabi/8.3.0/../../../../arm-none-eabi/lib/thumb/ds_arm9_crt0.o (__libnds_mpu_setup)
/opt/devkitpro/libnds/lib/libnds9.a(IntrWait.o)
                              /opt/devkitpro/libnds/lib/libnds9.a(sprite.o) (swiWaitForVBlank)
/opt/devkitpro/libnds/lib/libnds9.a(cpu_clock.o)
                              /opt/devkitpro/libnds/lib/libnds9.a(initSystem.o) (setCpuClock)
/opt/devkitpro/libnds/lib/libnds9.a(interruptDispatcher.o)
                              /opt/devkitpro/libnds/lib/libnds9.a(interrupts.o) (IntrMain)
/opt/devkitpro/libnds/lib/libnds9.a(debugprint.o)
                              /opt/devkitpro/libnds/lib/libnds9.a(console.o) (nocashWrite)
/opt/devkitpro/libnds/lib/libnds9.a(swiSoftReset.o)
                              /opt/devkitpro/libnds/lib/libnds9.a(fifosystem.o) (swiSoftReset)
/opt/devkitpro/libnds/lib/libnds9.a(biosCalls.o)
                              /opt/devkitpro/libnds/lib/libnds9.a(system.o) (swiDelay)
/opt/devkitpro/libnds/lib/libnds9.a(default_font.bin.o)
                              /opt/devkitpro/libnds/lib/libnds9.a(console.o) (default_font_bin)
/opt/devkitpro/libnds/lib/libnds9.a(background.o)
                              /opt/devkitpro/libnds/lib/libnds9.a(console.o) (bgState)
/opt/devkitpro/libnds/lib/libnds9.a(trig.o)
                              /opt/devkitpro/libnds/lib/libnds9.a(sprite.o) (sinLerp)
/opt/devkitpro/devkitARM/lib/gcc/arm-none-eabi/8.3.0/thumb/libgcc.a(_divsi3.o)
                              /opt/devkitpro/libnds/lib/libnds9.a(console.o) (__aeabi_idivmod)
/opt/devkitpro/devkitARM/lib/gcc/arm-none-eabi/8.3.0/thumb/libgcc.a(_dvmd_tls.o)
                              /opt/devkitpro/devkitARM/lib/gcc/arm-none-eabi/8.3.0/thumb/libgcc.a(_divsi3.o) (__aeabi_idiv0)
/opt/devkitpro/devkitARM/lib/gcc/arm-none-eabi/8.3.0/../../../../arm-none-eabi/lib/thumb/libg.a(lib_a-bsearch.o)
                              /opt/devkitpro/libnds/lib/libnds9.a(trig.o) (bsearch)
/opt/devkitpro/devkitARM/lib/gcc/arm-none-eabi/8.3.0/../../../../arm-none-eabi/lib/thumb/libg.a(lib_a-init.o)
                              /opt/devkitpro/devkitARM/lib/gcc/arm-none-eabi/8.3.0/../../../../arm-none-eabi/lib/thumb/ds_arm9_crt0.o (__libc_init_array)
/opt/devkitpro/devkitARM/lib/gcc/arm-none-eabi/8.3.0/../../../../arm-none-eabi/lib/thumb/libg.a(lib_a-iprintf.o)
                              jokoa01.o (iprintf)
/opt/devkitpro/devkitARM/lib/gcc/arm-none-eabi/8.3.0/../../../../arm-none-eabi/lib/thumb/libg.a(lib_a-malloc.o)
                              /opt/devkitpro/libnds/lib/libnds9.a(sprite_alloc.o) (malloc)
/opt/devkitpro/devkitARM/lib/gcc/arm-none-eabi/8.3.0/../../../../arm-none-eabi/lib/thumb/libg.a(lib_a-mallocr.o)
                              /opt/devkitpro/devkitARM/lib/gcc/arm-none-eabi/8.3.0/../../../../arm-none-eabi/lib/thumb/libg.a(lib_a-malloc.o) (_malloc_r)
/opt/devkitpro/devkitARM/lib/gcc/arm-none-eabi/8.3.0/../../../../arm-none-eabi/lib/thumb/libg.a(lib_a-memcpy-stub.o)
                              /opt/devkitpro/libnds/lib/libnds9.a(console.o) (memcpy)
[...]
Memory Configuration

Name             Origin             Length             Attributes
ewram            0x0000000002000000 0x0000000000380000
dtcm             0x000000000b000000 0x0000000000004000
vectors          0x0000000001000000 0x0000000000000100
itcm             0x0000000001000100 0x0000000000007f00
*default*        0x0000000000000000 0xffffffffffffffff

Linker script and memory map

                0x0000000002380000                __ewram_end = (ORIGIN (ewram) + LENGTH (ewram))
                0x0000000002380000                __eheap_end = (ORIGIN (ewram) + LENGTH (ewram))
                0x000000000b004000                __dtcm_top = (ORIGIN (dtcm) + LENGTH (dtcm))
                0x000000000b003ff8                __irq_flags = (__dtcm_top - 0x8)
                0x000000000b003ffc                __irq_vector = (__dtcm_top - 0x4)
                0x000000000b003f00                __sp_svc = (__dtcm_top - 0x100)
                0x000000000b003e00                __sp_irq = (__sp_svc - 0x100)
                0x000000000b003d00                __sp_usr = (__sp_irq - 0x100)

.secure         0x0000000002000000      0x800
 *(.secure)
 .secure        0x0000000002000000      0x800 /opt/devkitpro/libnds/lib/libnds9.a(securearea.o)
                0x0000000002000000                __secure_area__

.crt0           0x0000000002000800      0x300
                0x0000000002000800                __text_start = .
 *(.crt0)
 .crt0          0x0000000002000800      0x300 /opt/devkitpro/devkitARM/lib/gcc/arm-none-eabi/8.3.0/../../../../arm-none-eabi/lib/thumb/ds_arm9_crt0.o
                0x0000000002000800                _start
                0x0000000002000b00                . = ALIGN (0x4)

.plt
 *(.plt)

.init           0x0000000002000b00        0xc
 *(SORT_NONE(.init))
 .init          0x0000000002000b00        0x4 /opt/devkitpro/devkitARM/lib/gcc/arm-none-eabi/8.3.0/thumb/crti.o
                0x0000000002000b00                _init
 .init          0x0000000002000b04        0x8 /opt/devkitpro/devkitARM/lib/gcc/arm-none-eabi/8.3.0/thumb/crtn.o

.text           0x0000000002000b10     0xa1c8
 *(EXCLUDE_FILE(*.twl* *.vectors* *.itcm*) .text)
 .text          0x0000000002000b10      0x22c jokoa01.o
                0x0000000002000b10                sortuJokoaSpritak
                0x0000000002000b34                ezabatuJokoaSpritak
                0x0000000002000b58                ezkutatuJokoaSpritak
                0x0000000002000b80                erakutsiJokoaSpritak
                0x0000000002000ba8                jokoa01
 .text          0x0000000002000d3c      0x16c grafikoak.o
                0x0000000002000d3c                hasieratuBideoa
                0x0000000002000d7c                hasieratuFondoak
                0x0000000002000e48                GrafikoakHasieratu
                0x0000000002000e6c                initSpriteMem
                0x0000000002000e8c                HasieratuGrafikoakSpriteak
 .text          0x0000000002000ea8      0x478 spriteak.o
                0x0000000002000ea8                memoriaErreserbatu
                0x0000000002000f18                PaletaNagusiaEzarri
                0x0000000002000f68                SpriteakMemorianGorde
                0x0000000002001028                ErakutsiErronboa
                0x0000000002001074                EzabatuErronboa
                0x00000000020010c0                ErakutsiErronboHandia
                0x000000000200110c                EzabatuErronboHandia
                0x0000000002001158                SortuPaloteUrdina
                0x00000000020011a4                SortuPaloteGorria
                0x00000000020011f0                SortuPelotaMorea
                0x000000000200123c                EzabatuPaloteUrdina
                0x0000000002001288                EzabatuPaloteGorria
                0x00000000020012d4                EzabatuPelotaMorea
 .text          0x0000000002001320      0x158 periferikoak.o
                0x0000000002001320                TeklaDetektatu
                0x0000000002001334                SakatutakoTekla
                0x00000000020013a0                konfiguratuTeklatua
                0x00000000020013b4                konfiguratuTenporizadorea
                0x00000000020013d4                TekEtenBaimendu
                0x00000000020013f4                TekEtenGalarazi
                0x0000000002001418                DenbEtenBaimendu
                0x0000000002001438                DenbEtenGalarazi
                0x0000000002001458                ErlojuaMartxanJarri
                0x0000000002001468                ErlojuaGelditu
 .text          0x0000000002001478      0x13c zerbitzuErrutinak.o
                0x0000000002001478                tekEten
                0x00000000020014b4                tenpEten
                0x0000000002001594                etenZerbErrutEzarri
 .text          0x00000000020015b4      0x150 fondoak.o
                0x00000000020015b4                erakutsiAtea
                0x00000000020015e4                erakutsiAteaIrekita
                0x0000000002001614                erakutsiMenua
                0x0000000002001644                erakutsiIrabazlea
                0x0000000002001674                erakutsiGaltzailea
                0x00000000020016a4                erakutsiPausa
                0x00000000020016d4                erakutsiFondoa
 .text          0x0000000002001704      0x150 /opt/devkitpro/devkitARM/lib/gcc/arm-none-eabi/8.3.0/thumb/libgcc.a(_divsi3.o)
                0x0000000002001704                __aeabi_idiv
                0x0000000002001704                __divsi3
                0x0000000002001834                __aeabi_idivmod
 .text          0x0000000002001854        0x4 /opt/devkitpro/devkitARM/lib/gcc/arm-none-eabi/8.3.0/thumb/libgcc.a(_dvmd_tls.o)
                0x0000000002001854                __aeabi_ldiv0
                0x0000000002001854                __aeabi_idiv0
 .text          0x0000000002001858      0x224 /opt/devkitpro/devkitARM/lib/gcc/arm-none-eabi/8.3.0/../../../../arm-none-eabi/lib/thumb/libg.a(lib_a-strcmp.o)
                0x0000000002001858                strcmp
 .text          0x0000000002001a7c       0x14 /opt/devkitpro/devkitARM/lib/gcc/arm-none-eabi/8.3.0/thumb/libgcc.a(_thumb1_case_uqi.o)
                0x0000000002001a7c                __gnu_thumb1_case_uqi
 .text          0x0000000002001a90       0x14 /opt/devkitpro/devkitARM/lib/gcc/arm-none-eabi/8.3.0/thumb/libgcc.a(_thumb1_case_uhi.o)
                0x0000000002001a90                __gnu_thumb1_case_uhi
 .text          0x0000000002001aa4      0x11c /opt/devkitpro/devkitARM/lib/gcc/arm-none-eabi/8.3.0/thumb/libgcc.a(_udivsi3.o)
                0x0000000002001aa4                __udivsi3
                0x0000000002001aa4                __aeabi_uidiv
                0x0000000002001ba0                __aeabi_uidivmod
 .text          0x0000000002001bc0       0x3c /opt/devkitpro/devkitARM/lib/gcc/arm-none-eabi/8.3.0/thumb/libgcc.a(_aeabi_uldivmod.o)
                0x0000000002001bc0                __aeabi_uldivmod
 .text          0x0000000002001bfc       0x28 /opt/devkitpro/devkitARM/lib/gcc/arm-none-eabi/8.3.0/thumb/libgcc.a(_clzdi2.o)
                0x0000000002001bfc                __clzdi2
 .text          0x0000000002001c24       0x48 /opt/devkitpro/devkitARM/lib/gcc/arm-none-eabi/8.3.0/thumb/libgcc.a(_clzsi2.o)
                0x0000000002001c24                __clzsi2
 *(EXCLUDE_FILE(*.twl* *.vectors* *.itcm*) .stub)
 *(EXCLUDE_FILE(*.twl* *.vectors* *.itcm*) .text.*)
 .text.deregister_tm_clones
                0x0000000002001c6c       0x2c /opt/devkitpro/devkitARM/lib/gcc/arm-none-eabi/8.3.0/thumb/crtbegin.o
 .text.register_tm_clones
                0x0000000002001c98       0x34 /opt/devkitpro/devkitARM/lib/gcc/arm-none-eabi/8.3.0/thumb/crtbegin.o
 .text.__do_global_dtors_aux
                0x0000000002001ccc       0x30 /opt/devkitpro/devkitARM/lib/gcc/arm-none-eabi/8.3.0/thumb/crtbegin.o
 .text.frame_dummy
                0x0000000002001cfc       0x28 /opt/devkitpro/devkitARM/lib/gcc/arm-none-eabi/8.3.0/thumb/crtbegin.o
 .text.startup  0x0000000002001d24       0x18 main.o
                0x0000000002001d24                main
 .text.vramSetPrimaryBanks
                0x0000000002001d3c       0x44 /opt/devkitpro/libnds/lib/libnds9.a(video.o)
                0x0000000002001d3c                vramSetPrimaryBanks
 .text.vramSetMainBanks
                0x0000000002001d80        0x8 /opt/devkitpro/libnds/lib/libnds9.a(video.o)
                0x0000000002001d80                vramSetMainBanks
 .text.vramDefault
                0x0000000002001d88       0xd0 /opt/devkitpro/libnds/lib/libnds9.a(video.o)
                0x0000000002001d88                vramDefault
 .text.touchRead
                0x0000000002001e58       0x24 /opt/devkitpro/libnds/lib/libnds9.a(touch.o)
                0x0000000002001e58                touchRead
 .text.getAllocHeader
                0x0000000002001e7c       0x28 /opt/devkitpro/libnds/lib/libnds9.a(sprite_alloc.o)
 .text.oamAllocReset
                0x0000000002001ea4       0x1c /opt/devkitpro/libnds/lib/libnds9.a(sprite_alloc.o)
                0x0000000002001ea4                oamAllocReset
 .text.oamAllocateGfx
                0x0000000002001ec0      0x224 /opt/devkitpro/libnds/lib/libnds9.a(sprite_alloc.o)
                0x0000000002001ec0                oamAllocateGfx
 .text.systemValueHandler
                0x00000000020020e4       0x48 /opt/devkitpro/libnds/lib/libnds9.a(system.o)
                0x00000000020020e4                systemValueHandler
 .text.systemMsgHandler
                0x000000000200212c       0x5c /opt/devkitpro/libnds/lib/libnds9.a(system.o)
                0x000000000200212c                systemMsgHandler
 .text.powerOn  0x0000000002002188       0x2c /opt/devkitpro/libnds/lib/libnds9.a(system.o)
                0x0000000002002188                powerOn
 .text.newRow   0x00000000020021b4       0xb4 /opt/devkitpro/libnds/lib/libnds9.a(console.o)
 .text.consolePrintChar
                0x0000000002002268       0xec /opt/devkitpro/libnds/lib/libnds9.a(console.o)
                0x0000000002002268                consolePrintChar
 .text.consoleCls
                0x0000000002002354       0xe0 /opt/devkitpro/libnds/lib/libnds9.a(console.o)
 .text.consoleLoadFont
                0x0000000002002434      0x280 /opt/devkitpro/libnds/lib/libnds9.a(console.o)
                0x0000000002002434                consoleLoadFont
 .text.consoleInit
                0x00000000020026b4      0x15c /opt/devkitpro/libnds/lib/libnds9.a(console.o)
                0x00000000020026b4                consoleInit
 .text.consoleDemoInit
                0x0000000002002810       0x40 /opt/devkitpro/libnds/lib/libnds9.a(console.o)
                0x0000000002002810                consoleDemoInit
 .text.con_write
                0x0000000002002850      0x27c /opt/devkitpro/libnds/lib/libnds9.a(console.o)
                0x0000000002002850                con_write
 .text.oamInit  0x0000000002002acc      0x11c /opt/devkitpro/libnds/lib/libnds9.a(sprite.o)
                0x0000000002002acc                oamInit
 .text.oamGetGfxPtr
                0x0000000002002be8       0x38 /opt/devkitpro/libnds/lib/libnds9.a(sprite.o)
                0x0000000002002be8                oamGetGfxPtr
 .text.oamGfxPtrToOffset
                0x0000000002002c20       0x34 /opt/devkitpro/libnds/lib/libnds9.a(sprite.o)
                0x0000000002002c20                oamGfxPtrToOffset
 .text.oamSet   0x0000000002002c54      0x148 /opt/devkitpro/libnds/lib/libnds9.a(sprite.o)
                0x0000000002002c54                oamSet
 .text.oamUpdate
                0x0000000002002d9c       0x60 /opt/devkitpro/libnds/lib/libnds9.a(sprite.o)
                0x0000000002002d9c                oamUpdate
 .text.initSystem
                0x0000000002002dfc      0x198 /opt/devkitpro/libnds/lib/libnds9.a(initSystem.o)
                0x0000000002002dfc                initSystem
 .text.__libnds_gtod
                0x0000000002002f94       0x28 /opt/devkitpro/libnds/lib/libnds9.a(timeSupport.o)
                0x0000000002002f94                __libnds_gtod
 .text.irqDummy
                0x0000000002002fbc        0x4 /opt/devkitpro/libnds/lib/libnds9.a(interrupts.o)
                0x0000000002002fbc                irqDummy
 .text.irqSet   0x0000000002002fc0       0x6c /opt/devkitpro/libnds/lib/libnds9.a(interrupts.o)
                0x0000000002002fc0                irqSet
 .text.irqInit  0x000000000200302c       0x50 /opt/devkitpro/libnds/lib/libnds9.a(interrupts.o)
                0x000000000200302c                irqInit
 .text.irqEnable
                0x000000000200307c       0x64 /opt/devkitpro/libnds/lib/libnds9.a(interrupts.o)
                0x000000000200307c                irqEnable
 .text.systemErrorExit
                0x00000000020030e0        0x4 /opt/devkitpro/libnds/lib/libnds9.a(libnds_exit.arm.o)
                0x00000000020030e0                systemErrorExit
 *fill*         0x00000000020030e4        0x4 ff
 .text.__libnds_exit
                0x00000000020030e8       0x5c /opt/devkitpro/libnds/lib/libnds9.a(libnds_exit.arm.o)
                0x00000000020030e8                __libnds_exit
 .text.fifo_waitBlock
                0x0000000002003144       0x80 /opt/devkitpro/libnds/lib/libnds9.a(fifosystem.o)
 .text.fifo_queueBlock
                0x00000000020031c4       0x40 /opt/devkitpro/libnds/lib/libnds9.a(fifosystem.o)
 .text.fifoInternalSendInterrupt
                0x0000000002003204       0xac /opt/devkitpro/libnds/lib/libnds9.a(fifosystem.o)
 .text.fifoInternalSend.part.2
                0x00000000020032b0       0xd4 /opt/devkitpro/libnds/lib/libnds9.a(fifosystem.o)
 .text.fifoGetValue32.part.3
                0x0000000002003384       0x74 /opt/devkitpro/libnds/lib/libnds9.a(fifosystem.o)
 .text.fifoSetValue32Handler
                0x00000000020033f8       0x78 /opt/devkitpro/libnds/lib/libnds9.a(fifosystem.o)
                0x00000000020033f8                fifoSetValue32Handler
 .text.fifoSendValue32
                0x0000000002003470       0x4c /opt/devkitpro/libnds/lib/libnds9.a(fifosystem.o)
                0x0000000002003470                fifoSendValue32
 .text.fifoGetDatamsg
                0x00000000020034bc      0x138 /opt/devkitpro/libnds/lib/libnds9.a(fifosystem.o)
                0x00000000020034bc                fifoGetDatamsg
 .text.fifoInternalRecvInterrupt
                0x00000000020035f4      0x3dc /opt/devkitpro/libnds/lib/libnds9.a(fifosystem.o)
 .text.fifoSetDatamsgHandler
                0x00000000020039d0       0x9c /opt/devkitpro/libnds/lib/libnds9.a(fifosystem.o)
                0x00000000020039d0                fifoSetDatamsgHandler
 .text.fifoInit
                0x0000000002003a6c      0x104 /opt/devkitpro/libnds/lib/libnds9.a(fifosystem.o)
                0x0000000002003a6c                fifoInit
 .text.DC_FlushRange
                0x0000000002003b70       0x24 /opt/devkitpro/libnds/lib/libnds9.a(dcache.o)
                0x0000000002003b70                DC_FlushRange
 .text.__libnds_mpu_setup
                0x0000000002003b94      0x174 /opt/devkitpro/libnds/lib/libnds9.a(mpu_setup.o)
                0x0000000002003b94                __libnds_mpu_setup
 .text.memUncached
                0x0000000002003d08       0x20 /opt/devkitpro/libnds/lib/libnds9.a(mpu_setup.o)
                0x0000000002003d08                memUncached
 .text.swiWaitForVBlank
                0x0000000002003d28        0x8 /opt/devkitpro/libnds/lib/libnds9.a(IntrWait.o)
                0x0000000002003d28                swiWaitForVBlank
 .text.swiIntrWait
                0x0000000002003d30       0x70 /opt/devkitpro/libnds/lib/libnds9.a(IntrWait.o)
                0x0000000002003d30                swiIntrWait
 .text.setCpuClock
                0x0000000002003da0       0x50 /opt/devkitpro/libnds/lib/libnds9.a(cpu_clock.o)
                0x0000000002003da0                setCpuClock
 .text.swiSoftReset
                0x0000000002003df0       0x2c /opt/devkitpro/libnds/lib/libnds9.a(swiSoftReset.o)
                0x0000000002003df0                swiSoftReset
 .text.swiDelay
                0x0000000002003e1c        0x4 /opt/devkitpro/libnds/lib/libnds9.a(biosCalls.o)
                0x0000000002003e1c                swiDelay
 .text.checkIfText.part.0
                0x0000000002003e20       0x40 /opt/devkitpro/libnds/lib/libnds9.a(background.o)
 .text.bgUpdate
                0x0000000002003e60      0x104 /opt/devkitpro/libnds/lib/libnds9.a(background.o)
                0x0000000002003e60                bgUpdate
 .text.bgInit_call
                0x0000000002003f64      0x110 /opt/devkitpro/libnds/lib/libnds9.a(background.o)
                0x0000000002003f64                bgInit_call
 .text.bgInitSub_call
                0x0000000002004074       0xf4 /opt/devkitpro/libnds/lib/libnds9.a(background.o)
                0x0000000002004074                bgInitSub_call
 .text.sinLutLookup
                0x0000000002004168       0x3c /opt/devkitpro/libnds/lib/libnds9.a(trig.o)
                0x0000000002004168                sinLutLookup
 .text.sinLerp  0x00000000020041a4       0x44 /opt/devkitpro/libnds/lib/libnds9.a(trig.o)
                0x00000000020041a4                sinLerp
 .text.cosLerp  0x00000000020041e8       0x14 /opt/devkitpro/libnds/lib/libnds9.a(trig.o)
                0x00000000020041e8                cosLerp
 .text.__libc_init_array
                0x00000000020041fc       0x50 /opt/devkitpro/devkitARM/lib/gcc/arm-none-eabi/8.3.0/../../../../arm-none-eabi/lib/thumb/libg.a(lib_a-init.o)
                0x00000000020041fc                __libc_init_array
 .text.iprintf  0x000000000200424c       0x24 /opt/devkitpro/devkitARM/lib/gcc/arm-none-eabi/8.3.0/../../../../arm-none-eabi/lib/thumb/libg.a(lib_a-iprintf.o)
                0x000000000200424c                iprintf
 .text.malloc   0x0000000002004270       0x14 /opt/devkitpro/devkitARM/lib/gcc/arm-none-eabi/8.3.0/../../../../arm-none-eabi/lib/thumb/libg.a(lib_a-malloc.o)
                0x0000000002004270                malloc
 .text.free     0x0000000002004284       0x14 /opt/devkitpro/devkitARM/lib/gcc/arm-none-eabi/8.3.0/../../../../arm-none-eabi/lib/thumb/libg.a(lib_a-malloc.o)
                0x0000000002004284                free
 .text._malloc_r
                0x0000000002004298      0x594 /opt/devkitpro/devkitARM/lib/gcc/arm-none-eabi/8.3.0/../../../../arm-none-eabi/lib/thumb/libg.a(lib_a-mallocr.o)
                0x0000000002004298                _malloc_r
 .text.memcpy   0x000000000200482c       0xac /opt/devkitpro/devkitARM/lib/gcc/arm-none-eabi/8.3.0/../../../../arm-none-eabi/lib/thumb/libg.a(lib_a-memcpy-stub.o)
                0x000000000200482c                memcpy
 .text.memset   0x00000000020048d8       0xb0 /opt/devkitpro/devkitARM/lib/gcc/arm-none-eabi/8.3.0/../../../../arm-none-eabi/lib/thumb/libg.a(lib_a-memset.o)
                0x00000000020048d8                memset
 .text.__malloc_lock
                0x0000000002004988       0x14 /opt/devkitpro/devkitARM/lib/gcc/arm-none-eabi/8.3.0/../../../../arm-none-eabi/lib/thumb/libg.a(lib_a-mlock.o)
                0x0000000002004988                __malloc_lock
 .text.__malloc_unlock
                0x000000000200499c       0x14 /opt/devkitpro/devkitARM/lib/gcc/arm-none-eabi/8.3.0/../../../../arm-none-eabi/lib/thumb/libg.a(lib_a-mlock.o)
                0x000000000200499c                __malloc_unlock
 .text.realloc  0x00000000020049b0       0x18 /opt/devkitpro/devkitARM/lib/gcc/arm-none-eabi/8.3.0/../../../../arm-none-eabi/lib/thumb/libg.a(lib_a-realloc.o)
                0x00000000020049b0                realloc
 .text._realloc_r
                0x00000000020049c8      0x370 /opt/devkitpro/devkitARM/lib/gcc/arm-none-eabi/8.3.0/../../../../arm-none-eabi/lib/thumb/libg.a(lib_a-reallocr.o)
                0x00000000020049c8                _realloc_r
 .text.setvbuf  0x0000000002004d38      0x1a0 /opt/devkitpro/devkitARM/lib/gcc/arm-none-eabi/8.3.0/../../../../arm-none-eabi/lib/thumb/libg.a(lib_a-setvbuf.o)
                0x0000000002004d38                setvbuf
 .text.siscanf  0x0000000002004ed8       0x4c /opt/devkitpro/devkitARM/lib/gcc/arm-none-eabi/8.3.0/../../../../arm-none-eabi/lib/thumb/libg.a(lib_a-siscanf.o)
                0x0000000002004ed8                siscanf
 .text.__sread  0x0000000002004f24       0x34 /opt/devkitpro/devkitARM/lib/gcc/arm-none-eabi/8.3.0/../../../../arm-none-eabi/lib/thumb/libg.a(lib_a-stdio.o)
                0x0000000002004f24                __sread
 .text.__seofread
                0x0000000002004f58        0x4 /opt/devkitpro/devkitARM/lib/gcc/arm-none-eabi/8.3.0/../../../../arm-none-eabi/lib/thumb/libg.a(lib_a-stdio.o)
                0x0000000002004f58                __seofread
 .text.__swrite
                0x0000000002004f5c       0x4c /opt/devkitpro/devkitARM/lib/gcc/arm-none-eabi/8.3.0/../../../../arm-none-eabi/lib/thumb/libg.a(lib_a-stdio.o)
                0x0000000002004f5c                __swrite
 .text.__sseek  0x0000000002004fa8       0x40 /opt/devkitpro/devkitARM/lib/gcc/arm-none-eabi/8.3.0/../../../../arm-none-eabi/lib/thumb/libg.a(lib_a-stdio.o)
                0x0000000002004fa8                __sseek
 .text.__sclose
                0x0000000002004fe8       0x10 /opt/devkitpro/devkitARM/lib/gcc/arm-none-eabi/8.3.0/../../../../arm-none-eabi/lib/thumb/libg.a(lib_a-stdio.o)
                0x0000000002004fe8                __sclose
 .text.strlen   0x0000000002004ff8       0x6c /opt/devkitpro/devkitARM/lib/gcc/arm-none-eabi/8.3.0/../../../../arm-none-eabi/lib/thumb/libg.a(lib_a-strlen-stub.o)
                0x0000000002004ff8                strlen
 .text.get_arg  0x0000000002005064       0x24 /opt/devkitpro/devkitARM/lib/gcc/arm-none-eabi/8.3.0/../../../../arm-none-eabi/lib/thumb/libg.a(lib_a-svfiscanf.o)
 .text._sungetc_r
                0x0000000002005088       0x7e /opt/devkitpro/devkitARM/lib/gcc/arm-none-eabi/8.3.0/../../../../arm-none-eabi/lib/thumb/libg.a(lib_a-svfiscanf.o)
                0x0000000002005088                _sungetc_r
 .text.__ssrefill_r
                0x0000000002005106       0x42 /opt/devkitpro/devkitARM/lib/gcc/arm-none-eabi/8.3.0/../../../../arm-none-eabi/lib/thumb/libg.a(lib_a-svfiscanf.o)
                0x0000000002005106                __ssrefill_r
 .text._sfread_r
                0x0000000002005148       0x8a /opt/devkitpro/devkitARM/lib/gcc/arm-none-eabi/8.3.0/../../../../arm-none-eabi/lib/thumb/libg.a(lib_a-svfiscanf.o)
                0x0000000002005148                _sfread_r
 *fill*         0x00000000020051d2        0x2 ff
 .text.__ssvfiscanf_r
                0x00000000020051d4     0x1b24 /opt/devkitpro/devkitARM/lib/gcc/arm-none-eabi/8.3.0/../../../../arm-none-eabi/lib/thumb/libg.a(lib_a-svfiscanf.o)
                0x00000000020051d4                __ssvfiscanf_r
 .text.__submore
                0x0000000002006cf8       0x88 /opt/devkitpro/devkitARM/lib/gcc/arm-none-eabi/8.3.0/../../../../arm-none-eabi/lib/thumb/libg.a(lib_a-ungetc.o)
                0x0000000002006cf8                __submore
 .text.get_arg  0x0000000002006d80      0x3c0 /opt/devkitpro/devkitARM/lib/gcc/arm-none-eabi/8.3.0/../../../../arm-none-eabi/lib/thumb/libg.a(lib_a-vfiprintf.o)
 .text.__sprint_r
                0x0000000002007140       0x20 /opt/devkitpro/devkitARM/lib/gcc/arm-none-eabi/8.3.0/../../../../arm-none-eabi/lib/thumb/libg.a(lib_a-vfiprintf.o)
                0x0000000002007140                __sprint_r
 .text._vfiprintf_r
                0x0000000002007160     0x17e8 /opt/devkitpro/devkitARM/lib/gcc/arm-none-eabi/8.3.0/../../../../arm-none-eabi/lib/thumb/libg.a(lib_a-vfiprintf.o)
                0x0000000002007160                _vfiprintf_r
 .text.__sbprintf
                0x0000000002008948       0x8c /opt/devkitpro/devkitARM/lib/gcc/arm-none-eabi/8.3.0/../../../../arm-none-eabi/lib/thumb/libg.a(lib_a-vfiprintf.o)
 .text._wcrtomb_r
                0x00000000020089d4       0x5c /opt/devkitpro/devkitARM/lib/gcc/arm-none-eabi/8.3.0/../../../../arm-none-eabi/lib/thumb/libg.a(lib_a-wcrtomb.o)
                0x00000000020089d4                _wcrtomb_r
 .text._wcsrtombs_r
                0x0000000002008a30       0x1c /opt/devkitpro/devkitARM/lib/gcc/arm-none-eabi/8.3.0/../../../../arm-none-eabi/lib/thumb/libg.a(lib_a-wcsrtombs.o)
                0x0000000002008a30                _wcsrtombs_r
 .text.__swsetup_r
                0x0000000002008a4c       0xe0 /opt/devkitpro/devkitARM/lib/gcc/arm-none-eabi/8.3.0/../../../../arm-none-eabi/lib/thumb/libg.a(lib_a-wsetup.o)
                0x0000000002008a4c                __swsetup_r
 .text.__sflush_r
                0x0000000002008b2c      0x1b8 /opt/devkitpro/devkitARM/lib/gcc/arm-none-eabi/8.3.0/../../../../arm-none-eabi/lib/thumb/libg.a(lib_a-fflush.o)
                0x0000000002008b2c                __sflush_r
 .text._fflush_r
                0x0000000002008ce4       0x70 /opt/devkitpro/devkitARM/lib/gcc/arm-none-eabi/8.3.0/../../../../arm-none-eabi/lib/thumb/libg.a(lib_a-fflush.o)
                0x0000000002008ce4                _fflush_r
 .text.std      0x0000000002008d54       0x54 /opt/devkitpro/devkitARM/lib/gcc/arm-none-eabi/8.3.0/../../../../arm-none-eabi/lib/thumb/libg.a(lib_a-findfp.o)
 .text._cleanup_r
                0x0000000002008da8       0x14 /opt/devkitpro/devkitARM/lib/gcc/arm-none-eabi/8.3.0/../../../../arm-none-eabi/lib/thumb/libg.a(lib_a-findfp.o)
                0x0000000002008da8                _cleanup_r
 .text.__sinit  0x0000000002008dbc       0x64 /opt/devkitpro/devkitARM/lib/gcc/arm-none-eabi/8.3.0/../../../../arm-none-eabi/lib/thumb/libg.a(lib_a-findfp.o)
                0x0000000002008dbc                __sinit
 .text.__sfp_lock_acquire
                0x0000000002008e20       0x14 /opt/devkitpro/devkitARM/lib/gcc/arm-none-eabi/8.3.0/../../../../arm-none-eabi/lib/thumb/libg.a(lib_a-findfp.o)
                0x0000000002008e20                __sfp_lock_acquire
 .text.__sfp_lock_release
                0x0000000002008e34       0x14 /opt/devkitpro/devkitARM/lib/gcc/arm-none-eabi/8.3.0/../../../../arm-none-eabi/lib/thumb/libg.a(lib_a-findfp.o)
                0x0000000002008e34                __sfp_lock_release
 .text._malloc_trim_r
                0x0000000002008e48       0xa4 /opt/devkitpro/devkitARM/lib/gcc/arm-none-eabi/8.3.0/../../../../arm-none-eabi/lib/thumb/libg.a(lib_a-freer.o)
                0x0000000002008e48                _malloc_trim_r
 .text._free_r  0x0000000002008eec      0x1e0 /opt/devkitpro/devkitARM/lib/gcc/arm-none-eabi/8.3.0/../../../../arm-none-eabi/lib/thumb/libg.a(lib_a-freer.o)
                0x0000000002008eec                _free_r
 .text.__sfvwrite_r
                0x00000000020090cc      0x348 /opt/devkitpro/devkitARM/lib/gcc/arm-none-eabi/8.3.0/../../../../arm-none-eabi/lib/thumb/libg.a(lib_a-fvwrite.o)
                0x00000000020090cc                __sfvwrite_r
 .text._fwalk_reent
                0x0000000002009414       0x54 /opt/devkitpro/devkitARM/lib/gcc/arm-none-eabi/8.3.0/../../../../arm-none-eabi/lib/thumb/libg.a(lib_a-fwalk.o)
                0x0000000002009414                _fwalk_reent
 .text.iswspace
                0x0000000002009468       0x10 /opt/devkitpro/devkitARM/lib/gcc/arm-none-eabi/8.3.0/../../../../arm-none-eabi/lib/thumb/libg.a(lib_a-iswspace.o)
                0x0000000002009468                iswspace
 .text._localeconv_r
                0x0000000002009478        0x8 /opt/devkitpro/devkitARM/lib/gcc/arm-none-eabi/8.3.0/../../../../arm-none-eabi/lib/thumb/libg.a(lib_a-localeconv.o)
                0x0000000002009478                _localeconv_r
 .text.__locale_mb_cur_max
                0x0000000002009480       0x10 /opt/devkitpro/devkitARM/lib/gcc/arm-none-eabi/8.3.0/../../../../arm-none-eabi/lib/thumb/libg.a(lib_a-locale.o)
                0x0000000002009480                __locale_mb_cur_max
 .text.__swhatbuf_r
                0x0000000002009490       0x64 /opt/devkitpro/devkitARM/lib/gcc/arm-none-eabi/8.3.0/../../../../arm-none-eabi/lib/thumb/libg.a(lib_a-makebuf.o)
                0x0000000002009490                __swhatbuf_r
 .text.__smakebuf_r
                0x00000000020094f4       0x98 /opt/devkitpro/devkitARM/lib/gcc/arm-none-eabi/8.3.0/../../../../arm-none-eabi/lib/thumb/libg.a(lib_a-makebuf.o)
                0x00000000020094f4                __smakebuf_r
 .text._mbrtowc_r
                0x000000000200958c       0x60 /opt/devkitpro/devkitARM/lib/gcc/arm-none-eabi/8.3.0/../../../../arm-none-eabi/lib/thumb/libg.a(lib_a-mbrtowc.o)
                0x000000000200958c                _mbrtowc_r
 .text.__utf8_mbtowc
                0x00000000020095ec      0x294 /opt/devkitpro/devkitARM/lib/gcc/arm-none-eabi/8.3.0/../../../../arm-none-eabi/lib/thumb/libg.a(lib_a-mbtowc_r.o)
                0x00000000020095ec                __utf8_mbtowc
 .text.memchr   0x0000000002009880       0x84 /opt/devkitpro/devkitARM/lib/gcc/arm-none-eabi/8.3.0/../../../../arm-none-eabi/lib/thumb/libg.a(lib_a-memchr-stub.o)
                0x0000000002009880                memchr
 .text.memmove  0x0000000002009904       0xb4 /opt/devkitpro/devkitARM/lib/gcc/arm-none-eabi/8.3.0/../../../../arm-none-eabi/lib/thumb/libg.a(lib_a-memmove.o)
                0x0000000002009904                memmove
 .text.__sccl   0x00000000020099b8       0x78 /opt/devkitpro/devkitARM/lib/gcc/arm-none-eabi/8.3.0/../../../../arm-none-eabi/lib/thumb/libg.a(lib_a-sccl.o)
                0x00000000020099b8                __sccl
 .text.strncpy  0x0000000002009a30       0x84 /opt/devkitpro/devkitARM/lib/gcc/arm-none-eabi/8.3.0/../../../../arm-none-eabi/lib/thumb/libg.a(lib_a-strncpy.o)
                0x0000000002009a30                strncpy
 .text._strtoll_l.isra.0
                0x0000000002009ab4      0x1b4 /opt/devkitpro/devkitARM/lib/gcc/arm-none-eabi/8.3.0/../../../../arm-none-eabi/lib/thumb/libg.a(lib_a-strtoll.o)
 .text._strtoll_r
                0x0000000002009c68        0xc /opt/devkitpro/devkitARM/lib/gcc/arm-none-eabi/8.3.0/../../../../arm-none-eabi/lib/thumb/libg.a(lib_a-strtoll.o)
                0x0000000002009c68                _strtoll_r
 .text._strtol_l.isra.0
                0x0000000002009c74      0x13c /opt/devkitpro/devkitARM/lib/gcc/arm-none-eabi/8.3.0/../../../../arm-none-eabi/lib/thumb/libg.a(lib_a-strtol.o)
 .text._strtol_r
                0x0000000002009db0        0xc /opt/devkitpro/devkitARM/lib/gcc/arm-none-eabi/8.3.0/../../../../arm-none-eabi/lib/thumb/libg.a(lib_a-strtol.o)
                0x0000000002009db0                _strtol_r
 .text._strtoull_l.isra.0
                0x0000000002009dbc      0x1c8 /opt/devkitpro/devkitARM/lib/gcc/arm-none-eabi/8.3.0/../../../../arm-none-eabi/lib/thumb/libg.a(lib_a-strtoull.o)
 .text._strtoull_r
                0x0000000002009f84        0xc /opt/devkitpro/devkitARM/lib/gcc/arm-none-eabi/8.3.0/../../../../arm-none-eabi/lib/thumb/libg.a(lib_a-strtoull.o)
                0x0000000002009f84                _strtoull_r
 .text._strtoul_l.isra.0
                0x0000000002009f90      0x144 /opt/devkitpro/devkitARM/lib/gcc/arm-none-eabi/8.3.0/../../../../arm-none-eabi/lib/thumb/libg.a(lib_a-strtoul.o)
 .text._strtoul_r
                0x000000000200a0d4        0xc /opt/devkitpro/devkitARM/lib/gcc/arm-none-eabi/8.3.0/../../../../arm-none-eabi/lib/thumb/libg.a(lib_a-strtoul.o)
                0x000000000200a0d4                _strtoul_r
 .text._wcsnrtombs_l
                0x000000000200a0e0      0x134 /opt/devkitpro/devkitARM/lib/gcc/arm-none-eabi/8.3.0/../../../../arm-none-eabi/lib/thumb/libg.a(lib_a-wcsnrtombs.o)
                0x000000000200a0e0                _wcsnrtombs_l
 .text._wcsnrtombs_r
                0x000000000200a214       0x30 /opt/devkitpro/devkitARM/lib/gcc/arm-none-eabi/8.3.0/../../../../arm-none-eabi/lib/thumb/libg.a(lib_a-wcsnrtombs.o)
                0x000000000200a214                _wcsnrtombs_r
 .text.__utf8_wctomb
                0x000000000200a244       0xbc /opt/devkitpro/devkitARM/lib/gcc/arm-none-eabi/8.3.0/../../../../arm-none-eabi/lib/thumb/libg.a(lib_a-wctomb_r.o)
                0x000000000200a244                __utf8_wctomb
 .text._fclose_r
                0x000000000200a300       0xe4 /opt/devkitpro/devkitARM/lib/gcc/arm-none-eabi/8.3.0/../../../../arm-none-eabi/lib/thumb/libg.a(lib_a-fclose.o)
                0x000000000200a300                _fclose_r
 .text.iswspace_l
                0x000000000200a3e4       0x2c /opt/devkitpro/devkitARM/lib/gcc/arm-none-eabi/8.3.0/../../../../arm-none-eabi/lib/thumb/libg.a(lib_a-iswspace_l.o)
                0x000000000200a3e4                iswspace_l
 .text.__jp2uc  0x000000000200a410      0x190 /opt/devkitpro/devkitARM/lib/gcc/arm-none-eabi/8.3.0/../../../../arm-none-eabi/lib/thumb/libg.a(lib_a-jp2uc.o)
 .text._jp2uc_l
                0x000000000200a5a0       0x6c /opt/devkitpro/devkitARM/lib/gcc/arm-none-eabi/8.3.0/../../../../arm-none-eabi/lib/thumb/libg.a(lib_a-jp2uc.o)
                0x000000000200a5a0                _jp2uc_l
 .text.category
                0x000000000200a60c       0x58 /opt/devkitpro/devkitARM/lib/gcc/arm-none-eabi/8.3.0/../../../../arm-none-eabi/lib/thumb/libg.a(lib_a-categories.o)
                0x000000000200a60c                category
 .text.null_write
                0x000000000200a664        0x4 /opt/devkitpro/devkitARM/lib/gcc/arm-none-eabi/8.3.0/../../../../arm-none-eabi/lib/thumb/libsysbase.a(iosupport.o)
 .text._close_r
                0x000000000200a668       0x5c /opt/devkitpro/devkitARM/lib/gcc/arm-none-eabi/8.3.0/../../../../arm-none-eabi/lib/thumb/libsysbase.a(close.o)
                0x000000000200a668                _close_r
 .text._fstat_r
                0x000000000200a6c4       0x4c /opt/devkitpro/devkitARM/lib/gcc/arm-none-eabi/8.3.0/../../../../arm-none-eabi/lib/thumb/libsysbase.a(fstat.o)
                0x000000000200a6c4                _fstat_r
 .text._isatty_r
                0x000000000200a710        0x4 /opt/devkitpro/devkitARM/lib/gcc/arm-none-eabi/8.3.0/../../../../arm-none-eabi/lib/thumb/libsysbase.a(isatty.o)
                0x000000000200a710                _isatty_r
 .text._lseek_r
                0x000000000200a714       0x5c /opt/devkitpro/devkitARM/lib/gcc/arm-none-eabi/8.3.0/../../../../arm-none-eabi/lib/thumb/libsysbase.a(lseek.o)
                0x000000000200a714                _lseek_r
 .text._read_r  0x000000000200a770       0x50 /opt/devkitpro/devkitARM/lib/gcc/arm-none-eabi/8.3.0/../../../../arm-none-eabi/lib/thumb/libsysbase.a(read.o)
                0x000000000200a770                _read_r
 .text._sbrk_r  0x000000000200a7c0       0x54 /opt/devkitpro/devkitARM/lib/gcc/arm-none-eabi/8.3.0/../../../../arm-none-eabi/lib/thumb/libsysbase.a(sbrk.o)
                0x000000000200a7c0                _sbrk_r
 .text._write_r
                0x000000000200a814       0x50 /opt/devkitpro/devkitARM/lib/gcc/arm-none-eabi/8.3.0/../../../../arm-none-eabi/lib/thumb/libsysbase.a(write.o)
                0x000000000200a814                _write_r
 .text.build_argv
                0x000000000200a864       0x4c /opt/devkitpro/devkitARM/lib/gcc/arm-none-eabi/8.3.0/../../../../arm-none-eabi/lib/thumb/libsysbase.a(build_argv.o)
                0x000000000200a864                build_argv
 .text.__flockfile
                0x000000000200a8b0       0x10 /opt/devkitpro/devkitARM/lib/gcc/arm-none-eabi/8.3.0/../../../../arm-none-eabi/lib/thumb/libsysbase.a(flock.o)
                0x000000000200a8b0                __flockfile
 .text.__funlockfile
                0x000000000200a8c0       0x10 /opt/devkitpro/devkitARM/lib/gcc/arm-none-eabi/8.3.0/../../../../arm-none-eabi/lib/thumb/libsysbase.a(flock.o)
                0x000000000200a8c0                __funlockfile
 .text.__libc_lock_acquire
                0x000000000200a8d0       0x1c /opt/devkitpro/devkitARM/lib/gcc/arm-none-eabi/8.3.0/../../../../arm-none-eabi/lib/thumb/libsysbase.a(syscall_support.o)
                0x000000000200a8d0                __libc_lock_acquire
 .text.__libc_lock_release
                0x000000000200a8ec       0x1c /opt/devkitpro/devkitARM/lib/gcc/arm-none-eabi/8.3.0/../../../../arm-none-eabi/lib/thumb/libsysbase.a(syscall_support.o)
                0x000000000200a8ec                __libc_lock_release
 .text.__libc_lock_init_recursive
                0x000000000200a908       0x1c /opt/devkitpro/devkitARM/lib/gcc/arm-none-eabi/8.3.0/../../../../arm-none-eabi/lib/thumb/libsysbase.a(syscall_support.o)
                0x000000000200a908                __libc_lock_init_recursive
 .text.__libc_lock_acquire_recursive
                0x000000000200a924       0x1c /opt/devkitpro/devkitARM/lib/gcc/arm-none-eabi/8.3.0/../../../../arm-none-eabi/lib/thumb/libsysbase.a(syscall_support.o)
                0x000000000200a924                __libc_lock_acquire_recursive
 .text.__libc_lock_release_recursive
                0x000000000200a940       0x1c /opt/devkitpro/devkitARM/lib/gcc/arm-none-eabi/8.3.0/../../../../arm-none-eabi/lib/thumb/libsysbase.a(syscall_support.o)
                0x000000000200a940                __libc_lock_release_recursive
 .text.__libc_lock_close_recursive
                0x000000000200a95c       0x1c /opt/devkitpro/devkitARM/lib/gcc/arm-none-eabi/8.3.0/../../../../arm-none-eabi/lib/thumb/libsysbase.a(syscall_support.o)
                0x000000000200a95c                __libc_lock_close_recursive
 .text.__release_handle
                0x000000000200a978       0x6c /opt/devkitpro/devkitARM/lib/gcc/arm-none-eabi/8.3.0/../../../../arm-none-eabi/lib/thumb/libsysbase.a(handle_manager.o)
                0x000000000200a978                __release_handle
 .text.__get_handle
                0x000000000200a9e4       0x1c /opt/devkitpro/devkitARM/lib/gcc/arm-none-eabi/8.3.0/../../../../arm-none-eabi/lib/thumb/libsysbase.a(handle_manager.o)
                0x000000000200a9e4                __get_handle
 .text.__getreent
                0x000000000200aa00       0x28 /opt/devkitpro/devkitARM/lib/gcc/arm-none-eabi/8.3.0/../../../../arm-none-eabi/lib/thumb/libsysbase.a(getreent.o)
                0x000000000200aa00                __getreent
 .text.__muldi3
                0x000000000200aa28       0x60 /opt/devkitpro/devkitARM/lib/gcc/arm-none-eabi/8.3.0/thumb/libgcc.a(_muldi3.o)
                0x000000000200aa28                __aeabi_lmul
                0x000000000200aa28                __muldi3
 .text.__udivmoddi4
                0x000000000200aa88      0x1a8 /opt/devkitpro/devkitARM/lib/gcc/arm-none-eabi/8.3.0/thumb/libgcc.a(_udivmoddi4.o)
                0x000000000200aa88                __udivmoddi4
 .text.__udivmoddi4.__stub
                0x000000000200ac30       0x98 linker stubs
 *(EXCLUDE_FILE(*.twl*) .gnu.warning)
 *(EXCLUDE_FILE(*.twl*) .gnu.linkonce.t*)
 *(.glue_7)
 .glue_7        0x000000000200acd8        0x0 linker stubs
 *(.glue_7t)
 .glue_7t       0x000000000200acd8        0x0 linker stubs
                0x000000000200acd8                . = ALIGN (0x4)

.vfp11_veneer   0x000000000200acd8        0x0
 .vfp11_veneer  0x000000000200acd8        0x0 linker stubs

.v4_bx          0x000000000200acd8        0x0
 .v4_bx         0x000000000200acd8        0x0 linker stubs

.iplt           0x000000000200acd8        0x0
 .iplt          0x000000000200acd8        0x0 /opt/devkitpro/devkitARM/lib/gcc/arm-none-eabi/8.3.0/../../../../arm-none-eabi/lib/thumb/ds_arm9_crt0.o

.fini           0x000000000200acd8        0xc
 *(.fini)
 .fini          0x000000000200acd8        0x4 /opt/devkitpro/devkitARM/lib/gcc/arm-none-eabi/8.3.0/thumb/crti.o
                0x000000000200acd8                _fini
 .fini          0x000000000200acdc        0x8 /opt/devkitpro/devkitARM/lib/gcc/arm-none-eabi/8.3.0/thumb/crtn.o
                0x000000000200ace4                __text_end = .

.rodata         0x000000000200ace4    0xb0d20
 *(EXCLUDE_FILE(*.twl*) .rodata)
 .rodata        0x000000000200ace4    0x18000 Atea.o
                0x000000000200ace4                AteaBitmap
 .rodata        0x0000000002022ce4    0x18000 Pausa.o
                0x0000000002022ce4                PausaBitmap
 .rodata        0x000000000203ace4    0x18000 fondoa.o
                0x000000000203ace4                fondoaBitmap
 .rodata        0x0000000002052ce4    0x18000 AteaIrekita.o
                0x0000000002052ce4                AteaIrekitaBitmap
 .rodata        0x000000000206ace4    0x18000 Irabazlea.o
                0x000000000206ace4                IrabazleaBitmap
 .rodata        0x0000000002082ce4    0x18000 Galtzailea.o
                0x0000000002082ce4                GaltzaileaBitmap
 .rodata        0x000000000209ace4    0x18000 hasiera.o
                0x000000000209ace4                hasieraBitmap
 .rodata        0x00000000020b2ce4     0x2004 /opt/devkitpro/libnds/lib/libnds9.a(default_font.bin.o)
                0x00000000020b2ce4                default_font_bin
                0x00000000020b4ce4                default_font_bin_end
                0x00000000020b4ce4                default_font_bin_size
 *all.rodata*(*)
 *(EXCLUDE_FILE(*.twl*) .roda)
 *(EXCLUDE_FILE(*.twl*) .rodata.*)
 .rodata.str1.4
                0x00000000020b4ce8       0x59 jokoa01.o
 *fill*         0x00000000020b4d41        0x3 ff
 .rodata.str1.4
                0x00000000020b4d44       0x89 zerbitzuErrutinak.o
 *fill*         0x00000000020b4dcd        0x3 ff
 .rodata.con_write
                0x00000000020b4dd0       0xd4 /opt/devkitpro/libnds/lib/libnds9.a(console.o)
 .rodata.con_write.str1.4
                0x00000000020b4ea4       0x30 /opt/devkitpro/libnds/lib/libnds9.a(console.o)
 .rodata.dotab_stdout
                0x00000000020b4ed4       0x70 /opt/devkitpro/libnds/lib/libnds9.a(console.o)
 .rodata.str1.4
                0x00000000020b4f44       0x14 /opt/devkitpro/libnds/lib/libnds9.a(console.o)
 .rodata.SIN_LUT
                0x00000000020b4f58      0x102 /opt/devkitpro/libnds/lib/libnds9.a(trig.o)
                0x00000000020b4f58                SIN_LUT
 *fill*         0x00000000020b505a        0x2 ff
 .rodata.basefix.6979
                0x00000000020b505c       0x22 /opt/devkitpro/devkitARM/lib/gcc/arm-none-eabi/8.3.0/../../../../arm-none-eabi/lib/thumb/libg.a(lib_a-svfiscanf.o)
 .rodata._vfiprintf_r.str1.1
                0x00000000020b507e       0x29 /opt/devkitpro/devkitARM/lib/gcc/arm-none-eabi/8.3.0/../../../../arm-none-eabi/lib/thumb/libg.a(lib_a-vfiprintf.o)
 *fill*         0x00000000020b50a7        0x1 ff
 .rodata.blanks.7416
                0x00000000020b50a8       0x10 /opt/devkitpro/devkitARM/lib/gcc/arm-none-eabi/8.3.0/../../../../arm-none-eabi/lib/thumb/libg.a(lib_a-vfiprintf.o)
 .rodata.zeroes.7417
                0x00000000020b50b8       0x10 /opt/devkitpro/devkitARM/lib/gcc/arm-none-eabi/8.3.0/../../../../arm-none-eabi/lib/thumb/libg.a(lib_a-vfiprintf.o)
 .rodata._ctype_
                0x00000000020b50c8      0x101 /opt/devkitpro/devkitARM/lib/gcc/arm-none-eabi/8.3.0/../../../../arm-none-eabi/lib/thumb/libg.a(lib_a-ctype_.o)
                0x00000000020b50c8                _ctype_
 *fill*         0x00000000020b51c9        0x3 ff
 .rodata.str1.4
                0x00000000020b51cc       0x48 /opt/devkitpro/devkitARM/lib/gcc/arm-none-eabi/8.3.0/../../../../arm-none-eabi/lib/thumb/libg.a(lib_a-locale.o)
                                         0x4c (size before relaxing)
 .rodata._mbrtowc_r.str1.4
                0x00000000020b5214        0x1 /opt/devkitpro/devkitARM/lib/gcc/arm-none-eabi/8.3.0/../../../../arm-none-eabi/lib/thumb/libg.a(lib_a-mbrtowc.o)
 .rodata.__action_table
                0x00000000020b5214       0x6c /opt/devkitpro/devkitARM/lib/gcc/arm-none-eabi/8.3.0/../../../../arm-none-eabi/lib/thumb/libg.a(lib_a-svfiprintf.o)
                0x00000000020b5214                __action_table
 .rodata.__chclass
                0x00000000020b5280      0x100 /opt/devkitpro/devkitARM/lib/gcc/arm-none-eabi/8.3.0/../../../../arm-none-eabi/lib/thumb/libg.a(lib_a-svfiprintf.o)
                0x00000000020b5280                __chclass
 .rodata.__state_table
                0x00000000020b5380       0x6c /opt/devkitpro/devkitARM/lib/gcc/arm-none-eabi/8.3.0/../../../../arm-none-eabi/lib/thumb/libg.a(lib_a-svfiprintf.o)
                0x00000000020b5380                __state_table
 .rodata.__jp2uc
                0x00000000020b53ec       0x20 /opt/devkitpro/devkitARM/lib/gcc/arm-none-eabi/8.3.0/../../../../arm-none-eabi/lib/thumb/libg.a(lib_a-jp2uc.o)
 .rodata._jp2uc_l.str1.4
                0x00000000020b540c       0x12 /opt/devkitpro/devkitARM/lib/gcc/arm-none-eabi/8.3.0/../../../../arm-none-eabi/lib/thumb/libg.a(lib_a-jp2uc.o)
 *fill*         0x00000000020b541e        0x2 ff
 .rodata.a1     0x00000000020b5420       0xbc /opt/devkitpro/devkitARM/lib/gcc/arm-none-eabi/8.3.0/../../../../arm-none-eabi/lib/thumb/libg.a(lib_a-jp2uc.o)
 .rodata.a2     0x00000000020b54dc       0xbc /opt/devkitpro/devkitARM/lib/gcc/arm-none-eabi/8.3.0/../../../../arm-none-eabi/lib/thumb/libg.a(lib_a-jp2uc.o)
 .rodata.a3     0x00000000020b5598       0x5b /opt/devkitpro/devkitARM/lib/gcc/arm-none-eabi/8.3.0/../../../../arm-none-eabi/lib/thumb/libg.a(lib_a-jp2uc.o)
 *fill*         0x00000000020b55f3        0x1 ff
 .rodata.a6     0x00000000020b55f4       0x70 /opt/devkitpro/devkitARM/lib/gcc/arm-none-eabi/8.3.0/../../../../arm-none-eabi/lib/thumb/libg.a(lib_a-jp2uc.o)
 .rodata.a7     0x00000000020b5664       0xa2 /opt/devkitpro/devkitARM/lib/gcc/arm-none-eabi/8.3.0/../../../../arm-none-eabi/lib/thumb/libg.a(lib_a-jp2uc.o)
 *fill*         0x00000000020b5706        0x2 ff
 .rodata.a8     0x00000000020b5708       0x40 /opt/devkitpro/devkitARM/lib/gcc/arm-none-eabi/8.3.0/../../../../arm-none-eabi/lib/thumb/libg.a(lib_a-jp2uc.o)
 .rodata.b02cf  0x00000000020b5748     0x172a /opt/devkitpro/devkitARM/lib/gcc/arm-none-eabi/8.3.0/../../../../arm-none-eabi/lib/thumb/libg.a(lib_a-jp2uc.o)
 *fill*         0x00000000020b6e72        0x2 ff
 .rodata.d02f4  0x00000000020b6e74     0x1a7c /opt/devkitpro/devkitARM/lib/gcc/arm-none-eabi/8.3.0/../../../../arm-none-eabi/lib/thumb/libg.a(lib_a-jp2uc.o)
 .rodata.categories
                0x00000000020b88f0     0x309c /opt/devkitpro/devkitARM/lib/gcc/arm-none-eabi/8.3.0/../../../../arm-none-eabi/lib/thumb/libg.a(lib_a-categories.o)
 .rodata.AddDevice.str1.4
                0x00000000020bb98c        0x8 /opt/devkitpro/devkitARM/lib/gcc/arm-none-eabi/8.3.0/../../../../arm-none-eabi/lib/thumb/libsysbase.a(iosupport.o)
 .rodata.dotab_stdnull
                0x00000000020bb994       0x70 /opt/devkitpro/devkitARM/lib/gcc/arm-none-eabi/8.3.0/../../../../arm-none-eabi/lib/thumb/libsysbase.a(iosupport.o)
                0x00000000020bb994                dotab_stdnull
 *(EXCLUDE_FILE(*.twl*) .gnu.linkonce.r*)
                0x00000000020bba04                . = ALIGN (0x4)

.ARM.extab
 *(.ARM.extab* .gnu.linkonce.armextab.*)
                0x00000000020bba04                __exidx_start = .

ARM.exidx
 *(.ARM.exidx* .gnu.linkonce.armexidx.*)
                0x00000000020bba04                __exidx_end = .
                0x00000000020bba04                . = ALIGN (0x4)
                0x00000000020bba04                PROVIDE (__preinit_array_start = .)

.preinit_array
 *(.preinit_array)
                0x00000000020bba04                PROVIDE (__preinit_array_end = .)
                0x00000000020bba04                PROVIDE (__init_array_start = .)

.init_array     0x00000000020bba04        0x4
 *(SORT_BY_NAME(.init_array.*))
 *(.init_array)
 .init_array    0x00000000020bba04        0x4 /opt/devkitpro/devkitARM/lib/gcc/arm-none-eabi/8.3.0/thumb/crtbegin.o
                0x00000000020bba08                PROVIDE (__init_array_end = .)
                [!provide]                        PROVIDE (__fini_array_start = .)

.fini_array     0x00000000020bba08        0x4
 *(.fini_array)
 .fini_array    0x00000000020bba08        0x4 /opt/devkitpro/devkitARM/lib/gcc/arm-none-eabi/8.3.0/thumb/crtbegin.o
 *(SORT_BY_NAME(.fini_array.*))
                [!provide]                        PROVIDE (__fini_array_end = .)

.ctors          0x00000000020bba0c        0x0
 *crtbegin.o(.ctors)
 *(EXCLUDE_FILE(*crtend.o) .ctors)
 *(SORT_BY_NAME(.ctors.*))
 *(.ctors)
                0x00000000020bba0c                . = ALIGN (0x4)

.dtors          0x00000000020bba0c        0x0
 *crtbegin.o(.dtors)
 *(EXCLUDE_FILE(*crtend.o) .dtors)
 *(SORT_BY_NAME(.dtors.*))
 *(.dtors)
                0x00000000020bba0c                . = ALIGN (0x4)

.eh_frame       0x00000000020bba0c        0x4
 *(.eh_frame)
 .eh_frame      0x00000000020bba0c        0x0 /opt/devkitpro/devkitARM/lib/gcc/arm-none-eabi/8.3.0/thumb/crtbegin.o
 .eh_frame      0x00000000020bba0c        0x4 /opt/devkitpro/devkitARM/lib/gcc/arm-none-eabi/8.3.0/thumb/crtend.o
                0x00000000020bba10                . = ALIGN (0x4)

.rel.dyn        0x00000000020bba10        0x0
 .rel.iplt      0x00000000020bba10        0x0 /opt/devkitpro/devkitARM/lib/gcc/arm-none-eabi/8.3.0/../../../../arm-none-eabi/lib/thumb/ds_arm9_crt0.o

.gcc_except_table
                0x00000000020bba10        0x0
 *(.gcc_except_table)
                0x00000000020bba10                . = ALIGN (0x4)

.jcr
 *(.jcr)

.got
 *(.got.plt)
 *(.got)
 *(.rel.got)

.ewram          0x00000000020bba10        0x0
                0x00000000020bba10                __ewram_start = ABSOLUTE (.)
 *(.ewram)
 *ewram.*(.text)
                0x00000000020bba10                . = ALIGN (0x4)

.data           0x00000000020bba10     0x23e8
                0x00000000020bba10                __data_start = ABSOLUTE (.)
 *(EXCLUDE_FILE(*.twl*) .data)
 .data          0x00000000020bba10      0x800 spriteak.o
                0x00000000020bba10                pelotaMorea
                0x00000000020bbb10                paloteGorria
                0x00000000020bbc10                paloteUrdina
                0x00000000020bbd10                erronboHandia
                0x00000000020bc110                erronbo
 .data          0x00000000020bc210        0x4 zerbitzuErrutinak.o
                0x00000000020bc210                y
 .data          0x00000000020bc214       0x28 /opt/devkitpro/libnds/lib/libnds9.a(mpu_setup.o)
 *(EXCLUDE_FILE(*.twl*) .data.*)
 .data.currentConsole
                0x00000000020bc23c        0x4 /opt/devkitpro/libnds/lib/libnds9.a(console.o)
                0x00000000020bc23c                currentConsole
 .data.defaultConsole
                0x00000000020bc240       0x5c /opt/devkitpro/libnds/lib/libnds9.a(console.o)
                0x00000000020bc240                defaultConsole
 .data.firstConsoleInit.6889
                0x00000000020bc29c        0x1 /opt/devkitpro/libnds/lib/libnds9.a(console.o)
 *fill*         0x00000000020bc29d        0x3 ff
 .data.oamMain  0x00000000020bc2a0       0x18 /opt/devkitpro/libnds/lib/libnds9.a(sprite.o)
                0x00000000020bc2a0                oamMain
 .data.oamSub   0x00000000020bc2b8       0x18 /opt/devkitpro/libnds/lib/libnds9.a(sprite.o)
                0x00000000020bc2b8                oamSub
 .data.fifo_buffer_free
                0x00000000020bc2d0        0x4 /opt/devkitpro/libnds/lib/libnds9.a(fifosystem.o)
                0x00000000020bc2d0                fifo_buffer_free
 .data.fifo_freewords
                0x00000000020bc2d4        0x4 /opt/devkitpro/libnds/lib/libnds9.a(fifosystem.o)
                0x00000000020bc2d4                fifo_freewords
 .data.fifo_receive_queue
                0x00000000020bc2d8        0x4 /opt/devkitpro/libnds/lib/libnds9.a(fifosystem.o)
                0x00000000020bc2d8                fifo_receive_queue
 .data.fifo_send_queue
                0x00000000020bc2dc        0x4 /opt/devkitpro/libnds/lib/libnds9.a(fifosystem.o)
                0x00000000020bc2dc                fifo_send_queue
 .data.bgControl
                0x00000000020bc2e0       0x20 /opt/devkitpro/libnds/lib/libnds9.a(background.o)
                0x00000000020bc2e0                bgControl
 .data.bgScrollTable
                0x00000000020bc300       0x20 /opt/devkitpro/libnds/lib/libnds9.a(background.o)
                0x00000000020bc300                bgScrollTable
 .data.bgTransform
                0x00000000020bc320       0x20 /opt/devkitpro/libnds/lib/libnds9.a(background.o)
                0x00000000020bc320                bgTransform
 .data.__malloc_av_
                0x00000000020bc340      0x408 /opt/devkitpro/devkitARM/lib/gcc/arm-none-eabi/8.3.0/../../../../arm-none-eabi/lib/thumb/libg.a(lib_a-mallocr.o)
                0x00000000020bc340                __malloc_av_
 .data.__malloc_sbrk_base
                0x00000000020bc748        0x4 /opt/devkitpro/devkitARM/lib/gcc/arm-none-eabi/8.3.0/../../../../arm-none-eabi/lib/thumb/libg.a(lib_a-mallocr.o)
                0x00000000020bc748                __malloc_sbrk_base
 .data.__malloc_trim_threshold
                0x00000000020bc74c        0x4 /opt/devkitpro/devkitARM/lib/gcc/arm-none-eabi/8.3.0/../../../../arm-none-eabi/lib/thumb/libg.a(lib_a-mallocr.o)
                0x00000000020bc74c                __malloc_trim_threshold
 .data.__malloc_recursive_mutex
                0x00000000020bc750        0xc /opt/devkitpro/devkitARM/lib/gcc/arm-none-eabi/8.3.0/../../../../arm-none-eabi/lib/thumb/libg.a(lib_a-mlock.o)
 .data.__sfp_recursive_mutex
                0x00000000020bc75c        0xc /opt/devkitpro/devkitARM/lib/gcc/arm-none-eabi/8.3.0/../../../../arm-none-eabi/lib/thumb/libg.a(lib_a-findfp.o)
 .data.__sinit_recursive_mutex
                0x00000000020bc768        0xc /opt/devkitpro/devkitARM/lib/gcc/arm-none-eabi/8.3.0/../../../../arm-none-eabi/lib/thumb/libg.a(lib_a-findfp.o)
 .data._impure_ptr
                0x00000000020bc774        0x4 /opt/devkitpro/devkitARM/lib/gcc/arm-none-eabi/8.3.0/../../../../arm-none-eabi/lib/thumb/libg.a(lib_a-impure.o)
                0x00000000020bc774                _impure_ptr
 .data.impure_data
                0x00000000020bc778      0x460 /opt/devkitpro/devkitARM/lib/gcc/arm-none-eabi/8.3.0/../../../../arm-none-eabi/lib/thumb/libg.a(lib_a-impure.o)
 .data.__global_locale
                0x00000000020bcbd8      0x16c /opt/devkitpro/devkitARM/lib/gcc/arm-none-eabi/8.3.0/../../../../arm-none-eabi/lib/thumb/libg.a(lib_a-locale.o)
                0x00000000020bcbd8                __global_locale
 .data.devoptab_list
                0x00000000020bcd44       0x8c /opt/devkitpro/devkitARM/lib/gcc/arm-none-eabi/8.3.0/../../../../arm-none-eabi/lib/thumb/libsysbase.a(iosupport.o)
                0x00000000020bcd44                devoptab_list
 .data.__hndl_lock
                0x00000000020bcdd0        0x4 /opt/devkitpro/devkitARM/lib/gcc/arm-none-eabi/8.3.0/../../../../arm-none-eabi/lib/thumb/libsysbase.a(handle_manager.o)
 .data.__stderr_handle
                0x00000000020bcdd4        0xc /opt/devkitpro/devkitARM/lib/gcc/arm-none-eabi/8.3.0/../../../../arm-none-eabi/lib/thumb/libsysbase.a(handle_manager.o)
 .data.__stdin_handle
                0x00000000020bcde0        0xc /opt/devkitpro/devkitARM/lib/gcc/arm-none-eabi/8.3.0/../../../../arm-none-eabi/lib/thumb/libsysbase.a(handle_manager.o)
 .data.__stdout_handle
                0x00000000020bcdec        0xc /opt/devkitpro/devkitARM/lib/gcc/arm-none-eabi/8.3.0/../../../../arm-none-eabi/lib/thumb/libsysbase.a(handle_manager.o)
 .data.handles  0x00000000020bcdf8     0x1000 /opt/devkitpro/devkitARM/lib/gcc/arm-none-eabi/8.3.0/../../../../arm-none-eabi/lib/thumb/libsysbase.a(handle_manager.o)
 *(EXCLUDE_FILE(*.twl*) .gnu.linkonce.d*)
                0x00000000020bddf8                . = ALIGN (0x4)
                0x00000000020bddf8                __data_end = ABSOLUTE (.)
                0x00000000020bddf8                __bss_vma = .

.igot.plt       0x00000000020bddf8        0x0
 .igot.plt      0x00000000020bddf8        0x0 /opt/devkitpro/devkitARM/lib/gcc/arm-none-eabi/8.3.0/../../../../arm-none-eabi/lib/thumb/ds_arm9_crt0.o

.tm_clone_table
                0x00000000020bddf8        0x0
 .tm_clone_table
                0x00000000020bddf8        0x0 /opt/devkitpro/devkitARM/lib/gcc/arm-none-eabi/8.3.0/thumb/crtbegin.o
 .tm_clone_table
                0x00000000020bddf8        0x0 /opt/devkitpro/devkitARM/lib/gcc/arm-none-eabi/8.3.0/thumb/crtend.o

.dtcm           0x000000000b000000        0x0 load address 0x00000000020bddf8
                0x00000000020bddf8                __dtcm_lma = LOADADDR (.dtcm)
                0x000000000b000000                __dtcm_start = ABSOLUTE (.)
 *(.dtcm)
 *(.dtcm.*)
                0x000000000b000000                . = ALIGN (0x4)
                0x000000000b000000                __dtcm_end = ABSOLUTE (.)

.itcm           0x0000000001000100      0x194 load address 0x00000000020bddf8
                0x00000000020bddf8                __itcm_lma = LOADADDR (.itcm)
                0x0000000001000100                __itcm_start = ABSOLUTE (.)
 *(.itcm)
 .itcm          0x0000000001000100       0xc8 /opt/devkitpro/libnds/lib/libnds9.a(interrupts.o)
                0x0000000001000100                irqTable
 .itcm          0x00000000010001c8       0xcc /opt/devkitpro/libnds/lib/libnds9.a(interruptDispatcher.o)
                0x00000000010001c8                IntrMain
 *.itcm*(.text .stub .text.*)
                0x0000000001000294                . = ALIGN (0x4)
                0x0000000001000294                __itcm_end = ABSOLUTE (.)

.vectors        0x0000000001000000        0x0 load address 0x00000000020bdf8c
                0x00000000020bdf8c                __vectors_lma = LOADADDR (.vectors)
                0x0000000001000000                __vectors_start = ABSOLUTE (.)
 *(.vectors .vectors.*)
                0x0000000001000000                . = ALIGN (0x4)
                0x0000000001000000                __vectors_end = ABSOLUTE (.)

.sbss           0x000000000b000000        0x0
                0x000000000b000000                __sbss_start = ABSOLUTE (.)
                0x000000000b000000                __sbss_start__ = ABSOLUTE (.)
 *(.sbss)
                0x000000000b000000                . = ALIGN (0x4)
                0x000000000b000000                __sbss_end = ABSOLUTE (.)

.bss            0x00000000020bddf8     0x14bc
                0x00000000020bddf8                __bss_start = ABSOLUTE (.)
                0x00000000020bddf8                __bss_start__ = ABSOLUTE (.)
 *(EXCLUDE_FILE(*.twl*) .dynbss)
 *(EXCLUDE_FILE(*.twl*) .gnu.linkonce.b*)
 *(EXCLUDE_FILE(*.twl*) .bss*)
 .bss.completed.9044
                0x00000000020bddf8        0x1 /opt/devkitpro/devkitARM/lib/gcc/arm-none-eabi/8.3.0/thumb/crtbegin.o
 *fill*         0x00000000020bddf9        0x3 
 .bss.object.9049
                0x00000000020bddfc       0x18 /opt/devkitpro/devkitARM/lib/gcc/arm-none-eabi/8.3.0/thumb/crtbegin.o
 .bss           0x00000000020bde14        0xc zerbitzuErrutinak.o
 .bss.SDcallback
                0x00000000020bde20        0x4 /opt/devkitpro/libnds/lib/libnds9.a(system.o)
 .bss.processing
                0x00000000020bde24        0x4 /opt/devkitpro/libnds/lib/libnds9.a(fifosystem.o)
                0x00000000020bde24                processing
 .bss.__malloc_current_mallinfo
                0x00000000020bde28       0x28 /opt/devkitpro/devkitARM/lib/gcc/arm-none-eabi/8.3.0/../../../../arm-none-eabi/lib/thumb/libg.a(lib_a-mallocr.o)
                0x00000000020bde28                __malloc_current_mallinfo
 .bss.__malloc_max_sbrked_mem
                0x00000000020bde50        0x4 /opt/devkitpro/devkitARM/lib/gcc/arm-none-eabi/8.3.0/../../../../arm-none-eabi/lib/thumb/libg.a(lib_a-mallocr.o)
                0x00000000020bde50                __malloc_max_sbrked_mem
 .bss.__malloc_max_total_mem
                0x00000000020bde54        0x4 /opt/devkitpro/devkitARM/lib/gcc/arm-none-eabi/8.3.0/../../../../arm-none-eabi/lib/thumb/libg.a(lib_a-mallocr.o)
                0x00000000020bde54                __malloc_max_total_mem
 .bss.__malloc_top_pad
                0x00000000020bde58        0x4 /opt/devkitpro/devkitARM/lib/gcc/arm-none-eabi/8.3.0/../../../../arm-none-eabi/lib/thumb/libg.a(lib_a-mallocr.o)
                0x00000000020bde58                __malloc_top_pad
 .bss.heap_start.6107
                0x00000000020bde5c        0x4 /opt/devkitpro/devkitARM/lib/gcc/arm-none-eabi/8.3.0/../../../../arm-none-eabi/lib/thumb/libsysbase.a(sbrk.o)
 .bss.fake_heap_end
                0x00000000020bde60        0x4 /opt/devkitpro/devkitARM/lib/gcc/arm-none-eabi/8.3.0/../../../../arm-none-eabi/lib/thumb/libsysbase.a(malloc_vars.o)
                0x00000000020bde60                fake_heap_end
 .bss.fake_heap_start
                0x00000000020bde64        0x4 /opt/devkitpro/devkitARM/lib/gcc/arm-none-eabi/8.3.0/../../../../arm-none-eabi/lib/thumb/libsysbase.a(malloc_vars.o)
                0x00000000020bde64                fake_heap_start
 .bss.__syscalls
                0x00000000020bde68       0x48 /opt/devkitpro/devkitARM/lib/gcc/arm-none-eabi/8.3.0/../../../../arm-none-eabi/lib/thumb/libsysbase.a(syscall_support.o)
                0x00000000020bde68                __syscalls
 *(EXCLUDE_FILE(*.twl*) COMMON)
 COMMON         0x00000000020bdeb0       0x14 spriteak.o
                0x00000000020bdeb0                gfxpaloteGorria
                0x00000000020bdeb4                gfxerronbo
                0x00000000020bdeb8                gfxerronboHandia
                0x00000000020bdebc                gfxpaloteUrdina
                0x00000000020bdec0                gfxpelotaMorea
 COMMON         0x00000000020bdec4        0x4 zerbitzuErrutinak.o
                0x00000000020bdec4                EGOERA
 COMMON         0x00000000020bdec8       0x5c /opt/devkitpro/libnds/lib/libnds9.a(console.o)
                0x00000000020bdec8                currentCopy
 COMMON         0x00000000020bdf24      0x800 /opt/devkitpro/libnds/lib/libnds9.a(sprite.o)
                0x00000000020bdf24                OamMemorySub
                0x00000000020be324                OamMemory
 COMMON         0x00000000020be724        0x1 /opt/devkitpro/libnds/lib/libnds9.a(initSystem.o)
                0x00000000020be724                __dsimode
 *fill*         0x00000000020be725        0x3 
 COMMON         0x00000000020be728        0x4 /opt/devkitpro/libnds/lib/libnds9.a(timeSupport.o)
                0x00000000020be728                punixTime
 COMMON         0x00000000020be72c      0xa40 /opt/devkitpro/libnds/lib/libnds9.a(fifosystem.o)
                0x00000000020be72c                fifo_datamsg_data
                0x00000000020be76c                fifo_buffer
                0x00000000020bef6c                fifo_value32_func
                0x00000000020befac                fifo_address_func
                0x00000000020befec                fifo_value32_data
                0x00000000020bf02c                fifo_value32_queue
                0x00000000020bf06c                fifo_data_queue
                0x00000000020bf0ac                fifo_address_data
                0x00000000020bf0ec                fifo_datamsg_func
                0x00000000020bf12c                fifo_address_queue
 COMMON         0x00000000020bf16c      0x148 /opt/devkitpro/libnds/lib/libnds9.a(background.o)
                0x00000000020bf16c                bgState
                0x00000000020bf2ac                bgIsTextLut
                0x00000000020bf2b4                . = ALIGN (0x4)
                0x00000000020bf2b4                __bss_end__ = ABSOLUTE (.)
                0x00000000020bf2b4                __end__ = ABSOLUTE (.)

.twl            0x00000000020bf2b4        0x0 load address 0x0000000002400000
                0x0000000002400000                __arm9i_lma__ = LOADADDR (.twl)
                0x00000000020bf2b4                __arm9i_start__ = ABSOLUTE (.)
 *(.twl)
 *.twl*(.text .stub .text.* .gnu.linkonce.t.*)
 *.twl*(.rodata)
 *.twl*(.roda)
 *.twl*(.rodata.*)
 *.twl*(.data)
 *.twl*(.data.*)
 *.twl*(.gnu.linkonce.d*)
                0x00000000020bf2b4                __arm9i_end__ = ABSOLUTE (.)

.twl_bss        0x00000000020bf2b4        0x0
                0x00000000020bf2b4                __twl_bss_start__ = ABSOLUTE (.)
 *(.twl_bss)
 *.twl*(.dynbss)
 *.twl*(.gnu.linkonce.b*)
 *.twl*(.bss*)
 *.twl*(COMMON)
                0x00000000020bf2b4                . = ALIGN (0x4)
                0x00000000020bf2b4                __twl_bss_end__ = ABSOLUTE (.)
                0x00000000020bf2b4                __twl_end__ = ABSOLUTE (.)

.stab
 *(.stab)

.stabstr
 *(.stabstr)

.stab.excl
 *(.stab.excl)

.stab.exclstr
 *(.stab.exclstr)

.stab.index
 *(.stab.index)

.stab.indexstr
 *(.stab.indexstr)

.comment        0x0000000000000000       0x46
 *(.comment)
 .comment       0x0000000000000000       0x24 /opt/devkitpro/devkitARM/lib/gcc/arm-none-eabi/8.3.0/thumb/crtbegin.o
                                         0x25 (size before relaxing)
 .comment       0x0000000000000024       0x25 jokoa01.o
 .comment       0x0000000000000024       0x25 grafikoak.o
 .comment       0x0000000000000024       0x25 spriteak.o
 .comment       0x0000000000000024       0x25 periferikoak.o
 .comment       0x0000000000000024       0x25 main.o
 .comment       0x0000000000000024       0x25 zerbitzuErrutinak.o
 .comment       0x0000000000000024       0x25 fondoak.o
 .comment       0x0000000000000024       0x22 /opt/devkitpro/libnds/lib/libnds9.a(video.o)
                                         0x23 (size before relaxing)
 .comment       0x0000000000000046       0x23 /opt/devkitpro/libnds/lib/libnds9.a(touch.o)
 .comment       0x0000000000000046       0x23 /opt/devkitpro/libnds/lib/libnds9.a(sprite_alloc.o)
 .comment       0x0000000000000046       0x23 /opt/devkitpro/libnds/lib/libnds9.a(system.o)
 .comment       0x0000000000000046       0x23 /opt/devkitpro/libnds/lib/libnds9.a(console.o)
 .comment       0x0000000000000046       0x23 /opt/devkitpro/libnds/lib/libnds9.a(sprite.o)
 .comment       0x0000000000000046       0x23 /opt/devkitpro/libnds/lib/libnds9.a(initSystem.o)
 .comment       0x0000000000000046       0x23 /opt/devkitpro/libnds/lib/libnds9.a(timeSupport.o)
 .comment       0x0000000000000046       0x23 /opt/devkitpro/libnds/lib/libnds9.a(securearea.o)
 .comment       0x0000000000000046       0x23 /opt/devkitpro/libnds/lib/libnds9.a(interrupts.o)
 .comment       0x0000000000000046       0x23 /opt/devkitpro/libnds/lib/libnds9.a(libnds_exit.arm.o)
 .comment       0x0000000000000046       0x23 /opt/devkitpro/libnds/lib/libnds9.a(fifosystem.o)
 .comment       0x0000000000000046       0x23 /opt/devkitpro/libnds/lib/libnds9.a(background.o)
 .comment       0x0000000000000046       0x23 /opt/devkitpro/libnds/lib/libnds9.a(trig.o)
 .comment       0x0000000000000046       0x25 /opt/devkitpro/devkitARM/lib/gcc/arm-none-eabi/8.3.0/../../../../arm-none-eabi/lib/thumb/libg.a(lib_a-init.o)
 .comment       0x0000000000000046       0x25 /opt/devkitpro/devkitARM/lib/gcc/arm-none-eabi/8.3.0/../../../../arm-none-eabi/lib/thumb/libg.a(lib_a-iprintf.o)
 .comment       0x0000000000000046       0x25 /opt/devkitpro/devkitARM/lib/gcc/arm-none-eabi/8.3.0/../../../../arm-none-eabi/lib/thumb/libg.a(lib_a-malloc.o)
 .comment       0x0000000000000046       0x25 /opt/devkitpro/devkitARM/lib/gcc/arm-none-eabi/8.3.0/../../../../arm-none-eabi/lib/thumb/libg.a(lib_a-mallocr.o)
 .comment       0x0000000000000046       0x25 /opt/devkitpro/devkitARM/lib/gcc/arm-none-eabi/8.3.0/../../../../arm-none-eabi/lib/thumb/libg.a(lib_a-memcpy-stub.o)
 .comment       0x0000000000000046       0x25 /opt/devkitpro/devkitARM/lib/gcc/arm-none-eabi/8.3.0/../../../../arm-none-eabi/lib/thumb/libg.a(lib_a-memset.o)
 .comment       0x0000000000000046       0x25 /opt/devkitpro/devkitARM/lib/gcc/arm-none-eabi/8.3.0/../../../../arm-none-eabi/lib/thumb/libg.a(lib_a-mlock.o)
 .comment       0x0000000000000046       0x25 /opt/devkitpro/devkitARM/lib/gcc/arm-none-eabi/8.3.0/../../../../arm-none-eabi/lib/thumb/libg.a(lib_a-realloc.o)
 .comment       0x0000000000000046       0x25 /opt/devkitpro/devkitARM/lib/gcc/arm-none-eabi/8.3.0/../../../../arm-none-eabi/lib/thumb/libg.a(lib_a-reallocr.o)
 .comment       0x0000000000000046       0x25 /opt/devkitpro/devkitARM/lib/gcc/arm-none-eabi/8.3.0/../../../../arm-none-eabi/lib/thumb/libg.a(lib_a-setvbuf.o)
 .comment       0x0000000000000046       0x25 /opt/devkitpro/devkitARM/lib/gcc/arm-none-eabi/8.3.0/../../../../arm-none-eabi/lib/thumb/libg.a(lib_a-siscanf.o)
 .comment       0x0000000000000046       0x25 /opt/devkitpro/devkitARM/lib/gcc/arm-none-eabi/8.3.0/../../../../arm-none-eabi/lib/thumb/libg.a(lib_a-stdio.o)
 .comment       0x0000000000000046       0x25 /opt/devkitpro/devkitARM/lib/gcc/arm-none-eabi/8.3.0/../../../../arm-none-eabi/lib/thumb/libg.a(lib_a-strlen-stub.o)
 .comment       0x0000000000000046       0x25 /opt/devkitpro/devkitARM/lib/gcc/arm-none-eabi/8.3.0/../../../../arm-none-eabi/lib/thumb/libg.a(lib_a-svfiscanf.o)
 .comment       0x0000000000000046       0x25 /opt/devkitpro/devkitARM/lib/gcc/arm-none-eabi/8.3.0/../../../../arm-none-eabi/lib/thumb/libg.a(lib_a-ungetc.o)
 .comment       0x0000000000000046       0x25 /opt/devkitpro/devkitARM/lib/gcc/arm-none-eabi/8.3.0/../../../../arm-none-eabi/lib/thumb/libg.a(lib_a-vfiprintf.o)
 .comment       0x0000000000000046       0x25 /opt/devkitpro/devkitARM/lib/gcc/arm-none-eabi/8.3.0/../../../../arm-none-eabi/lib/thumb/libg.a(lib_a-wcrtomb.o)
 .comment       0x0000000000000046       0x25 /opt/devkitpro/devkitARM/lib/gcc/arm-none-eabi/8.3.0/../../../../arm-none-eabi/lib/thumb/libg.a(lib_a-wcsrtombs.o)
 .comment       0x0000000000000046       0x25 /opt/devkitpro/devkitARM/lib/gcc/arm-none-eabi/8.3.0/../../../../arm-none-eabi/lib/thumb/libg.a(lib_a-wsetup.o)
 .comment       0x0000000000000046       0x25 /opt/devkitpro/devkitARM/lib/gcc/arm-none-eabi/8.3.0/../../../../arm-none-eabi/lib/thumb/libg.a(lib_a-ctype_.o)
 .comment       0x0000000000000046       0x25 /opt/devkitpro/devkitARM/lib/gcc/arm-none-eabi/8.3.0/../../../../arm-none-eabi/lib/thumb/libg.a(lib_a-fflush.o)
 .comment       0x0000000000000046       0x25 /opt/devkitpro/devkitARM/lib/gcc/arm-none-eabi/8.3.0/../../../../arm-none-eabi/lib/thumb/libg.a(lib_a-findfp.o)
 .comment       0x0000000000000046       0x25 /opt/devkitpro/devkitARM/lib/gcc/arm-none-eabi/8.3.0/../../../../arm-none-eabi/lib/thumb/libg.a(lib_a-freer.o)
 .comment       0x0000000000000046       0x25 /opt/devkitpro/devkitARM/lib/gcc/arm-none-eabi/8.3.0/../../../../arm-none-eabi/lib/thumb/libg.a(lib_a-fvwrite.o)
 .comment       0x0000000000000046       0x25 /opt/devkitpro/devkitARM/lib/gcc/arm-none-eabi/8.3.0/../../../../arm-none-eabi/lib/thumb/libg.a(lib_a-fwalk.o)
 .comment       0x0000000000000046       0x25 /opt/devkitpro/devkitARM/lib/gcc/arm-none-eabi/8.3.0/../../../../arm-none-eabi/lib/thumb/libg.a(lib_a-impure.o)
 .comment       0x0000000000000046       0x25 /opt/devkitpro/devkitARM/lib/gcc/arm-none-eabi/8.3.0/../../../../arm-none-eabi/lib/thumb/libg.a(lib_a-iswspace.o)
 .comment       0x0000000000000046       0x25 /opt/devkitpro/devkitARM/lib/gcc/arm-none-eabi/8.3.0/../../../../arm-none-eabi/lib/thumb/libg.a(lib_a-localeconv.o)
 .comment       0x0000000000000046       0x25 /opt/devkitpro/devkitARM/lib/gcc/arm-none-eabi/8.3.0/../../../../arm-none-eabi/lib/thumb/libg.a(lib_a-locale.o)
 .comment       0x0000000000000046       0x25 /opt/devkitpro/devkitARM/lib/gcc/arm-none-eabi/8.3.0/../../../../arm-none-eabi/lib/thumb/libg.a(lib_a-makebuf.o)
 .comment       0x0000000000000046       0x25 /opt/devkitpro/devkitARM/lib/gcc/arm-none-eabi/8.3.0/../../../../arm-none-eabi/lib/thumb/libg.a(lib_a-mbrtowc.o)
 .comment       0x0000000000000046       0x25 /opt/devkitpro/devkitARM/lib/gcc/arm-none-eabi/8.3.0/../../../../arm-none-eabi/lib/thumb/libg.a(lib_a-mbtowc_r.o)
 .comment       0x0000000000000046       0x25 /opt/devkitpro/devkitARM/lib/gcc/arm-none-eabi/8.3.0/../../../../arm-none-eabi/lib/thumb/libg.a(lib_a-memchr-stub.o)
 .comment       0x0000000000000046       0x25 /opt/devkitpro/devkitARM/lib/gcc/arm-none-eabi/8.3.0/../../../../arm-none-eabi/lib/thumb/libg.a(lib_a-memmove.o)
 .comment       0x0000000000000046       0x25 /opt/devkitpro/devkitARM/lib/gcc/arm-none-eabi/8.3.0/../../../../arm-none-eabi/lib/thumb/libg.a(lib_a-sccl.o)
 .comment       0x0000000000000046       0x25 /opt/devkitpro/devkitARM/lib/gcc/arm-none-eabi/8.3.0/../../../../arm-none-eabi/lib/thumb/libg.a(lib_a-strncpy.o)
 .comment       0x0000000000000046       0x25 /opt/devkitpro/devkitARM/lib/gcc/arm-none-eabi/8.3.0/../../../../arm-none-eabi/lib/thumb/libg.a(lib_a-strtoll.o)
 .comment       0x0000000000000046       0x25 /opt/devkitpro/devkitARM/lib/gcc/arm-none-eabi/8.3.0/../../../../arm-none-eabi/lib/thumb/libg.a(lib_a-strtol.o)
 .comment       0x0000000000000046       0x25 /opt/devkitpro/devkitARM/lib/gcc/arm-none-eabi/8.3.0/../../../../arm-none-eabi/lib/thumb/libg.a(lib_a-strtoull.o)
 .comment       0x0000000000000046       0x25 /opt/devkitpro/devkitARM/lib/gcc/arm-none-eabi/8.3.0/../../../../arm-none-eabi/lib/thumb/libg.a(lib_a-strtoul.o)
 .comment       0x0000000000000046       0x25 /opt/devkitpro/devkitARM/lib/gcc/arm-none-eabi/8.3.0/../../../../arm-none-eabi/lib/thumb/libg.a(lib_a-svfiprintf.o)
 .comment       0x0000000000000046       0x25 /opt/devkitpro/devkitARM/lib/gcc/arm-none-eabi/8.3.0/../../../../arm-none-eabi/lib/thumb/libg.a(lib_a-wcsnrtombs.o)
 .comment       0x0000000000000046       0x25 /opt/devkitpro/devkitARM/lib/gcc/arm-none-eabi/8.3.0/../../../../arm-none-eabi/lib/thumb/libg.a(lib_a-wctomb_r.o)
 .comment       0x0000000000000046       0x25 /opt/devkitpro/devkitARM/lib/gcc/arm-none-eabi/8.3.0/../../../../arm-none-eabi/lib/thumb/libg.a(lib_a-fclose.o)
 .comment       0x0000000000000046       0x25 /opt/devkitpro/devkitARM/lib/gcc/arm-none-eabi/8.3.0/../../../../arm-none-eabi/lib/thumb/libg.a(lib_a-iswspace_l.o)
 .comment       0x0000000000000046       0x25 /opt/devkitpro/devkitARM/lib/gcc/arm-none-eabi/8.3.0/../../../../arm-none-eabi/lib/thumb/libg.a(lib_a-jp2uc.o)
 .comment       0x0000000000000046       0x25 /opt/devkitpro/devkitARM/lib/gcc/arm-none-eabi/8.3.0/../../../../arm-none-eabi/lib/thumb/libg.a(lib_a-categories.o)
 .comment       0x0000000000000046       0x25 /opt/devkitpro/devkitARM/lib/gcc/arm-none-eabi/8.3.0/../../../../arm-none-eabi/lib/thumb/libsysbase.a(iosupport.o)
 .comment       0x0000000000000046       0x25 /opt/devkitpro/devkitARM/lib/gcc/arm-none-eabi/8.3.0/../../../../arm-none-eabi/lib/thumb/libsysbase.a(close.o)
 .comment       0x0000000000000046       0x25 /opt/devkitpro/devkitARM/lib/gcc/arm-none-eabi/8.3.0/../../../../arm-none-eabi/lib/thumb/libsysbase.a(fstat.o)
 .comment       0x0000000000000046       0x25 /opt/devkitpro/devkitARM/lib/gcc/arm-none-eabi/8.3.0/../../../../arm-none-eabi/lib/thumb/libsysbase.a(isatty.o)
 .comment       0x0000000000000046       0x25 /opt/devkitpro/devkitARM/lib/gcc/arm-none-eabi/8.3.0/../../../../arm-none-eabi/lib/thumb/libsysbase.a(lseek.o)
 .comment       0x0000000000000046       0x25 /opt/devkitpro/devkitARM/lib/gcc/arm-none-eabi/8.3.0/../../../../arm-none-eabi/lib/thumb/libsysbase.a(read.o)
 .comment       0x0000000000000046       0x25 /opt/devkitpro/devkitARM/lib/gcc/arm-none-eabi/8.3.0/../../../../arm-none-eabi/lib/thumb/libsysbase.a(sbrk.o)
 .comment       0x0000000000000046       0x25 /opt/devkitpro/devkitARM/lib/gcc/arm-none-eabi/8.3.0/../../../../arm-none-eabi/lib/thumb/libsysbase.a(write.o)
 .comment       0x0000000000000046       0x25 /opt/devkitpro/devkitARM/lib/gcc/arm-none-eabi/8.3.0/../../../../arm-none-eabi/lib/thumb/libsysbase.a(malloc_vars.o)
 .comment       0x0000000000000046       0x25 /opt/devkitpro/devkitARM/lib/gcc/arm-none-eabi/8.3.0/../../../../arm-none-eabi/lib/thumb/libsysbase.a(build_argv.o)
 .comment       0x0000000000000046       0x25 /opt/devkitpro/devkitARM/lib/gcc/arm-none-eabi/8.3.0/../../../../arm-none-eabi/lib/thumb/libsysbase.a(flock.o)
 .comment       0x0000000000000046       0x25 /opt/devkitpro/devkitARM/lib/gcc/arm-none-eabi/8.3.0/../../../../arm-none-eabi/lib/thumb/libsysbase.a(syscall_support.o)
 .comment       0x0000000000000046       0x25 /opt/devkitpro/devkitARM/lib/gcc/arm-none-eabi/8.3.0/../../../../arm-none-eabi/lib/thumb/libsysbase.a(handle_manager.o)
 .comment       0x0000000000000046       0x25 /opt/devkitpro/devkitARM/lib/gcc/arm-none-eabi/8.3.0/../../../../arm-none-eabi/lib/thumb/libsysbase.a(getreent.o)
 .comment       0x0000000000000046       0x25 /opt/devkitpro/devkitARM/lib/gcc/arm-none-eabi/8.3.0/thumb/libgcc.a(_muldi3.o)
 .comment       0x0000000000000046       0x25 /opt/devkitpro/devkitARM/lib/gcc/arm-none-eabi/8.3.0/thumb/libgcc.a(_udivmoddi4.o)
 .comment       0x0000000000000046       0x25 /opt/devkitpro/devkitARM/lib/gcc/arm-none-eabi/8.3.0/thumb/crtend.o

.ARM.attributes
                0x0000000000000000       0x2d
 .ARM.attributes
                0x0000000000000000       0x21 /opt/devkitpro/devkitARM/lib/gcc/arm-none-eabi/8.3.0/../../../../arm-none-eabi/lib/thumb/ds_arm9_crt0.o
 .ARM.attributes
                0x0000000000000021       0x1c /opt/devkitpro/devkitARM/lib/gcc/arm-none-eabi/8.3.0/thumb/crti.o
 .ARM.attributes
                0x000000000000003d       0x2a /opt/devkitpro/devkitARM/lib/gcc/arm-none-eabi/8.3.0/thumb/crtbegin.o
 .ARM.attributes
                0x0000000000000067       0x1a Atea.o
 .ARM.attributes
                0x0000000000000081       0x1a Pausa.o
 .ARM.attributes
                0x000000000000009b       0x1a fondoa.o
 .ARM.attributes
                0x00000000000000b5       0x1a AteaIrekita.o
 .ARM.attributes
                0x00000000000000cf       0x1a Irabazlea.o
 .ARM.attributes
                0x00000000000000e9       0x1a Galtzailea.o
 .ARM.attributes
                0x0000000000000103       0x1a hasiera.o
 .ARM.attributes
                0x000000000000011d       0x27 jokoa01.o
 .ARM.attributes
                0x0000000000000144       0x27 grafikoak.o
 .ARM.attributes
                0x000000000000016b       0x27 spriteak.o
 .ARM.attributes
                0x0000000000000192       0x27 periferikoak.o
 .ARM.attributes
                0x00000000000001b9       0x27 main.o
 .ARM.attributes
                0x00000000000001e0       0x27 zerbitzuErrutinak.o
 .ARM.attributes
                0x0000000000000207       0x27 fondoak.o
 .ARM.attributes
                0x000000000000022e       0x2b /opt/devkitpro/libnds/lib/libnds9.a(video.o)
 .ARM.attributes
                0x0000000000000259       0x2b /opt/devkitpro/libnds/lib/libnds9.a(touch.o)
 .ARM.attributes
                0x0000000000000284       0x2b /opt/devkitpro/libnds/lib/libnds9.a(sprite_alloc.o)
 .ARM.attributes
                0x00000000000002af       0x2b /opt/devkitpro/libnds/lib/libnds9.a(system.o)
 .ARM.attributes
                0x00000000000002da       0x2b /opt/devkitpro/libnds/lib/libnds9.a(console.o)
 .ARM.attributes
                0x0000000000000305       0x2b /opt/devkitpro/libnds/lib/libnds9.a(sprite.o)
 .ARM.attributes
                0x0000000000000330       0x2b /opt/devkitpro/libnds/lib/libnds9.a(initSystem.o)
 .ARM.attributes
                0x000000000000035b       0x2b /opt/devkitpro/libnds/lib/libnds9.a(timeSupport.o)
 .ARM.attributes
                0x0000000000000386       0x2b /opt/devkitpro/libnds/lib/libnds9.a(securearea.o)
 .ARM.attributes
                0x00000000000003b1       0x2b /opt/devkitpro/libnds/lib/libnds9.a(interrupts.o)
 .ARM.attributes
                0x00000000000003dc       0x2b /opt/devkitpro/libnds/lib/libnds9.a(libnds_exit.arm.o)
 .ARM.attributes
                0x0000000000000407       0x2b /opt/devkitpro/libnds/lib/libnds9.a(fifosystem.o)
 .ARM.attributes
                0x0000000000000432       0x1b /opt/devkitpro/libnds/lib/libnds9.a(dcache.o)
 .ARM.attributes
                0x000000000000044d       0x21 /opt/devkitpro/libnds/lib/libnds9.a(mpu_setup.o)
 .ARM.attributes
                0x000000000000046e       0x21 /opt/devkitpro/libnds/lib/libnds9.a(IntrWait.o)
 .ARM.attributes
                0x000000000000048f       0x21 /opt/devkitpro/libnds/lib/libnds9.a(cpu_clock.o)
 .ARM.attributes
                0x00000000000004b0       0x1b /opt/devkitpro/libnds/lib/libnds9.a(interruptDispatcher.o)
 .ARM.attributes
                0x00000000000004cb       0x21 /opt/devkitpro/libnds/lib/libnds9.a(swiSoftReset.o)
 .ARM.attributes
                0x00000000000004ec       0x1b /opt/devkitpro/libnds/lib/libnds9.a(biosCalls.o)
 .ARM.attributes
                0x0000000000000507       0x14 /opt/devkitpro/libnds/lib/libnds9.a(default_font.bin.o)
 .ARM.attributes
                0x000000000000051b       0x2b /opt/devkitpro/libnds/lib/libnds9.a(background.o)
 .ARM.attributes
                0x0000000000000546       0x2b /opt/devkitpro/libnds/lib/libnds9.a(trig.o)
 .ARM.attributes
                0x0000000000000571       0x1c /opt/devkitpro/devkitARM/lib/gcc/arm-none-eabi/8.3.0/thumb/libgcc.a(_divsi3.o)
 .ARM.attributes
                0x000000000000058d       0x1c /opt/devkitpro/devkitARM/lib/gcc/arm-none-eabi/8.3.0/thumb/libgcc.a(_dvmd_tls.o)
 .ARM.attributes
                0x00000000000005a9       0x2a /opt/devkitpro/devkitARM/lib/gcc/arm-none-eabi/8.3.0/../../../../arm-none-eabi/lib/thumb/libg.a(lib_a-init.o)
 .ARM.attributes
                0x00000000000005d3       0x2a /opt/devkitpro/devkitARM/lib/gcc/arm-none-eabi/8.3.0/../../../../arm-none-eabi/lib/thumb/libg.a(lib_a-iprintf.o)
 .ARM.attributes
                0x00000000000005fd       0x2a /opt/devkitpro/devkitARM/lib/gcc/arm-none-eabi/8.3.0/../../../../arm-none-eabi/lib/thumb/libg.a(lib_a-malloc.o)
 .ARM.attributes
                0x0000000000000627       0x2a /opt/devkitpro/devkitARM/lib/gcc/arm-none-eabi/8.3.0/../../../../arm-none-eabi/lib/thumb/libg.a(lib_a-mallocr.o)
 .ARM.attributes
                0x0000000000000651       0x2a /opt/devkitpro/devkitARM/lib/gcc/arm-none-eabi/8.3.0/../../../../arm-none-eabi/lib/thumb/libg.a(lib_a-memcpy-stub.o)
 .ARM.attributes
                0x000000000000067b       0x2a /opt/devkitpro/devkitARM/lib/gcc/arm-none-eabi/8.3.0/../../../../arm-none-eabi/lib/thumb/libg.a(lib_a-memset.o)
 .ARM.attributes
                0x00000000000006a5       0x2a /opt/devkitpro/devkitARM/lib/gcc/arm-none-eabi/8.3.0/../../../../arm-none-eabi/lib/thumb/libg.a(lib_a-mlock.o)
 .ARM.attributes
                0x00000000000006cf       0x2a /opt/devkitpro/devkitARM/lib/gcc/arm-none-eabi/8.3.0/../../../../arm-none-eabi/lib/thumb/libg.a(lib_a-realloc.o)
 .ARM.attributes
                0x00000000000006f9       0x2a /opt/devkitpro/devkitARM/lib/gcc/arm-none-eabi/8.3.0/../../../../arm-none-eabi/lib/thumb/libg.a(lib_a-reallocr.o)
 .ARM.attributes
                0x0000000000000723       0x2a /opt/devkitpro/devkitARM/lib/gcc/arm-none-eabi/8.3.0/../../../../arm-none-eabi/lib/thumb/libg.a(lib_a-setvbuf.o)
 .ARM.attributes
                0x000000000000074d       0x2a /opt/devkitpro/devkitARM/lib/gcc/arm-none-eabi/8.3.0/../../../../arm-none-eabi/lib/thumb/libg.a(lib_a-siscanf.o)
 .ARM.attributes
                0x0000000000000777       0x2a /opt/devkitpro/devkitARM/lib/gcc/arm-none-eabi/8.3.0/../../../../arm-none-eabi/lib/thumb/libg.a(lib_a-stdio.o)
 .ARM.attributes
                0x00000000000007a1       0x2a /opt/devkitpro/devkitARM/lib/gcc/arm-none-eabi/8.3.0/../../../../arm-none-eabi/lib/thumb/libg.a(lib_a-strlen-stub.o)
 .ARM.attributes
                0x00000000000007cb       0x2a /opt/devkitpro/devkitARM/lib/gcc/arm-none-eabi/8.3.0/../../../../arm-none-eabi/lib/thumb/libg.a(lib_a-svfiscanf.o)
 .ARM.attributes
                0x00000000000007f5       0x2a /opt/devkitpro/devkitARM/lib/gcc/arm-none-eabi/8.3.0/../../../../arm-none-eabi/lib/thumb/libg.a(lib_a-ungetc.o)
 .ARM.attributes
                0x000000000000081f       0x2a /opt/devkitpro/devkitARM/lib/gcc/arm-none-eabi/8.3.0/../../../../arm-none-eabi/lib/thumb/libg.a(lib_a-vfiprintf.o)
 .ARM.attributes
                0x0000000000000849       0x2a /opt/devkitpro/devkitARM/lib/gcc/arm-none-eabi/8.3.0/../../../../arm-none-eabi/lib/thumb/libg.a(lib_a-wcrtomb.o)
 .ARM.attributes
                0x0000000000000873       0x2a /opt/devkitpro/devkitARM/lib/gcc/arm-none-eabi/8.3.0/../../../../arm-none-eabi/lib/thumb/libg.a(lib_a-wcsrtombs.o)
 .ARM.attributes
                0x000000000000089d       0x2a /opt/devkitpro/devkitARM/lib/gcc/arm-none-eabi/8.3.0/../../../../arm-none-eabi/lib/thumb/libg.a(lib_a-wsetup.o)
 .ARM.attributes
                0x00000000000008c7       0x2a /opt/devkitpro/devkitARM/lib/gcc/arm-none-eabi/8.3.0/../../../../arm-none-eabi/lib/thumb/libg.a(lib_a-ctype_.o)
 .ARM.attributes
                0x00000000000008f1       0x2a /opt/devkitpro/devkitARM/lib/gcc/arm-none-eabi/8.3.0/../../../../arm-none-eabi/lib/thumb/libg.a(lib_a-fflush.o)
 .ARM.attributes
                0x000000000000091b       0x2a /opt/devkitpro/devkitARM/lib/gcc/arm-none-eabi/8.3.0/../../../../arm-none-eabi/lib/thumb/libg.a(lib_a-findfp.o)
 .ARM.attributes
                0x0000000000000945       0x2a /opt/devkitpro/devkitARM/lib/gcc/arm-none-eabi/8.3.0/../../../../arm-none-eabi/lib/thumb/libg.a(lib_a-freer.o)
 .ARM.attributes
                0x000000000000096f       0x2a /opt/devkitpro/devkitARM/lib/gcc/arm-none-eabi/8.3.0/../../../../arm-none-eabi/lib/thumb/libg.a(lib_a-fvwrite.o)
 .ARM.attributes
                0x0000000000000999       0x2a /opt/devkitpro/devkitARM/lib/gcc/arm-none-eabi/8.3.0/../../../../arm-none-eabi/lib/thumb/libg.a(lib_a-fwalk.o)
 .ARM.attributes
                0x00000000000009c3       0x30 /opt/devkitpro/devkitARM/lib/gcc/arm-none-eabi/8.3.0/../../../../arm-none-eabi/lib/thumb/libg.a(lib_a-impure.o)
 .ARM.attributes
                0x00000000000009f3       0x2a /opt/devkitpro/devkitARM/lib/gcc/arm-none-eabi/8.3.0/../../../../arm-none-eabi/lib/thumb/libg.a(lib_a-iswspace.o)
 .ARM.attributes
                0x0000000000000a1d       0x2a /opt/devkitpro/devkitARM/lib/gcc/arm-none-eabi/8.3.0/../../../../arm-none-eabi/lib/thumb/libg.a(lib_a-localeconv.o)
 .ARM.attributes
                0x0000000000000a47       0x2a /opt/devkitpro/devkitARM/lib/gcc/arm-none-eabi/8.3.0/../../../../arm-none-eabi/lib/thumb/libg.a(lib_a-locale.o)
 .ARM.attributes
                0x0000000000000a71       0x2a /opt/devkitpro/devkitARM/lib/gcc/arm-none-eabi/8.3.0/../../../../arm-none-eabi/lib/thumb/libg.a(lib_a-makebuf.o)
 .ARM.attributes
                0x0000000000000a9b       0x2a /opt/devkitpro/devkitARM/lib/gcc/arm-none-eabi/8.3.0/../../../../arm-none-eabi/lib/thumb/libg.a(lib_a-mbrtowc.o)
 .ARM.attributes
                0x0000000000000ac5       0x2a /opt/devkitpro/devkitARM/lib/gcc/arm-none-eabi/8.3.0/../../../../arm-none-eabi/lib/thumb/libg.a(lib_a-mbtowc_r.o)
 .ARM.attributes
                0x0000000000000aef       0x2a /opt/devkitpro/devkitARM/lib/gcc/arm-none-eabi/8.3.0/../../../../arm-none-eabi/lib/thumb/libg.a(lib_a-memchr-stub.o)
 .ARM.attributes
                0x0000000000000b19       0x2a /opt/devkitpro/devkitARM/lib/gcc/arm-none-eabi/8.3.0/../../../../arm-none-eabi/lib/thumb/libg.a(lib_a-memmove.o)
 .ARM.attributes
                0x0000000000000b43       0x2a /opt/devkitpro/devkitARM/lib/gcc/arm-none-eabi/8.3.0/../../../../arm-none-eabi/lib/thumb/libg.a(lib_a-sccl.o)
 .ARM.attributes
                0x0000000000000b6d       0x1a /opt/devkitpro/devkitARM/lib/gcc/arm-none-eabi/8.3.0/../../../../arm-none-eabi/lib/thumb/libg.a(lib_a-strcmp.o)
 .ARM.attributes
                0x0000000000000b87       0x2a /opt/devkitpro/devkitARM/lib/gcc/arm-none-eabi/8.3.0/../../../../arm-none-eabi/lib/thumb/libg.a(lib_a-strncpy.o)
 .ARM.attributes
                0x0000000000000bb1       0x2a /opt/devkitpro/devkitARM/lib/gcc/arm-none-eabi/8.3.0/../../../../arm-none-eabi/lib/thumb/libg.a(lib_a-strtoll.o)
 .ARM.attributes
                0x0000000000000bdb       0x2a /opt/devkitpro/devkitARM/lib/gcc/arm-none-eabi/8.3.0/../../../../arm-none-eabi/lib/thumb/libg.a(lib_a-strtol.o)
 .ARM.attributes
                0x0000000000000c05       0x2a /opt/devkitpro/devkitARM/lib/gcc/arm-none-eabi/8.3.0/../../../../arm-none-eabi/lib/thumb/libg.a(lib_a-strtoull.o)
 .ARM.attributes
                0x0000000000000c2f       0x2a /opt/devkitpro/devkitARM/lib/gcc/arm-none-eabi/8.3.0/../../../../arm-none-eabi/lib/thumb/libg.a(lib_a-strtoul.o)
 .ARM.attributes
                0x0000000000000c59       0x2a /opt/devkitpro/devkitARM/lib/gcc/arm-none-eabi/8.3.0/../../../../arm-none-eabi/lib/thumb/libg.a(lib_a-svfiprintf.o)
 .ARM.attributes
                0x0000000000000c83       0x2a /opt/devkitpro/devkitARM/lib/gcc/arm-none-eabi/8.3.0/../../../../arm-none-eabi/lib/thumb/libg.a(lib_a-wcsnrtombs.o)
 .ARM.attributes
                0x0000000000000cad       0x2a /opt/devkitpro/devkitARM/lib/gcc/arm-none-eabi/8.3.0/../../../../arm-none-eabi/lib/thumb/libg.a(lib_a-wctomb_r.o)
 .ARM.attributes
                0x0000000000000cd7       0x2a /opt/devkitpro/devkitARM/lib/gcc/arm-none-eabi/8.3.0/../../../../arm-none-eabi/lib/thumb/libg.a(lib_a-fclose.o)
 .ARM.attributes
                0x0000000000000d01       0x2a /opt/devkitpro/devkitARM/lib/gcc/arm-none-eabi/8.3.0/../../../../arm-none-eabi/lib/thumb/libg.a(lib_a-iswspace_l.o)
 .ARM.attributes
                0x0000000000000d2b       0x2a /opt/devkitpro/devkitARM/lib/gcc/arm-none-eabi/8.3.0/../../../../arm-none-eabi/lib/thumb/libg.a(lib_a-jp2uc.o)
 .ARM.attributes
                0x0000000000000d55       0x2a /opt/devkitpro/devkitARM/lib/gcc/arm-none-eabi/8.3.0/../../../../arm-none-eabi/lib/thumb/libg.a(lib_a-categories.o)
 .ARM.attributes
                0x0000000000000d7f       0x2a /opt/devkitpro/devkitARM/lib/gcc/arm-none-eabi/8.3.0/../../../../arm-none-eabi/lib/thumb/libsysbase.a(iosupport.o)
 .ARM.attributes
                0x0000000000000da9       0x2a /opt/devkitpro/devkitARM/lib/gcc/arm-none-eabi/8.3.0/../../../../arm-none-eabi/lib/thumb/libsysbase.a(close.o)
 .ARM.attributes
                0x0000000000000dd3       0x2a /opt/devkitpro/devkitARM/lib/gcc/arm-none-eabi/8.3.0/../../../../arm-none-eabi/lib/thumb/libsysbase.a(fstat.o)
 .ARM.attributes
                0x0000000000000dfd       0x2a /opt/devkitpro/devkitARM/lib/gcc/arm-none-eabi/8.3.0/../../../../arm-none-eabi/lib/thumb/libsysbase.a(isatty.o)
 .ARM.attributes
                0x0000000000000e27       0x2a /opt/devkitpro/devkitARM/lib/gcc/arm-none-eabi/8.3.0/../../../../arm-none-eabi/lib/thumb/libsysbase.a(lseek.o)
 .ARM.attributes
                0x0000000000000e51       0x2a /opt/devkitpro/devkitARM/lib/gcc/arm-none-eabi/8.3.0/../../../../arm-none-eabi/lib/thumb/libsysbase.a(read.o)
 .ARM.attributes
                0x0000000000000e7b       0x2a /opt/devkitpro/devkitARM/lib/gcc/arm-none-eabi/8.3.0/../../../../arm-none-eabi/lib/thumb/libsysbase.a(sbrk.o)
 .ARM.attributes
                0x0000000000000ea5       0x2a /opt/devkitpro/devkitARM/lib/gcc/arm-none-eabi/8.3.0/../../../../arm-none-eabi/lib/thumb/libsysbase.a(write.o)
 .ARM.attributes
                0x0000000000000ecf       0x30 /opt/devkitpro/devkitARM/lib/gcc/arm-none-eabi/8.3.0/../../../../arm-none-eabi/lib/thumb/libsysbase.a(malloc_vars.o)
 .ARM.attributes
                0x0000000000000eff       0x2a /opt/devkitpro/devkitARM/lib/gcc/arm-none-eabi/8.3.0/../../../../arm-none-eabi/lib/thumb/libsysbase.a(build_argv.o)
 .ARM.attributes
                0x0000000000000f29       0x2a /opt/devkitpro/devkitARM/lib/gcc/arm-none-eabi/8.3.0/../../../../arm-none-eabi/lib/thumb/libsysbase.a(flock.o)
 .ARM.attributes
                0x0000000000000f53       0x2a /opt/devkitpro/devkitARM/lib/gcc/arm-none-eabi/8.3.0/../../../../arm-none-eabi/lib/thumb/libsysbase.a(syscall_support.o)
 .ARM.attributes
                0x0000000000000f7d       0x2a /opt/devkitpro/devkitARM/lib/gcc/arm-none-eabi/8.3.0/../../../../arm-none-eabi/lib/thumb/libsysbase.a(handle_manager.o)
 .ARM.attributes
                0x0000000000000fa7       0x2a /opt/devkitpro/devkitARM/lib/gcc/arm-none-eabi/8.3.0/../../../../arm-none-eabi/lib/thumb/libsysbase.a(getreent.o)
 .ARM.attributes
                0x0000000000000fd1       0x1c /opt/devkitpro/devkitARM/lib/gcc/arm-none-eabi/8.3.0/thumb/libgcc.a(_thumb1_case_uqi.o)
 .ARM.attributes
                0x0000000000000fed       0x1c /opt/devkitpro/devkitARM/lib/gcc/arm-none-eabi/8.3.0/thumb/libgcc.a(_thumb1_case_uhi.o)
 .ARM.attributes
                0x0000000000001009       0x1c /opt/devkitpro/devkitARM/lib/gcc/arm-none-eabi/8.3.0/thumb/libgcc.a(_udivsi3.o)
 .ARM.attributes
                0x0000000000001025       0x1c /opt/devkitpro/devkitARM/lib/gcc/arm-none-eabi/8.3.0/thumb/libgcc.a(_aeabi_uldivmod.o)
 .ARM.attributes
                0x0000000000001041       0x2a /opt/devkitpro/devkitARM/lib/gcc/arm-none-eabi/8.3.0/thumb/libgcc.a(_muldi3.o)
 .ARM.attributes
                0x000000000000106b       0x2a /opt/devkitpro/devkitARM/lib/gcc/arm-none-eabi/8.3.0/thumb/libgcc.a(_udivmoddi4.o)
 .ARM.attributes
                0x0000000000001095       0x1c /opt/devkitpro/devkitARM/lib/gcc/arm-none-eabi/8.3.0/thumb/libgcc.a(_clzdi2.o)
 .ARM.attributes
                0x00000000000010b1       0x1c /opt/devkitpro/devkitARM/lib/gcc/arm-none-eabi/8.3.0/thumb/libgcc.a(_clzsi2.o)
 .ARM.attributes
                0x00000000000010cd       0x30 /opt/devkitpro/devkitARM/lib/gcc/arm-none-eabi/8.3.0/thumb/crtend.o
 .ARM.attributes
                0x00000000000010fd       0x1c /opt/devkitpro/devkitARM/lib/gcc/arm-none-eabi/8.3.0/thumb/crtn.o

.debug
 *(.debug)

.line
 *(.line)

.debug_srcinfo
 *(.debug_srcinfo)

.debug_sfnames
 *(.debug_sfnames)

.debug_aranges  0x0000000000000000      0x6c8
 *(.debug_aranges)
 .debug_aranges
                0x0000000000000000       0x20 jokoa01.o
 .debug_aranges
                0x0000000000000020       0x20 grafikoak.o
 .debug_aranges
                0x0000000000000040       0x20 spriteak.o
 .debug_aranges
                0x0000000000000060       0x20 periferikoak.o
 .debug_aranges
                0x0000000000000080       0x20 main.o
 .debug_aranges
                0x00000000000000a0       0x20 zerbitzuErrutinak.o
 .debug_aranges
                0x00000000000000c0       0x20 fondoak.o
 .debug_aranges
                0x00000000000000e0       0x48 /opt/devkitpro/libnds/lib/libnds9.a(video.o)
 .debug_aranges
                0x0000000000000128       0x28 /opt/devkitpro/libnds/lib/libnds9.a(touch.o)
 .debug_aranges
                0x0000000000000150       0x40 /opt/devkitpro/libnds/lib/libnds9.a(sprite_alloc.o)
 .debug_aranges
                0x0000000000000190       0x68 /opt/devkitpro/libnds/lib/libnds9.a(system.o)
 .debug_aranges
                0x00000000000001f8       0x88 /opt/devkitpro/libnds/lib/libnds9.a(console.o)
 .debug_aranges