Archive member included to satisfy reference by file (symbol)

/opt/devkitpro/libnds/lib/libnds9.a(video.o)
                              grafikoak.o (vramSetMainBanks)
/opt/devkitpro/libnds/lib/libnds9.a(touch.o)
                              jokoa01.o (touchRead)
/opt/devkitpro/libnds/lib/libnds9.a(sprite_alloc.o)
                              spriteak.o (oamAllocateGfx)
/opt/devkitpro/libnds/lib/libnds9.a(system.o)
                              grafikoak.o (powerOn)
/opt/devkitpro/libnds/lib/libnds9.a(console.o)
                              grafikoak.o (consoleDemoInit)
/opt/devkitpro/libnds/lib/libnds9.a(sprite.o)
                              grafikoak.o (oamInit)
/opt/devkitpro/libnds/lib/libnds9.a(initSystem.o)
                              /opt/devkitpro/devkitARM/lib/gcc/arm-none-eabi/8.3.0/../../../../arm-none-eabi/lib/thumb/ds_arm9_crt0.o (initSystem)
/opt/devkitpro/libnds/lib/libnds9.a(timeSupport.o)
                              /opt/devkitpro/libnds/lib/libnds9.a(initSystem.o) (__libnds_gtod)
/opt/devkitpro/libnds/lib/libnds9.a(securearea.o)
                              /opt/devkitpro/devkitARM/lib/gcc/arm-none-eabi/8.3.0/../../../../arm-none-eabi/lib/thumb/ds_arm9_crt0.o (__secure_area__)
/opt/devkitpro/libnds/lib/libnds9.a(interrupts.o)
                              zerbitzuErrutinak.o (irqSet)
/opt/devkitpro/libnds/lib/libnds9.a(libnds_exit.arm.o)
                              /opt/devkitpro/devkitARM/lib/gcc/arm-none-eabi/8.3.0/../../../../arm-none-eabi/lib/thumb/ds_arm9_crt0.o (__libnds_exit)
/opt/devkitpro/libnds/lib/libnds9.a(fifosystem.o)
                              /opt/devkitpro/libnds/lib/libnds9.a(initSystem.o) (fifoSetValue32Handler)
/opt/devkitpro/libnds/lib/libnds9.a(dcache.o)
                              /opt/devkitpro/libnds/lib/libnds9.a(sprite.o) (DC_FlushRange)
/opt/devkitpro/libnds/lib/libnds9.a(mpu_setup.o)
                              /opt/devkitpro/devkitARM/lib/gcc/arm-none-eabi/8.3.0/../../../../arm-none-eabi/lib/thumb/ds_arm9_crt0.o (__libnds_mpu_setup)
/opt/devkitpro/libnds/lib/libnds9.a(IntrWait.o)
                              /opt/devkitpro/libnds/lib/libnds9.a(sprite.o) (swiWaitForVBlank)
/opt/devkitpro/libnds/lib/libnds9.a(cpu_clock.o)
                              /opt/devkitpro/libnds/lib/libnds9.a(initSystem.o) (setCpuClock)
/opt/devkitpro/libnds/lib/libnds9.a(interruptDispatcher.o)
                              /opt/devkitpro/libnds/lib/libnds9.a(interrupts.o) (IntrMain)
/opt/devkitpro/libnds/lib/libnds9.a(debugprint.o)
                              /opt/devkitpro/libnds/lib/libnds9.a(console.o) (nocashWrite)
/opt/devkitpro/libnds/lib/libnds9.a(swiSoftReset.o)
                              /opt/devkitpro/libnds/lib/libnds9.a(fifosystem.o) (swiSoftReset)
/opt/devkitpro/libnds/lib/libnds9.a(biosCalls.o)
                              /opt/devkitpro/libnds/lib/libnds9.a(system.o) (swiDelay)
/opt/devkitpro/libnds/lib/libnds9.a(default_font.bin.o)
                              /opt/devkitpro/libnds/lib/libnds9.a(console.o) (default_font_bin)
/opt/devkitpro/libnds/lib/libnds9.a(background.o)
                              /opt/devkitpro/libnds/lib/libnds9.a(console.o) (bgState)
/opt/devkitpro/libnds/lib/libnds9.a(trig.o)
                              /opt/devkitpro/libnds/lib/libnds9.a(sprite.o) (sinLerp)
/opt/devkitpro/devkitARM/lib/gcc/arm-none-eabi/8.3.0/thumb/libgcc.a(_divsi3.o)
                              /opt/devkitpro/libnds/lib/libnds9.a(console.o) (__aeabi_idivmod)
/opt/devkitpro/devkitARM/lib/gcc/arm-none-eabi/8.3.0/thumb/libgcc.a(_dvmd_tls.o)
                              /opt/devkitpro/devkitARM/lib/gcc/arm-none-eabi/8.3.0/thumb/libgcc.a(_divsi3.o) (__aeabi_idiv0)
/opt/devkitpro/devkitARM/lib/gcc/arm-none-eabi/8.3.0/../../../../arm-none-eabi/lib/thumb/libg.a(lib_a-bsearch.o)
                              /opt/devkitpro/libnds/lib/libnds9.a(trig.o) (bsearch)
/opt/devkitpro/devkitARM/lib/gcc/arm-none-eabi/8.3.0/../../../../arm-none-eabi/lib/thumb/libg.a(lib_a-init.o)
                              /opt/devkitpro/devkitARM/lib/gcc/arm-none-eabi/8.3.0/../../../../arm-none-eabi/lib/thumb/ds_arm9_crt0.o (__libc_init_array)
/opt/devkitpro/devkitARM/lib/gcc/arm-none-eabi/8.3.0/../../../../arm-none-eabi/lib/thumb/libg.a(lib_a-iprintf.o)
                              jokoa01.o (iprintf)
/opt/devkitpro/devkitARM/lib/gcc/arm-none-eabi/8.3.0/../../../../arm-none-eabi/lib/thumb/libg.a(lib_a-malloc.o)
                              /opt/devkitpro/libnds/lib/libnds9.a(sprite_alloc.o) (malloc)
/opt/devkitpro/devkitARM/lib/gcc/arm-none-eabi/8.3.0/../../../../arm-none-eabi/lib/thumb/libg.a(lib_a-mallocr.o)
                              /opt/devkitpro/devkitARM/lib/gcc/arm-none-eabi/8.3.0/../../../../arm-none-eabi/lib/thumb/libg.a(lib_a-malloc.o) (_malloc_r)
/opt/devkitpro/devkitARM/lib/gcc/arm-none-eabi/8.3.0/../../../../arm-none-eabi/lib/thumb/libg.a(lib_a-memcpy-stub.o)
                              /opt/devkitpro/libnds/lib/libnds9.a(console.o) (memcpy)
[...]
Memory Configuration

Name             Origin             Length             Attributes
ewram            0x0000000002000000 0x0000000000380000
dtcm             0x000000000b000000 0x0000000000004000
vectors          0x0000000001000000 0x0000000000000100
itcm             0x0000000001000100 0x0000000000007f00
*default*        0x0000000000000000 0xffffffffffffffff

Linker script and memory map

                0x0000000002380000                __ewram_end = (ORIGIN (ewram) + LENGTH (ewram))
                0x0000000002380000                __eheap_end = (ORIGIN (ewram) + LENGTH (ewram))
                0x000000000b004000                __dtcm_top = (ORIGIN (dtcm) + LENGTH (dtcm))
                0x000000000b003ff8                __irq_flags = (__dtcm_top - 0x8)
                0x000000000b003ffc                __irq_vector = (__dtcm_top - 0x4)
                0x000000000b003f00                __sp_svc = (__dtcm_top - 0x100)
                0x000000000b003e00                __sp_irq = (__sp_svc - 0x100)
                0x000000000b003d00                __sp_usr = (__sp_irq - 0x100)

.secure         0x0000000002000000      0x800
 *(.secure)
 .secure        0x0000000002000000      0x800 /opt/devkitpro/libnds/lib/libnds9.a(securearea.o)
                0x0000000002000000                __secure_area__

.crt0           0x0000000002000800      0x300
                0x0000000002000800                __text_start = .
 *(.crt0)
 .crt0          0x0000000002000800      0x300 /opt/devkitpro/devkitARM/lib/gcc/arm-none-eabi/8.3.0/../../../../arm-none-eabi/lib/thumb/ds_arm9_crt0.o
                0x0000000002000800                _start
                0x0000000002000b00                . = ALIGN (0x4)

.plt
 *(.plt)

.init           0x0000000002000b00        0xc
 *(SORT_NONE(.init))
 .init          0x0000000002000b00        0x4 /opt/devkitpro/devkitARM/lib/gcc/arm-none-eabi/8.3.0/thumb/crti.o
                0x0000000002000b00                _init
 .init          0x0000000002000b04        0x8 /opt/devkitpro/devkitARM/lib/gcc/arm-none-eabi/8.3.0/thumb/crtn.o

.text           0x0000000002000b10     0xa178
 *(EXCLUDE_FILE(*.twl* *.vectors* *.itcm*) .text)
 .text          0x0000000002000b10      0x26c jokoa01.o
                0x0000000002000b10                sortuJokoaSpritak
                0x0000000002000b34                ezabatuJokoaSpritak
                0x0000000002000b58                ezkutatuJokoaSpritak
                0x0000000002000b80                jokoa01
                0x0000000002000d3c                erakutsiJokoaSpritak
                0x0000000002000d64                kargatuEgoeraJokoa
 .text          0x0000000002000d7c      0x16c grafikoak.o
                0x0000000002000d7c                hasieratuBideoa
                0x0000000002000dbc                hasieratuFondoak
                0x0000000002000e88                GrafikoakHasieratu
                0x0000000002000eac                initSpriteMem
                0x0000000002000ecc                HasieratuGrafikoakSpriteak
 .text          0x0000000002000ee8      0x478 spriteak.o
                0x0000000002000ee8                memoriaErreserbatu
                0x0000000002000f58                PaletaNagusiaEzarri
                0x0000000002000fa8                SpriteakMemorianGorde
                0x0000000002001068                ErakutsiErronboa
                0x00000000020010b4                EzabatuErronboa
                0x0000000002001100                ErakutsiErronboHandia
                0x000000000200114c                EzabatuErronboHandia
                0x0000000002001198                SortuPaloteUrdina
                0x00000000020011e4                SortuPaloteGorria
                0x0000000002001230                SortuPelotaMorea
                0x000000000200127c                EzabatuPaloteUrdina
                0x00000000020012c8                EzabatuPaloteGorria
                0x0000000002001314                EzabatuPelotaMorea
 .text          0x0000000002001360      0x158 periferikoak.o
                0x0000000002001360                TeklaDetektatu
                0x0000000002001374                SakatutakoTekla
                0x00000000020013e0                konfiguratuTeklatua
                0x00000000020013f4                konfiguratuTenporizadorea
                0x0000000002001414                TekEtenBaimendu
                0x0000000002001434                TekEtenGalarazi
                0x0000000002001458                DenbEtenBaimendu
                0x0000000002001478                DenbEtenGalarazi
                0x0000000002001498                ErlojuaMartxanJarri
                0x00000000020014a8                ErlojuaGelditu
 .text          0x00000000020014b8      0x10c zerbitzuErrutinak.o
                0x00000000020014b8                tekEten
                0x00000000020014bc                tenpEten
                0x00000000020015a4                etenZerbErrutEzarri
 .text          0x00000000020015c4       0xf0 fondoak.o
                0x00000000020015c4                erakutsiMenua
                0x00000000020015f4                erakutsiIrabazlea
                0x0000000002001624                erakutsiGaltzailea
                0x0000000002001654                erakutsiPausa
                0x0000000002001684                erakutsiFondoa
 .text          0x00000000020016b4      0x150 /opt/devkitpro/devkitARM/lib/gcc/arm-none-eabi/8.3.0/thumb/libgcc.a(_divsi3.o)
                0x00000000020016b4                __aeabi_idiv
                0x00000000020016b4                __divsi3
                0x00000000020017e4                __aeabi_idivmod
 .text          0x0000000002001804        0x4 /opt/devkitpro/devkitARM/lib/gcc/arm-none-eabi/8.3.0/thumb/libgcc.a(_dvmd_tls.o)
                0x0000000002001804                __aeabi_ldiv0
                0x0000000002001804                __aeabi_idiv0
 .text          0x0000000002001808      0x224 /opt/devkitpro/devkitARM/lib/gcc/arm-none-eabi/8.3.0/../../../../arm-none-eabi/lib/thumb/libg.a(lib_a-strcmp.o)
                0x0000000002001808                strcmp
 .text          0x0000000002001a2c       0x14 /opt/devkitpro/devkitARM/lib/gcc/arm-none-eabi/8.3.0/thumb/libgcc.a(_thumb1_case_uqi.o)
                0x0000000002001a2c                __gnu_thumb1_case_uqi
 .text          0x0000000002001a40       0x14 /opt/devkitpro/devkitARM/lib/gcc/arm-none-eabi/8.3.0/thumb/libgcc.a(_thumb1_case_uhi.o)
                0x0000000002001a40                __gnu_thumb1_case_uhi
 .text          0x0000000002001a54      0x11c /opt/devkitpro/devkitARM/lib/gcc/arm-none-eabi/8.3.0/thumb/libgcc.a(_udivsi3.o)
                0x0000000002001a54                __udivsi3
                0x0000000002001a54                __aeabi_uidiv
                0x0000000002001b50                __aeabi_uidivmod
 .text          0x0000000002001b70       0x3c /opt/devkitpro/devkitARM/lib/gcc/arm-none-eabi/8.3.0/thumb/libgcc.a(_aeabi_uldivmod.o)
                0x0000000002001b70                __aeabi_uldivmod
 .text          0x0000000002001bac       0x28 /opt/devkitpro/devkitARM/lib/gcc/arm-none-eabi/8.3.0/thumb/libgcc.a(_clzdi2.o)
                0x0000000002001bac                __clzdi2
 .text          0x0000000002001bd4       0x48 /opt/devkitpro/devkitARM/lib/gcc/arm-none-eabi/8.3.0/thumb/libgcc.a(_clzsi2.o)
                0x0000000002001bd4                __clzsi2
 *(EXCLUDE_FILE(*.twl* *.vectors* *.itcm*) .stub)
 *(EXCLUDE_FILE(*.twl* *.vectors* *.itcm*) .text.*)
 .text.deregister_tm_clones
                0x0000000002001c1c       0x2c /opt/devkitpro/devkitARM/lib/gcc/arm-none-eabi/8.3.0/thumb/crtbegin.o
 .text.register_tm_clones
                0x0000000002001c48       0x34 /opt/devkitpro/devkitARM/lib/gcc/arm-none-eabi/8.3.0/thumb/crtbegin.o
 .text.__do_global_dtors_aux
                0x0000000002001c7c       0x30 /opt/devkitpro/devkitARM/lib/gcc/arm-none-eabi/8.3.0/thumb/crtbegin.o
 .text.frame_dummy
                0x0000000002001cac       0x28 /opt/devkitpro/devkitARM/lib/gcc/arm-none-eabi/8.3.0/thumb/crtbegin.o
 .text.startup  0x0000000002001cd4       0x18 main.o
                0x0000000002001cd4                main
 .text.vramSetPrimaryBanks
                0x0000000002001cec       0x44 /opt/devkitpro/libnds/lib/libnds9.a(video.o)
                0x0000000002001cec                vramSetPrimaryBanks
 .text.vramSetMainBanks
                0x0000000002001d30        0x8 /opt/devkitpro/libnds/lib/libnds9.a(video.o)
                0x0000000002001d30                vramSetMainBanks
 .text.vramDefault
                0x0000000002001d38       0xd0 /opt/devkitpro/libnds/lib/libnds9.a(video.o)
                0x0000000002001d38                vramDefault
 .text.touchRead
                0x0000000002001e08       0x24 /opt/devkitpro/libnds/lib/libnds9.a(touch.o)
                0x0000000002001e08                touchRead
 .text.getAllocHeader
                0x0000000002001e2c       0x28 /opt/devkitpro/libnds/lib/libnds9.a(sprite_alloc.o)
 .text.oamAllocReset
                0x0000000002001e54       0x1c /opt/devkitpro/libnds/lib/libnds9.a(sprite_alloc.o)
                0x0000000002001e54                oamAllocReset
 .text.oamAllocateGfx
                0x0000000002001e70      0x224 /opt/devkitpro/libnds/lib/libnds9.a(sprite_alloc.o)
                0x0000000002001e70                oamAllocateGfx
 .text.systemValueHandler
                0x0000000002002094       0x48 /opt/devkitpro/libnds/lib/libnds9.a(system.o)
                0x0000000002002094                systemValueHandler
 .text.systemMsgHandler
                0x00000000020020dc       0x5c /opt/devkitpro/libnds/lib/libnds9.a(system.o)
                0x00000000020020dc                systemMsgHandler
 .text.powerOn  0x0000000002002138       0x2c /opt/devkitpro/libnds/lib/libnds9.a(system.o)
                0x0000000002002138                powerOn
 .text.newRow   0x0000000002002164       0xb4 /opt/devkitpro/libnds/lib/libnds9.a(console.o)
 .text.consolePrintChar
                0x0000000002002218       0xec /opt/devkitpro/libnds/lib/libnds9.a(console.o)
                0x0000000002002218                consolePrintChar
 .text.consoleCls
                0x0000000002002304       0xe0 /opt/devkitpro/libnds/lib/libnds9.a(console.o)
 .text.consoleLoadFont
                0x00000000020023e4      0x280 /opt/devkitpro/libnds/lib/libnds9.a(console.o)
                0x00000000020023e4                consoleLoadFont
 .text.consoleInit
                0x0000000002002664      0x15c /opt/devkitpro/libnds/lib/libnds9.a(console.o)
                0x0000000002002664                consoleInit
 .text.consoleDemoInit
                0x00000000020027c0       0x40 /opt/devkitpro/libnds/lib/libnds9.a(console.o)
                0x00000000020027c0                consoleDemoInit
 .text.con_write
                0x0000000002002800      0x27c /opt/devkitpro/libnds/lib/libnds9.a(console.o)
                0x0000000002002800                con_write
 .text.oamInit  0x0000000002002a7c      0x11c /opt/devkitpro/libnds/lib/libnds9.a(sprite.o)
                0x0000000002002a7c                oamInit
 .text.oamGetGfxPtr
                0x0000000002002b98       0x38 /opt/devkitpro/libnds/lib/libnds9.a(sprite.o)
                0x0000000002002b98                oamGetGfxPtr
 .text.oamGfxPtrToOffset
                0x0000000002002bd0       0x34 /opt/devkitpro/libnds/lib/libnds9.a(sprite.o)
                0x0000000002002bd0                oamGfxPtrToOffset
 .text.oamSet   0x0000000002002c04      0x148 /opt/devkitpro/libnds/lib/libnds9.a(sprite.o)
                0x0000000002002c04                oamSet
 .text.oamUpdate
                0x0000000002002d4c       0x60 /opt/devkitpro/libnds/lib/libnds9.a(sprite.o)
                0x0000000002002d4c                oamUpdate
 .text.initSystem
                0x0000000002002dac      0x198 /opt/devkitpro/libnds/lib/libnds9.a(initSystem.o)
                0x0000000002002dac                initSystem
 .text.__libnds_gtod
                0x0000000002002f44       0x28 /opt/devkitpro/libnds/lib/libnds9.a(timeSupport.o)
                0x0000000002002f44                __libnds_gtod
 .text.irqDummy
                0x0000000002002f6c        0x4 /opt/devkitpro/libnds/lib/libnds9.a(interrupts.o)
                0x0000000002002f6c                irqDummy
 .text.irqSet   0x0000000002002f70       0x6c /opt/devkitpro/libnds/lib/libnds9.a(interrupts.o)
                0x0000000002002f70                irqSet
 .text.irqInit  0x0000000002002fdc       0x50 /opt/devkitpro/libnds/lib/libnds9.a(interrupts.o)
                0x0000000002002fdc                irqInit
 .text.irqEnable
                0x000000000200302c       0x64 /opt/devkitpro/libnds/lib/libnds9.a(interrupts.o)
                0x000000000200302c                irqEnable
 .text.systemErrorExit
                0x0000000002003090        0x4 /opt/devkitpro/libnds/lib/libnds9.a(libnds_exit.arm.o)
                0x0000000002003090                systemErrorExit
 *fill*         0x0000000002003094        0x4 ff
 .text.__libnds_exit
                0x0000000002003098       0x5c /opt/devkitpro/libnds/lib/libnds9.a(libnds_exit.arm.o)
                0x0000000002003098                __libnds_exit
 .text.fifo_waitBlock
                0x00000000020030f4       0x80 /opt/devkitpro/libnds/lib/libnds9.a(fifosystem.o)
 .text.fifo_queueBlock
                0x0000000002003174       0x40 /opt/devkitpro/libnds/lib/libnds9.a(fifosystem.o)
 .text.fifoInternalSendInterrupt
                0x00000000020031b4       0xac /opt/devkitpro/libnds/lib/libnds9.a(fifosystem.o)
 .text.fifoInternalSend.part.2
                0x0000000002003260       0xd4 /opt/devkitpro/libnds/lib/libnds9.a(fifosystem.o)
 .text.fifoGetValue32.part.3
                0x0000000002003334       0x74 /opt/devkitpro/libnds/lib/libnds9.a(fifosystem.o)
 .text.fifoSetValue32Handler
                0x00000000020033a8       0x78 /opt/devkitpro/libnds/lib/libnds9.a(fifosystem.o)
                0x00000000020033a8                fifoSetValue32Handler
 .text.fifoSendValue32
                0x0000000002003420       0x4c /opt/devkitpro/libnds/lib/libnds9.a(fifosystem.o)
                0x0000000002003420                fifoSendValue32
 .text.fifoGetDatamsg
                0x000000000200346c      0x138 /opt/devkitpro/libnds/lib/libnds9.a(fifosystem.o)
                0x000000000200346c                fifoGetDatamsg
 .text.fifoInternalRecvInterrupt
                0x00000000020035a4      0x3dc /opt/devkitpro/libnds/lib/libnds9.a(fifosystem.o)
 .text.fifoSetDatamsgHandler
                0x0000000002003980       0x9c /opt/devkitpro/libnds/lib/libnds9.a(fifosystem.o)
                0x0000000002003980                fifoSetDatamsgHandler
 .text.fifoInit
                0x0000000002003a1c      0x104 /opt/devkitpro/libnds/lib/libnds9.a(fifosystem.o)
                0x0000000002003a1c                fifoInit
 .text.DC_FlushRange
                0x0000000002003b20       0x24 /opt/devkitpro/libnds/lib/libnds9.a(dcache.o)
                0x0000000002003b20                DC_FlushRange
 .text.__libnds_mpu_setup
                0x0000000002003b44      0x174 /opt/devkitpro/libnds/lib/libnds9.a(mpu_setup.o)
                0x0000000002003b44                __libnds_mpu_setup
 .text.memUncached
                0x0000000002003cb8       0x20 /opt/devkitpro/libnds/lib/libnds9.a(mpu_setup.o)
                0x0000000002003cb8                memUncached
 .text.swiWaitForVBlank
                0x0000000002003cd8        0x8 /opt/devkitpro/libnds/lib/libnds9.a(IntrWait.o)
                0x0000000002003cd8                swiWaitForVBlank
 .text.swiIntrWait
                0x0000000002003ce0       0x70 /opt/devkitpro/libnds/lib/libnds9.a(IntrWait.o)
                0x0000000002003ce0                swiIntrWait
 .text.setCpuClock
                0x0000000002003d50       0x50 /opt/devkitpro/libnds/lib/libnds9.a(cpu_clock.o)
                0x0000000002003d50                setCpuClock
 .text.swiSoftReset
                0x0000000002003da0       0x2c /opt/devkitpro/libnds/lib/libnds9.a(swiSoftReset.o)
                0x0000000002003da0                swiSoftReset
 .text.swiDelay
                0x0000000002003dcc        0x4 /opt/devkitpro/libnds/lib/libnds9.a(biosCalls.o)
                0x0000000002003dcc                swiDelay
 .text.checkIfText.part.0
                0x0000000002003dd0       0x40 /opt/devkitpro/libnds/lib/libnds9.a(background.o)
 .text.bgUpdate
                0x0000000002003e10      0x104 /opt/devkitpro/libnds/lib/libnds9.a(background.o)
                0x0000000002003e10                bgUpdate
 .text.bgInit_call
                0x0000000002003f14      0x110 /opt/devkitpro/libnds/lib/libnds9.a(background.o)
                0x0000000002003f14                bgInit_call
 .text.bgInitSub_call
                0x0000000002004024       0xf4 /opt/devkitpro/libnds/lib/libnds9.a(background.o)
                0x0000000002004024                bgInitSub_call
 .text.sinLutLookup
                0x0000000002004118       0x3c /opt/devkitpro/libnds/lib/libnds9.a(trig.o)
                0x0000000002004118                sinLutLookup
 .text.sinLerp  0x0000000002004154       0x44 /opt/devkitpro/libnds/lib/libnds9.a(trig.o)
                0x0000000002004154                sinLerp
 .text.cosLerp  0x0000000002004198       0x14 /opt/devkitpro/libnds/lib/libnds9.a(trig.o)
                0x0000000002004198                cosLerp
 .text.__libc_init_array
                0x00000000020041ac       0x50 /opt/devkitpro/devkitARM/lib/gcc/arm-none-eabi/8.3.0/../../../../arm-none-eabi/lib/thumb/libg.a(lib_a-init.o)
                0x00000000020041ac                __libc_init_array
 .text.iprintf  0x00000000020041fc       0x24 /opt/devkitpro/devkitARM/lib/gcc/arm-none-eabi/8.3.0/../../../../arm-none-eabi/lib/thumb/libg.a(lib_a-iprintf.o)
                0x00000000020041fc                iprintf
 .text.malloc   0x0000000002004220       0x14 /opt/devkitpro/devkitARM/lib/gcc/arm-none-eabi/8.3.0/../../../../arm-none-eabi/lib/thumb/libg.a(lib_a-malloc.o)
                0x0000000002004220                malloc
 .text.free     0x0000000002004234       0x14 /opt/devkitpro/devkitARM/lib/gcc/arm-none-eabi/8.3.0/../../../../arm-none-eabi/lib/thumb/libg.a(lib_a-malloc.o)
                0x0000000002004234                free
 .text._malloc_r
                0x0000000002004248      0x594 /opt/devkitpro/devkitARM/lib/gcc/arm-none-eabi/8.3.0/../../../../arm-none-eabi/lib/thumb/libg.a(lib_a-mallocr.o)
                0x0000000002004248                _malloc_r
 .text.memcpy   0x00000000020047dc       0xac /opt/devkitpro/devkitARM/lib/gcc/arm-none-eabi/8.3.0/../../../../arm-none-eabi/lib/thumb/libg.a(lib_a-memcpy-stub.o)
                0x00000000020047dc                memcpy
 .text.memset   0x0000000002004888       0xb0 /opt/devkitpro/devkitARM/lib/gcc/arm-none-eabi/8.3.0/../../../../arm-none-eabi/lib/thumb/libg.a(lib_a-memset.o)
                0x0000000002004888                memset
 .text.__malloc_lock
                0x0000000002004938       0x14 /opt/devkitpro/devkitARM/lib/gcc/arm-none-eabi/8.3.0/../../../../arm-none-eabi/lib/thumb/libg.a(lib_a-mlock.o)
                0x0000000002004938                __malloc_lock
 .text.__malloc_unlock
                0x000000000200494c       0x14 /opt/devkitpro/devkitARM/lib/gcc/arm-none-eabi/8.3.0/../../../../arm-none-eabi/lib/thumb/libg.a(lib_a-mlock.o)
                0x000000000200494c                __malloc_unlock
 .text.realloc  0x0000000002004960       0x18 /opt/devkitpro/devkitARM/lib/gcc/arm-none-eabi/8.3.0/../../../../arm-none-eabi/lib/thumb/libg.a(lib_a-realloc.o)
                0x0000000002004960                realloc
 .text._realloc_r
                0x0000000002004978      0x370 /opt/devkitpro/devkitARM/lib/gcc/arm-none-eabi/8.3.0/../../../../arm-none-eabi/lib/thumb/libg.a(lib_a-reallocr.o)
                0x0000000002004978                _realloc_r
 .text.setvbuf  0x0000000002004ce8      0x1a0 /opt/devkitpro/devkitARM/lib/gcc/arm-none-eabi/8.3.0/../../../../arm-none-eabi/lib/thumb/libg.a(lib_a-setvbuf.o)
                0x0000000002004ce8                setvbuf
 .text.siscanf  0x0000000002004e88       0x4c /opt/devkitpro/devkitARM/lib/gcc/arm-none-eabi/8.3.0/../../../../arm-none-eabi/lib/thumb/libg.a(lib_a-siscanf.o)
                0x0000000002004e88                siscanf
 .text.__sread  0x0000000002004ed4       0x34 /opt/devkitpro/devkitARM/lib/gcc/arm-none-eabi/8.3.0/../../../../arm-none-eabi/lib/thumb/libg.a(lib_a-stdio.o)
                0x0000000002004ed4                __sread
 .text.__seofread
                0x0000000002004f08        0x4 /opt/devkitpro/devkitARM/lib/gcc/arm-none-eabi/8.3.0/../../../../arm-none-eabi/lib/thumb/libg.a(lib_a-stdio.o)
                0x0000000002004f08                __seofread
 .text.__swrite
                0x0000000002004f0c       0x4c /opt/devkitpro/devkitARM/lib/gcc/arm-none-eabi/8.3.0/../../../../arm-none-eabi/lib/thumb/libg.a(lib_a-stdio.o)
                0x0000000002004f0c                __swrite
 .text.__sseek  0x0000000002004f58       0x40 /opt/devkitpro/devkitARM/lib/gcc/arm-none-eabi/8.3.0/../../../../arm-none-eabi/lib/thumb/libg.a(lib_a-stdio.o)
                0x0000000002004f58                __sseek
 .text.__sclose
                0x0000000002004f98       0x10 /opt/devkitpro/devkitARM/lib/gcc/arm-none-eabi/8.3.0/../../../../arm-none-eabi/lib/thumb/libg.a(lib_a-stdio.o)
                0x0000000002004f98                __sclose
 .text.strlen   0x0000000002004fa8       0x6c /opt/devkitpro/devkitARM/lib/gcc/arm-none-eabi/8.3.0/../../../../arm-none-eabi/lib/thumb/libg.a(lib_a-strlen-stub.o)
                0x0000000002004fa8                strlen
 .text.get_arg  0x0000000002005014       0x24 /opt/devkitpro/devkitARM/lib/gcc/arm-none-eabi/8.3.0/../../../../arm-none-eabi/lib/thumb/libg.a(lib_a-svfiscanf.o)
 .text._sungetc_r
                0x0000000002005038       0x7e /opt/devkitpro/devkitARM/lib/gcc/arm-none-eabi/8.3.0/../../../../arm-none-eabi/lib/thumb/libg.a(lib_a-svfiscanf.o)
                0x0000000002005038                _sungetc_r
 .text.__ssrefill_r
                0x00000000020050b6       0x42 /opt/devkitpro/devkitARM/lib/gcc/arm-none-eabi/8.3.0/../../../../arm-none-eabi/lib/thumb/libg.a(lib_a-svfiscanf.o)
                0x00000000020050b6                __ssrefill_r
 .text._sfread_r
                0x00000000020050f8       0x8a /opt/devkitpro/devkitARM/lib/gcc/arm-none-eabi/8.3.0/../../../../arm-none-eabi/lib/thumb/libg.a(lib_a-svfiscanf.o)
                0x00000000020050f8                _sfread_r
 *fill*         0x0000000002005182        0x2 ff
 .text.__ssvfiscanf_r
                0x0000000002005184     0x1b24 /opt/devkitpro/devkitARM/lib/gcc/arm-none-eabi/8.3.0/../../../../arm-none-eabi/lib/thumb/libg.a(lib_a-svfiscanf.o)
                0x0000000002005184                __ssvfiscanf_r
 .text.__submore
                0x0000000002006ca8       0x88 /opt/devkitpro/devkitARM/lib/gcc/arm-none-eabi/8.3.0/../../../../arm-none-eabi/lib/thumb/libg.a(lib_a-ungetc.o)
                0x0000000002006ca8                __submore
 .text.get_arg  0x0000000002006d30      0x3c0 /opt/devkitpro/devkitARM/lib/gcc/arm-none-eabi/8.3.0/../../../../arm-none-eabi/lib/thumb/libg.a(lib_a-vfiprintf.o)
 .text.__sprint_r
                0x00000000020070f0       0x20 /opt/devkitpro/devkitARM/lib/gcc/arm-none-eabi/8.3.0/../../../../arm-none-eabi/lib/thumb/libg.a(lib_a-vfiprintf.o)
                0x00000000020070f0                __sprint_r
 .text._vfiprintf_r
                0x0000000002007110     0x17e8 /opt/devkitpro/devkitARM/lib/gcc/arm-none-eabi/8.3.0/../../../../arm-none-eabi/lib/thumb/libg.a(lib_a-vfiprintf.o)
                0x0000000002007110                _vfiprintf_r
 .text.__sbprintf
                0x00000000020088f8       0x8c /opt/devkitpro/devkitARM/lib/gcc/arm-none-eabi/8.3.0/../../../../arm-none-eabi/lib/thumb/libg.a(lib_a-vfiprintf.o)
 .text._wcrtomb_r
                0x0000000002008984       0x5c /opt/devkitpro/devkitARM/lib/gcc/arm-none-eabi/8.3.0/../../../../arm-none-eabi/lib/thumb/libg.a(lib_a-wcrtomb.o)
                0x0000000002008984                _wcrtomb_r
 .text._wcsrtombs_r
                0x00000000020089e0       0x1c /opt/devkitpro/devkitARM/lib/gcc/arm-none-eabi/8.3.0/../../../../arm-none-eabi/lib/thumb/libg.a(lib_a-wcsrtombs.o)
                0x00000000020089e0                _wcsrtombs_r
 .text.__swsetup_r
                0x00000000020089fc       0xe0 /opt/devkitpro/devkitARM/lib/gcc/arm-none-eabi/8.3.0/../../../../arm-none-eabi/lib/thumb/libg.a(lib_a-wsetup.o)
                0x00000000020089fc                __swsetup_r
 .text.__sflush_r
                0x0000000002008adc      0x1b8 /opt/devkitpro/devkitARM/lib/gcc/arm-none-eabi/8.3.0/../../../../arm-none-eabi/lib/thumb/libg.a(lib_a-fflush.o)
                0x0000000002008adc                __sflush_r
 .text._fflush_r
                0x0000000002008c94       0x70 /opt/devkitpro/devkitARM/lib/gcc/arm-none-eabi/8.3.0/../../../../arm-none-eabi/lib/thumb/libg.a(lib_a-fflush.o)
                0x0000000002008c94                _fflush_r
 .text.std      0x0000000002008d04       0x54 /opt/devkitpro/devkitARM/lib/gcc/arm-none-eabi/8.3.0/../../../../arm-none-eabi/lib/thumb/libg.a(lib_a-findfp.o)
 .text._cleanup_r
                0x0000000002008d58       0x14 /opt/devkitpro/devkitARM/lib/gcc/arm-none-eabi/8.3.0/../../../../arm-none-eabi/lib/thumb/libg.a(lib_a-findfp.o)
                0x0000000002008d58                _cleanup_r
 .text.__sinit  0x0000000002008d6c       0x64 /opt/devkitpro/devkitARM/lib/gcc/arm-none-eabi/8.3.0/../../../../arm-none-eabi/lib/thumb/libg.a(lib_a-findfp.o)
                0x0000000002008d6c                __sinit
 .text.__sfp_lock_acquire
                0x0000000002008dd0       0x14 /opt/devkitpro/devkitARM/lib/gcc/arm-none-eabi/8.3.0/../../../../arm-none-eabi/lib/thumb/libg.a(lib_a-findfp.o)
                0x0000000002008dd0                __sfp_lock_acquire
 .text.__sfp_lock_release
                0x0000000002008de4       0x14 /opt/devkitpro/devkitARM/lib/gcc/arm-none-eabi/8.3.0/../../../../arm-none-eabi/lib/thumb/libg.a(lib_a-findfp.o)
                0x0000000002008de4                __sfp_lock_release
 .text._malloc_trim_r
                0x0000000002008df8       0xa4 /opt/devkitpro/devkitARM/lib/gcc/arm-none-eabi/8.3.0/../../../../arm-none-eabi/lib/thumb/libg.a(lib_a-freer.o)
                0x0000000002008df8                _malloc_trim_r
 .text._free_r  0x0000000002008e9c      0x1e0 /opt/devkitpro/devkitARM/lib/gcc/arm-none-eabi/8.3.0/../../../../arm-none-eabi/lib/thumb/libg.a(lib_a-freer.o)
                0x0000000002008e9c                _free_r
 .text.__sfvwrite_r
                0x000000000200907c      0x348 /opt/devkitpro/devkitARM/lib/gcc/arm-none-eabi/8.3.0/../../../../arm-none-eabi/lib/thumb/libg.a(lib_a-fvwrite.o)
                0x000000000200907c                __sfvwrite_r
 .text._fwalk_reent
                0x00000000020093c4       0x54 /opt/devkitpro/devkitARM/lib/gcc/arm-none-eabi/8.3.0/../../../../arm-none-eabi/lib/thumb/libg.a(lib_a-fwalk.o)
                0x00000000020093c4                _fwalk_reent
 .text.iswspace
                0x0000000002009418       0x10 /opt/devkitpro/devkitARM/lib/gcc/arm-none-eabi/8.3.0/../../../../arm-none-eabi/lib/thumb/libg.a(lib_a-iswspace.o)
                0x0000000002009418                iswspace
 .text._localeconv_r
                0x0000000002009428        0x8 /opt/devkitpro/devkitARM/lib/gcc/arm-none-eabi/8.3.0/../../../../arm-none-eabi/lib/thumb/libg.a(lib_a-localeconv.o)
                0x0000000002009428                _localeconv_r
 .text.__locale_mb_cur_max
                0x0000000002009430       0x10 /opt/devkitpro/devkitARM/lib/gcc/arm-none-eabi/8.3.0/../../../../arm-none-eabi/lib/thumb/libg.a(lib_a-locale.o)
                0x0000000002009430                __locale_mb_cur_max
 .text.__swhatbuf_r
                0x0000000002009440       0x64 /opt/devkitpro/devkitARM/lib/gcc/arm-none-eabi/8.3.0/../../../../arm-none-eabi/lib/thumb/libg.a(lib_a-makebuf.o)
                0x0000000002009440                __swhatbuf_r
 .text.__smakebuf_r
                0x00000000020094a4       0x98 /opt/devkitpro/devkitARM/lib/gcc/arm-none-eabi/8.3.0/../../../../arm-none-eabi/lib/thumb/libg.a(lib_a-makebuf.o)
                0x00000000020094a4                __smakebuf_r
 .text._mbrtowc_r
                0x000000000200953c       0x60 /opt/devkitpro/devkitARM/lib/gcc/arm-none-eabi/8.3.0/../../../../arm-none-eabi/lib/thumb/libg.a(lib_a-mbrtowc.o)
                0x000000000200953c                _mbrtowc_r
 .text.__utf8_mbtowc
                0x000000000200959c      0x294 /opt/devkitpro/devkitARM/lib/gcc/arm-none-eabi/8.3.0/../../../../arm-none-eabi/lib/thumb/libg.a(lib_a-mbtowc_r.o)
                0x000000000200959c                __utf8_mbtowc
 .text.memchr   0x0000000002009830       0x84 /opt/devkitpro/devkitARM/lib/gcc/arm-none-eabi/8.3.0/../../../../arm-none-eabi/lib/thumb/libg.a(lib_a-memchr-stub.o)
                0x0000000002009830                memchr
 .text.memmove  0x00000000020098b4       0xb4 /opt/devkitpro/devkitARM/lib/gcc/arm-none-eabi/8.3.0/../../../../arm-none-eabi/lib/thumb/libg.a(lib_a-memmove.o)
                0x00000000020098b4                memmove
 .text.__sccl   0x0000000002009968       0x78 /opt/devkitpro/devkitARM/lib/gcc/arm-none-eabi/8.3.0/../../../../arm-none-eabi/lib/thumb/libg.a(lib_a-sccl.o)
                0x0000000002009968                __sccl
 .text.strncpy  0x00000000020099e0       0x84 /opt/devkitpro/devkitARM/lib/gcc/arm-none-eabi/8.3.0/../../../../arm-none-eabi/lib/thumb/libg.a(lib_a-strncpy.o)
                0x00000000020099e0                strncpy
 .text._strtoll_l.isra.0
                0x0000000002009a64      0x1b4 /opt/devkitpro/devkitARM/lib/gcc/arm-none-eabi/8.3.0/../../../../arm-none-eabi/lib/thumb/libg.a(lib_a-strtoll.o)
 .text._strtoll_r
                0x0000000002009c18        0xc /opt/devkitpro/devkitARM/lib/gcc/arm-none-eabi/8.3.0/../../../../arm-none-eabi/lib/thumb/libg.a(lib_a-strtoll.o)
                0x0000000002009c18                _strtoll_r
 .text._strtol_l.isra.0
                0x0000000002009c24      0x13c /opt/devkitpro/devkitARM/lib/gcc/arm-none-eabi/8.3.0/../../../../arm-none-eabi/lib/thumb/libg.a(lib_a-strtol.o)
 .text._strtol_r
                0x0000000002009d60        0xc /opt/devkitpro/devkitARM/lib/gcc/arm-none-eabi/8.3.0/../../../../arm-none-eabi/lib/thumb/libg.a(lib_a-strtol.o)
                0x0000000002009d60                _strtol_r
 .text._strtoull_l.isra.0
                0x0000000002009d6c      0x1c8 /opt/devkitpro/devkitARM/lib/gcc/arm-none-eabi/8.3.0/../../../../arm-none-eabi/lib/thumb/libg.a(lib_a-strtoull.o)
 .text._strtoull_r
                0x0000000002009f34        0xc /opt/devkitpro/devkitARM/lib/gcc/arm-none-eabi/8.3.0/../../../../arm-none-eabi/lib/thumb/libg.a(lib_a-strtoull.o)
                0x0000000002009f34                _strtoull_r
 .text._strtoul_l.isra.0
                0x0000000002009f40      0x144 /opt/devkitpro/devkitARM/lib/gcc/arm-none-eabi/8.3.0/../../../../arm-none-eabi/lib/thumb/libg.a(lib_a-strtoul.o)
 .text._strtoul_r
                0x000000000200a084        0xc /opt/devkitpro/devkitARM/lib/gcc/arm-none-eabi/8.3.0/../../../../arm-none-eabi/lib/thumb/libg.a(lib_a-strtoul.o)
                0x000000000200a084                _strtoul_r
 .text._wcsnrtombs_l
                0x000000000200a090      0x134 /opt/devkitpro/devkitARM/lib/gcc/arm-none-eabi/8.3.0/../../../../arm-none-eabi/lib/thumb/libg.a(lib_a-wcsnrtombs.o)
                0x000000000200a090                _wcsnrtombs_l
 .text._wcsnrtombs_r
                0x000000000200a1c4       0x30 /opt/devkitpro/devkitARM/lib/gcc/arm-none-eabi/8.3.0/../../../../arm-none-eabi/lib/thumb/libg.a(lib_a-wcsnrtombs.o)
                0x000000000200a1c4                _wcsnrtombs_r
 .text.__utf8_wctomb
                0x000000000200a1f4       0xbc /opt/devkitpro/devkitARM/lib/gcc/arm-none-eabi/8.3.0/../../../../arm-none-eabi/lib/thumb/libg.a(lib_a-wctomb_r.o)
                0x000000000200a1f4                __utf8_wctomb
 .text._fclose_r
                0x000000000200a2b0       0xe4 /opt/devkitpro/devkitARM/lib/gcc/arm-none-eabi/8.3.0/../../../../arm-none-eabi/lib/thumb/libg.a(lib_a-fclose.o)
                0x000000000200a2b0                _fclose_r
 .text.iswspace_l
                0x000000000200a394       0x2c /opt/devkitpro/devkitARM/lib/gcc/arm-none-eabi/8.3.0/../../../../arm-none-eabi/lib/thumb/libg.a(lib_a-iswspace_l.o)
                0x000000000200a394                iswspace_l
 .text.__jp2uc  0x000000000200a3c0      0x190 /opt/devkitpro/devkitARM/lib/gcc/arm-none-eabi/8.3.0/../../../../arm-none-eabi/lib/thumb/libg.a(lib_a-jp2uc.o)
 .text._jp2uc_l
                0x000000000200a550       0x6c /opt/devkitpro/devkitARM/lib/gcc/arm-none-eabi/8.3.0/../../../../arm-none-eabi/lib/thumb/libg.a(lib_a-jp2uc.o)
                0x000000000200a550                _jp2uc_l
 .text.category
                0x000000000200a5bc       0x58 /opt/devkitpro/devkitARM/lib/gcc/arm-none-eabi/8.3.0/../../../../arm-none-eabi/lib/thumb/libg.a(lib_a-categories.o)
                0x000000000200a5bc                category
 .text.null_write
                0x000000000200a614        0x4 /opt/devkitpro/devkitARM/lib/gcc/arm-none-eabi/8.3.0/../../../../arm-none-eabi/lib/thumb/libsysbase.a(iosupport.o)
 .text._close_r
                0x000000000200a618       0x5c /opt/devkitpro/devkitARM/lib/gcc/arm-none-eabi/8.3.0/../../../../arm-none-eabi/lib/thumb/libsysbase.a(close.o)
                0x000000000200a618                _close_r
 .text._fstat_r
                0x000000000200a674       0x4c /opt/devkitpro/devkitARM/lib/gcc/arm-none-eabi/8.3.0/../../../../arm-none-eabi/lib/thumb/libsysbase.a(fstat.o)
                0x000000000200a674                _fstat_r
 .text._isatty_r
                0x000000000200a6c0        0x4 /opt/devkitpro/devkitARM/lib/gcc/arm-none-eabi/8.3.0/../../../../arm-none-eabi/lib/thumb/libsysbase.a(isatty.o)
                0x000000000200a6c0                _isatty_r
 .text._lseek_r
                0x000000000200a6c4       0x5c /opt/devkitpro/devkitARM/lib/gcc/arm-none-eabi/8.3.0/../../../../arm-none-eabi/lib/thumb/libsysbase.a(lseek.o)
                0x000000000200a6c4                _lseek_r
 .text._read_r  0x000000000200a720       0x50 /opt/devkitpro/devkitARM/lib/gcc/arm-none-eabi/8.3.0/../../../../arm-none-eabi/lib/thumb/libsysbase.a(read.o)
                0x000000000200a720                _read_r
 .text._sbrk_r  0x000000000200a770       0x54 /opt/devkitpro/devkitARM/lib/gcc/arm-none-eabi/8.3.0/../../../../arm-none-eabi/lib/thumb/libsysbase.a(sbrk.o)
                0x000000000200a770                _sbrk_r
 .text._write_r
                0x000000000200a7c4       0x50 /opt/devkitpro/devkitARM/lib/gcc/arm-none-eabi/8.3.0/../../../../arm-none-eabi/lib/thumb/libsysbase.a(write.o)
                0x000000000200a7c4                _write_r
 .text.build_argv
                0x000000000200a814       0x4c /opt/devkitpro/devkitARM/lib/gcc/arm-none-eabi/8.3.0/../../../../arm-none-eabi/lib/thumb/libsysbase.a(build_argv.o)
                0x000000000200a814                build_argv
 .text.__flockfile
                0x000000000200a860       0x10 /opt/devkitpro/devkitARM/lib/gcc/arm-none-eabi/8.3.0/../../../../arm-none-eabi/lib/thumb/libsysbase.a(flock.o)
                0x000000000200a860                __flockfile
 .text.__funlockfile
                0x000000000200a870       0x10 /opt/devkitpro/devkitARM/lib/gcc/arm-none-eabi/8.3.0/../../../../arm-none-eabi/lib/thumb/libsysbase.a(flock.o)
                0x000000000200a870                __funlockfile
 .text.__libc_lock_acquire
                0x000000000200a880       0x1c /opt/devkitpro/devkitARM/lib/gcc/arm-none-eabi/8.3.0/../../../../arm-none-eabi/lib/thumb/libsysbase.a(syscall_support.o)
                0x000000000200a880                __libc_lock_acquire
 .text.__libc_lock_release
                0x000000000200a89c       0x1c /opt/devkitpro/devkitARM/lib/gcc/arm-none-eabi/8.3.0/../../../../arm-none-eabi/lib/thumb/libsysbase.a(syscall_support.o)
                0x000000000200a89c                __libc_lock_release
 .text.__libc_lock_init_recursive
                0x000000000200a8b8       0x1c /opt/devkitpro/devkitARM/lib/gcc/arm-none-eabi/8.3.0/../../../../arm-none-eabi/lib/thumb/libsysbase.a(syscall_support.o)
                0x000000000200a8b8                __libc_lock_init_recursive
 .text.__libc_lock_acquire_recursive
                0x000000000200a8d4       0x1c /opt/devkitpro/devkitARM/lib/gcc/arm-none-eabi/8.3.0/../../../../arm-none-eabi/lib/thumb/libsysbase.a(syscall_support.o)
                0x000000000200a8d4                __libc_lock_acquire_recursive
 .text.__libc_lock_release_recursive
                0x000000000200a8f0       0x1c /opt/devkitpro/devkitARM/lib/gcc/arm-none-eabi/8.3.0/../../../../arm-none-eabi/lib/thumb/libsysbase.a(syscall_support.o)
                0x000000000200a8f0                __libc_lock_release_recursive
 .text.__libc_lock_close_recursive
                0x000000000200a90c       0x1c /opt/devkitpro/devkitARM/lib/gcc/arm-none-eabi/8.3.0/../../../../arm-none-eabi/lib/thumb/libsysbase.a(syscall_support.o)
                0x000000000200a90c                __libc_lock_close_recursive
 .text.__release_handle
                0x000000000200a928       0x6c /opt/devkitpro/devkitARM/lib/gcc/arm-none-eabi/8.3.0/../../../../arm-none-eabi/lib/thumb/libsysbase.a(handle_manager.o)
                0x000000000200a928                __release_handle
 .text.__get_handle
                0x000000000200a994       0x1c /opt/devkitpro/devkitARM/lib/gcc/arm-none-eabi/8.3.0/../../../../arm-none-eabi/lib/thumb/libsysbase.a(handle_manager.o)
                0x000000000200a994                __get_handle
 .text.__getreent
                0x000000000200a9b0       0x28 /opt/devkitpro/devkitARM/lib/gcc/arm-none-eabi/8.3.0/../../../../arm-none-eabi/lib/thumb/libsysbase.a(getreent.o)
                0x000000000200a9b0                __getreent
 .text.__muldi3
                0x000000000200a9d8       0x60 /opt/devkitpro/devkitARM/lib/gcc/arm-none-eabi/8.3.0/thumb/libgcc.a(_muldi3.o)
                0x000000000200a9d8                __aeabi_lmul
                0x000000000200a9d8                __muldi3
 .text.__udivmoddi4
                0x000000000200aa38      0x1a8 /opt/devkitpro/devkitARM/lib/gcc/arm-none-eabi/8.3.0/thumb/libgcc.a(_udivmoddi4.o)
                0x000000000200aa38                __udivmoddi4
 .text.__udivmoddi4.__stub
                0x000000000200abe0       0x98 linker stubs
 *(EXCLUDE_FILE(*.twl*) .gnu.warning)
 *(EXCLUDE_FILE(*.twl*) .gnu.linkonce.t*)
 *(.glue_7)
 .glue_7        0x000000000200ac88        0x0 linker stubs
 *(.glue_7t)
 .glue_7t       0x000000000200ac88        0x0 linker stubs
                0x000000000200ac88                . = ALIGN (0x4)

.vfp11_veneer   0x000000000200ac88        0x0
 .vfp11_veneer  0x000000000200ac88        0x0 linker stubs

.v4_bx          0x000000000200ac88        0x0
 .v4_bx         0x000000000200ac88        0x0 linker stubs

.iplt           0x000000000200ac88        0x0
 .iplt          0x000000000200ac88        0x0 /opt/devkitpro/devkitARM/lib/gcc/arm-none-eabi/8.3.0/../../../../arm-none-eabi/lib/thumb/ds_arm9_crt0.o

.fini           0x000000000200ac88        0xc
 *(.fini)
 .fini          0x000000000200ac88        0x4 /opt/devkitpro/devkitARM/lib/gcc/arm-none-eabi/8.3.0/thumb/crti.o
                0x000000000200ac88                _fini
 .fini          0x000000000200ac8c        0x8 /opt/devkitpro/devkitARM/lib/gcc/arm-none-eabi/8.3.0/thumb/crtn.o
                0x000000000200ac94                __text_end = .

.rodata         0x000000000200ac94    0x80d04
 *(EXCLUDE_FILE(*.twl*) .rodata)
 .rodata        0x000000000200ac94    0x18000 Pausa.o
                0x000000000200ac94                PausaBitmap
 .rodata        0x0000000002022c94    0x18000 fondoa.o
                0x0000000002022c94                fondoaBitmap
 .rodata        0x000000000203ac94    0x18000 Irabazlea.o
                0x000000000203ac94                IrabazleaBitmap
 .rodata        0x0000000002052c94    0x18000 Galtzailea.o
                0x0000000002052c94                GaltzaileaBitmap
 .rodata        0x000000000206ac94    0x18000 hasiera.o
                0x000000000206ac94                hasieraBitmap
 .rodata        0x0000000002082c94     0x2004 /opt/devkitpro/libnds/lib/libnds9.a(default_font.bin.o)
                0x0000000002082c94                default_font_bin
                0x0000000002084c94                default_font_bin_end
                0x0000000002084c94                default_font_bin_size
 *all.rodata*(*)
 *(EXCLUDE_FILE(*.twl*) .roda)
 *(EXCLUDE_FILE(*.twl*) .rodata.*)
 .rodata.str1.4
                0x0000000002084c98       0x28 jokoa01.o
 .rodata.str1.4
                0x0000000002084cc0       0xa3 zerbitzuErrutinak.o
 *fill*         0x0000000002084d63        0x1 ff
 .rodata.con_write
                0x0000000002084d64       0xd4 /opt/devkitpro/libnds/lib/libnds9.a(console.o)
 .rodata.con_write.str1.4
                0x0000000002084e38       0x30 /opt/devkitpro/libnds/lib/libnds9.a(console.o)
 .rodata.dotab_stdout
                0x0000000002084e68       0x70 /opt/devkitpro/libnds/lib/libnds9.a(console.o)
 .rodata.str1.4
                0x0000000002084ed8       0x14 /opt/devkitpro/libnds/lib/libnds9.a(console.o)
 .rodata.SIN_LUT
                0x0000000002084eec      0x102 /opt/devkitpro/libnds/lib/libnds9.a(trig.o)
                0x0000000002084eec                SIN_LUT
 *fill*         0x0000000002084fee        0x2 ff
 .rodata.basefix.6979
                0x0000000002084ff0       0x22 /opt/devkitpro/devkitARM/lib/gcc/arm-none-eabi/8.3.0/../../../../arm-none-eabi/lib/thumb/libg.a(lib_a-svfiscanf.o)
 .rodata._vfiprintf_r.str1.1
                0x0000000002085012       0x29 /opt/devkitpro/devkitARM/lib/gcc/arm-none-eabi/8.3.0/../../../../arm-none-eabi/lib/thumb/libg.a(lib_a-vfiprintf.o)
 *fill*         0x000000000208503b        0x1 ff
 .rodata.blanks.7416
                0x000000000208503c       0x10 /opt/devkitpro/devkitARM/lib/gcc/arm-none-eabi/8.3.0/../../../../arm-none-eabi/lib/thumb/libg.a(lib_a-vfiprintf.o)
 .rodata.zeroes.7417
                0x000000000208504c       0x10 /opt/devkitpro/devkitARM/lib/gcc/arm-none-eabi/8.3.0/../../../../arm-none-eabi/lib/thumb/libg.a(lib_a-vfiprintf.o)
 .rodata._ctype_
                0x000000000208505c      0x101 /opt/devkitpro/devkitARM/lib/gcc/arm-none-eabi/8.3.0/../../../../arm-none-eabi/lib/thumb/libg.a(lib_a-ctype_.o)
                0x000000000208505c                _ctype_
 *fill*         0x000000000208515d        0x3 ff
 .rodata.str1.4
                0x0000000002085160       0x48 /opt/devkitpro/devkitARM/lib/gcc/arm-none-eabi/8.3.0/../../../../arm-none-eabi/lib/thumb/libg.a(lib_a-locale.o)
                                         0x4c (size before relaxing)
 .rodata._mbrtowc_r.str1.4
                0x00000000020851a8        0x1 /opt/devkitpro/devkitARM/lib/gcc/arm-none-eabi/8.3.0/../../../../arm-none-eabi/lib/thumb/libg.a(lib_a-mbrtowc.o)
 .rodata.__action_table
                0x00000000020851a8       0x6c /opt/devkitpro/devkitARM/lib/gcc/arm-none-eabi/8.3.0/../../../../arm-none-eabi/lib/thumb/libg.a(lib_a-svfiprintf.o)
                0x00000000020851a8                __action_table
 .rodata.__chclass
                0x0000000002085214      0x100 /opt/devkitpro/devkitARM/lib/gcc/arm-none-eabi/8.3.0/../../../../arm-none-eabi/lib/thumb/libg.a(lib_a-svfiprintf.o)
                0x0000000002085214                __chclass
 .rodata.__state_table
                0x0000000002085314       0x6c /opt/devkitpro/devkitARM/lib/gcc/arm-none-eabi/8.3.0/../../../../arm-none-eabi/lib/thumb/libg.a(lib_a-svfiprintf.o)
                0x0000000002085314                __state_table
 .rodata.__jp2uc
                0x0000000002085380       0x20 /opt/devkitpro/devkitARM/lib/gcc/arm-none-eabi/8.3.0/../../../../arm-none-eabi/lib/thumb/libg.a(lib_a-jp2uc.o)
 .rodata._jp2uc_l.str1.4
                0x00000000020853a0       0x12 /opt/devkitpro/devkitARM/lib/gcc/arm-none-eabi/8.3.0/../../../../arm-none-eabi/lib/thumb/libg.a(lib_a-jp2uc.o)
 *fill*         0x00000000020853b2        0x2 ff
 .rodata.a1     0x00000000020853b4       0xbc /opt/devkitpro/devkitARM/lib/gcc/arm-none-eabi/8.3.0/../../../../arm-none-eabi/lib/thumb/libg.a(lib_a-jp2uc.o)
 .rodata.a2     0x0000000002085470       0xbc /opt/devkitpro/devkitARM/lib/gcc/arm-none-eabi/8.3.0/../../../../arm-none-eabi/lib/thumb/libg.a(lib_a-jp2uc.o)
 .rodata.a3     0x000000000208552c       0x5b /opt/devkitpro/devkitARM/lib/gcc/arm-none-eabi/8.3.0/../../../../arm-none-eabi/lib/thumb/libg.a(lib_a-jp2uc.o)
 *fill*         0x0000000002085587        0x1 ff
 .rodata.a6     0x0000000002085588       0x70 /opt/devkitpro/devkitARM/lib/gcc/arm-none-eabi/8.3.0/../../../../arm-none-eabi/lib/thumb/libg.a(lib_a-jp2uc.o)
 .rodata.a7     0x00000000020855f8       0xa2 /opt/devkitpro/devkitARM/lib/gcc/arm-none-eabi/8.3.0/../../../../arm-none-eabi/lib/thumb/libg.a(lib_a-jp2uc.o)
 *fill*         0x000000000208569a        0x2 ff
 .rodata.a8     0x000000000208569c       0x40 /opt/devkitpro/devkitARM/lib/gcc/arm-none-eabi/8.3.0/../../../../arm-none-eabi/lib/thumb/libg.a(lib_a-jp2uc.o)
 .rodata.b02cf  0x00000000020856dc     0x172a /opt/devkitpro/devkitARM/lib/gcc/arm-none-eabi/8.3.0/../../../../arm-none-eabi/lib/thumb/libg.a(lib_a-jp2uc.o)
 *fill*         0x0000000002086e06        0x2 ff
 .rodata.d02f4  0x0000000002086e08     0x1a7c /opt/devkitpro/devkitARM/lib/gcc/arm-none-eabi/8.3.0/../../../../arm-none-eabi/lib/thumb/libg.a(lib_a-jp2uc.o)
 .rodata.categories
                0x0000000002088884     0x309c /opt/devkitpro/devkitARM/lib/gcc/arm-none-eabi/8.3.0/../../../../arm-none-eabi/lib/thumb/libg.a(lib_a-categories.o)
 .rodata.AddDevice.str1.4
                0x000000000208b920        0x8 /opt/devkitpro/devkitARM/lib/gcc/arm-none-eabi/8.3.0/../../../../arm-none-eabi/lib/thumb/libsysbase.a(iosupport.o)
 .rodata.dotab_stdnull
                0x000000000208b928       0x70 /opt/devkitpro/devkitARM/lib/gcc/arm-none-eabi/8.3.0/../../../../arm-none-eabi/lib/thumb/libsysbase.a(iosupport.o)
                0x000000000208b928                dotab_stdnull
 *(EXCLUDE_FILE(*.twl*) .gnu.linkonce.r*)
                0x000000000208b998                . = ALIGN (0x4)

.ARM.extab
 *(.ARM.extab* .gnu.linkonce.armextab.*)
                0x000000000208b998                __exidx_start = .

ARM.exidx
 *(.ARM.exidx* .gnu.linkonce.armexidx.*)
                0x000000000208b998                __exidx_end = .
                0x000000000208b998                . = ALIGN (0x4)
                0x000000000208b998                PROVIDE (__preinit_array_start = .)

.preinit_array
 *(.preinit_array)
                0x000000000208b998                PROVIDE (__preinit_array_end = .)
                0x000000000208b998                PROVIDE (__init_array_start = .)

.init_array     0x000000000208b998        0x4
 *(SORT_BY_NAME(.init_array.*))
 *(.init_array)
 .init_array    0x000000000208b998        0x4 /opt/devkitpro/devkitARM/lib/gcc/arm-none-eabi/8.3.0/thumb/crtbegin.o
                0x000000000208b99c                PROVIDE (__init_array_end = .)
                [!provide]                        PROVIDE (__fini_array_start = .)

.fini_array     0x000000000208b99c        0x4
 *(.fini_array)
 .fini_array    0x000000000208b99c        0x4 /opt/devkitpro/devkitARM/lib/gcc/arm-none-eabi/8.3.0/thumb/crtbegin.o
 *(SORT_BY_NAME(.fini_array.*))
                [!provide]                        PROVIDE (__fini_array_end = .)

.ctors          0x000000000208b9a0        0x0
 *crtbegin.o(.ctors)
 *(EXCLUDE_FILE(*crtend.o) .ctors)
 *(SORT_BY_NAME(.ctors.*))
 *(.ctors)
                0x000000000208b9a0                . = ALIGN (0x4)

.dtors          0x000000000208b9a0        0x0
 *crtbegin.o(.dtors)
 *(EXCLUDE_FILE(*crtend.o) .dtors)
 *(SORT_BY_NAME(.dtors.*))
 *(.dtors)
                0x000000000208b9a0                . = ALIGN (0x4)

.eh_frame       0x000000000208b9a0        0x4
 *(.eh_frame)
 .eh_frame      0x000000000208b9a0        0x0 /opt/devkitpro/devkitARM/lib/gcc/arm-none-eabi/8.3.0/thumb/crtbegin.o
 .eh_frame      0x000000000208b9a0        0x4 /opt/devkitpro/devkitARM/lib/gcc/arm-none-eabi/8.3.0/thumb/crtend.o
                0x000000000208b9a4                . = ALIGN (0x4)

.rel.dyn        0x000000000208b9a4        0x0
 .rel.iplt      0x000000000208b9a4        0x0 /opt/devkitpro/devkitARM/lib/gcc/arm-none-eabi/8.3.0/../../../../arm-none-eabi/lib/thumb/ds_arm9_crt0.o

.gcc_except_table
                0x000000000208b9a4        0x0
 *(.gcc_except_table)
                0x000000000208b9a4                . = ALIGN (0x4)

.jcr
 *(.jcr)

.got
 *(.got.plt)
 *(.got)
 *(.rel.got)

.ewram          0x000000000208b9a4        0x0
                0x000000000208b9a4                __ewram_start = ABSOLUTE (.)
 *(.ewram)
 *ewram.*(.text)
                0x000000000208b9a4                . = ALIGN (0x4)

.data           0x000000000208b9a4     0x23fc
                0x000000000208b9a4                __data_start = ABSOLUTE (.)
 *(EXCLUDE_FILE(*.twl*) .data)
 .data          0x000000000208b9a4      0x800 spriteak.o
                0x000000000208b9a4                pelotaMorea
                0x000000000208baa4                paloteGorria
                0x000000000208bba4                paloteUrdina
                0x000000000208bca4                erronboHandia
                0x000000000208c0a4                erronbo
 .data          0x000000000208c1a4       0x18 zerbitzuErrutinak.o
                0x000000000208c1a4                paloteUrdinaY
                0x000000000208c1a8                pelotaY
                0x000000000208c1ac                pelotaX
                0x000000000208c1b0                paloteGorriaY
                0x000000000208c1b4                paloteGorriaX
                0x000000000208c1b8                paloteUrdinaX
 .data          0x000000000208c1bc       0x28 /opt/devkitpro/libnds/lib/libnds9.a(mpu_setup.o)
 *(EXCLUDE_FILE(*.twl*) .data.*)
 .data.currentConsole
                0x000000000208c1e4        0x4 /opt/devkitpro/libnds/lib/libnds9.a(console.o)
                0x000000000208c1e4                currentConsole
 .data.defaultConsole
                0x000000000208c1e8       0x5c /opt/devkitpro/libnds/lib/libnds9.a(console.o)
                0x000000000208c1e8                defaultConsole
 .data.firstConsoleInit.6889
                0x000000000208c244        0x1 /opt/devkitpro/libnds/lib/libnds9.a(console.o)
 *fill*         0x000000000208c245        0x3 ff
 .data.oamMain  0x000000000208c248       0x18 /opt/devkitpro/libnds/lib/libnds9.a(sprite.o)
                0x000000000208c248                oamMain
 .data.oamSub   0x000000000208c260       0x18 /opt/devkitpro/libnds/lib/libnds9.a(sprite.o)
                0x000000000208c260                oamSub
 .data.fifo_buffer_free
                0x000000000208c278        0x4 /opt/devkitpro/libnds/lib/libnds9.a(fifosystem.o)
                0x000000000208c278                fifo_buffer_free
 .data.fifo_freewords
                0x000000000208c27c        0x4 /opt/devkitpro/libnds/lib/libnds9.a(fifosystem.o)
                0x000000000208c27c                fifo_freewords
 .data.fifo_receive_queue
                0x000000000208c280        0x4 /opt/devkitpro/libnds/lib/libnds9.a(fifosystem.o)
                0x000000000208c280                fifo_receive_queue
 .data.fifo_send_queue
                0x000000000208c284        0x4 /opt/devkitpro/libnds/lib/libnds9.a(fifosystem.o)
                0x000000000208c284                fifo_send_queue
 .data.bgControl
                0x000000000208c288       0x20 /opt/devkitpro/libnds/lib/libnds9.a(background.o)
                0x000000000208c288                bgControl
 .data.bgScrollTable
                0x000000000208c2a8       0x20 /opt/devkitpro/libnds/lib/libnds9.a(background.o)
                0x000000000208c2a8                bgScrollTable
 .data.bgTransform
                0x000000000208c2c8       0x20 /opt/devkitpro/libnds/lib/libnds9.a(background.o)
                0x000000000208c2c8                bgTransform
 .data.__malloc_av_
                0x000000000208c2e8      0x408 /opt/devkitpro/devkitARM/lib/gcc/arm-none-eabi/8.3.0/../../../../arm-none-eabi/lib/thumb/libg.a(lib_a-mallocr.o)
                0x000000000208c2e8                __malloc_av_
 .data.__malloc_sbrk_base
                0x000000000208c6f0        0x4 /opt/devkitpro/devkitARM/lib/gcc/arm-none-eabi/8.3.0/../../../../arm-none-eabi/lib/thumb/libg.a(lib_a-mallocr.o)
                0x000000000208c6f0                __malloc_sbrk_base
 .data.__malloc_trim_threshold
                0x000000000208c6f4        0x4 /opt/devkitpro/devkitARM/lib/gcc/arm-none-eabi/8.3.0/../../../../arm-none-eabi/lib/thumb/libg.a(lib_a-mallocr.o)
                0x000000000208c6f4                __malloc_trim_threshold
 .data.__malloc_recursive_mutex
                0x000000000208c6f8        0xc /opt/devkitpro/devkitARM/lib/gcc/arm-none-eabi/8.3.0/../../../../arm-none-eabi/lib/thumb/libg.a(lib_a-mlock.o)
 .data.__sfp_recursive_mutex
                0x000000000208c704        0xc /opt/devkitpro/devkitARM/lib/gcc/arm-none-eabi/8.3.0/../../../../arm-none-eabi/lib/thumb/libg.a(lib_a-findfp.o)
 .data.__sinit_recursive_mutex
                0x000000000208c710        0xc /opt/devkitpro/devkitARM/lib/gcc/arm-none-eabi/8.3.0/../../../../arm-none-eabi/lib/thumb/libg.a(lib_a-findfp.o)
 .data._impure_ptr
                0x000000000208c71c        0x4 /opt/devkitpro/devkitARM/lib/gcc/arm-none-eabi/8.3.0/../../../../arm-none-eabi/lib/thumb/libg.a(lib_a-impure.o)
                0x000000000208c71c                _impure_ptr
 .data.impure_data
                0x000000000208c720      0x460 /opt/devkitpro/devkitARM/lib/gcc/arm-none-eabi/8.3.0/../../../../arm-none-eabi/lib/thumb/libg.a(lib_a-impure.o)
 .data.__global_locale
                0x000000000208cb80      0x16c /opt/devkitpro/devkitARM/lib/gcc/arm-none-eabi/8.3.0/../../../../arm-none-eabi/lib/thumb/libg.a(lib_a-locale.o)
                0x000000000208cb80                __global_locale
 .data.devoptab_list
                0x000000000208ccec       0x8c /opt/devkitpro/devkitARM/lib/gcc/arm-none-eabi/8.3.0/../../../../arm-none-eabi/lib/thumb/libsysbase.a(iosupport.o)
                0x000000000208ccec                devoptab_list
 .data.__hndl_lock
                0x000000000208cd78        0x4 /opt/devkitpro/devkitARM/lib/gcc/arm-none-eabi/8.3.0/../../../../arm-none-eabi/lib/thumb/libsysbase.a(handle_manager.o)
 .data.__stderr_handle
                0x000000000208cd7c        0xc /opt/devkitpro/devkitARM/lib/gcc/arm-none-eabi/8.3.0/../../../../arm-none-eabi/lib/thumb/libsysbase.a(handle_manager.o)
 .data.__stdin_handle
                0x000000000208cd88        0xc /opt/devkitpro/devkitARM/lib/gcc/arm-none-eabi/8.3.0/../../../../arm-none-eabi/lib/thumb/libsysbase.a(handle_manager.o)
 .data.__stdout_handle
                0x000000000208cd94        0xc /opt/devkitpro/devkitARM/lib/gcc/arm-none-eabi/8.3.0/../../../../arm-none-eabi/lib/thumb/libsysbase.a(handle_manager.o)
 .data.handles  0x000000000208cda0     0x1000 /opt/devkitpro/devkitARM/lib/gcc/arm-none-eabi/8.3.0/../../../../arm-none-eabi/lib/thumb/libsysbase.a(handle_manager.o)
 *(EXCLUDE_FILE(*.twl*) .gnu.linkonce.d*)
                0x000000000208dda0                . = ALIGN (0x4)
                0x000000000208dda0                __data_end = ABSOLUTE (.)
                0x000000000208dda0                __bss_vma = .

.igot.plt       0x000000000208dda0        0x0
 .igot.plt      0x000000000208dda0        0x0 /opt/devkitpro/devkitARM/lib/gcc/arm-none-eabi/8.3.0/../../../../arm-none-eabi/lib/thumb/ds_arm9_crt0.o

.tm_clone_table
                0x000000000208dda0        0x0
 .tm_clone_table
                0x000000000208dda0        0x0 /opt/devkitpro/devkitARM/lib/gcc/arm-none-eabi/8.3.0/thumb/crtbegin.o
 .tm_clone_table
                0x000000000208dda0        0x0 /opt/devkitpro/devkitARM/lib/gcc/arm-none-eabi/8.3.0/thumb/crtend.o

.dtcm           0x000000000b000000        0x0 load address 0x000000000208dda0
                0x000000000208dda0                __dtcm_lma = LOADADDR (.dtcm)
                0x000000000b000000                __dtcm_start = ABSOLUTE (.)
 *(.dtcm)
 *(.dtcm.*)
                0x000000000b000000                . = ALIGN (0x4)
                0x000000000b000000                __dtcm_end = ABSOLUTE (.)

.itcm           0x0000000001000100      0x194 load address 0x000000000208dda0
                0x000000000208dda0                __itcm_lma = LOADADDR (.itcm)
                0x0000000001000100                __itcm_start = ABSOLUTE (.)
 *(.itcm)
 .itcm          0x0000000001000100       0xc8 /opt/devkitpro/libnds/lib/libnds9.a(interrupts.o)
                0x0000000001000100                irqTable
 .itcm          0x00000000010001c8       0xcc /opt/devkitpro/libnds/lib/libnds9.a(interruptDispatcher.o)
                0x00000000010001c8                IntrMain
 *.itcm*(.text .stub .text.*)
                0x0000000001000294                . = ALIGN (0x4)
                0x0000000001000294                __itcm_end = ABSOLUTE (.)

.vectors        0x0000000001000000        0x0 load address 0x000000000208df34
                0x000000000208df34                __vectors_lma = LOADADDR (.vectors)
                0x0000000001000000                __vectors_start = ABSOLUTE (.)
 *(.vectors .vectors.*)
                0x0000000001000000                . = ALIGN (0x4)
                0x0000000001000000                __vectors_end = ABSOLUTE (.)

.sbss           0x000000000b000000        0x0
                0x000000000b000000                __sbss_start = ABSOLUTE (.)
                0x000000000b000000                __sbss_start__ = ABSOLUTE (.)
 *(.sbss)
                0x000000000b000000                . = ALIGN (0x4)
                0x000000000b000000                __sbss_end = ABSOLUTE (.)

.bss            0x000000000208dda0     0x14c4
                0x000000000208dda0                __bss_start = ABSOLUTE (.)
                0x000000000208dda0                __bss_start__ = ABSOLUTE (.)
 *(EXCLUDE_FILE(*.twl*) .dynbss)
 *(EXCLUDE_FILE(*.twl*) .gnu.linkonce.b*)
 *(EXCLUDE_FILE(*.twl*) .bss*)
 .bss.completed.9044
                0x000000000208dda0        0x1 /opt/devkitpro/devkitARM/lib/gcc/arm-none-eabi/8.3.0/thumb/crtbegin.o
 *fill*         0x000000000208dda1        0x3 
 .bss.object.9049
                0x000000000208dda4       0x18 /opt/devkitpro/devkitARM/lib/gcc/arm-none-eabi/8.3.0/thumb/crtbegin.o
 .bss           0x000000000208ddbc       0x14 zerbitzuErrutinak.o
                0x000000000208ddbc                puntuazioaPlayer
                0x000000000208ddcc                puntuazioaCpu
 .bss.SDcallback
                0x000000000208ddd0        0x4 /opt/devkitpro/libnds/lib/libnds9.a(system.o)
 .bss.processing
                0x000000000208ddd4        0x4 /opt/devkitpro/libnds/lib/libnds9.a(fifosystem.o)
                0x000000000208ddd4                processing
 .bss.__malloc_current_mallinfo
                0x000000000208ddd8       0x28 /opt/devkitpro/devkitARM/lib/gcc/arm-none-eabi/8.3.0/../../../../arm-none-eabi/lib/thumb/libg.a(lib_a-mallocr.o)
                0x000000000208ddd8                __malloc_current_mallinfo
 .bss.__malloc_max_sbrked_mem
                0x000000000208de00        0x4 /opt/devkitpro/devkitARM/lib/gcc/arm-none-eabi/8.3.0/../../../../arm-none-eabi/lib/thumb/libg.a(lib_a-mallocr.o)
                0x000000000208de00                __malloc_max_sbrked_mem
 .bss.__malloc_max_total_mem
                0x000000000208de04        0x4 /opt/devkitpro/devkitARM/lib/gcc/arm-none-eabi/8.3.0/../../../../arm-none-eabi/lib/thumb/libg.a(lib_a-mallocr.o)
                0x000000000208de04                __malloc_max_total_mem
 .bss.__malloc_top_pad
                0x000000000208de08        0x4 /opt/devkitpro/devkitARM/lib/gcc/arm-none-eabi/8.3.0/../../../../arm-none-eabi/lib/thumb/libg.a(lib_a-mallocr.o)
                0x000000000208de08                __malloc_top_pad
 .bss.heap_start.6107
                0x000000000208de0c        0x4 /opt/devkitpro/devkitARM/lib/gcc/arm-none-eabi/8.3.0/../../../../arm-none-eabi/lib/thumb/libsysbase.a(sbrk.o)
 .bss.fake_heap_end
                0x000000000208de10        0x4 /opt/devkitpro/devkitARM/lib/gcc/arm-none-eabi/8.3.0/../../../../arm-none-eabi/lib/thumb/libsysbase.a(malloc_vars.o)
                0x000000000208de10                fake_heap_end
 .bss.fake_heap_start
                0x000000000208de14        0x4 /opt/devkitpro/devkitARM/lib/gcc/arm-none-eabi/8.3.0/../../../../arm-none-eabi/lib/thumb/libsysbase.a(malloc_vars.o)
                0x000000000208de14                fake_heap_start
 .bss.__syscalls
                0x000000000208de18       0x48 /opt/devkitpro/devkitARM/lib/gcc/arm-none-eabi/8.3.0/../../../../arm-none-eabi/lib/thumb/libsysbase.a(syscall_support.o)
                0x000000000208de18                __syscalls
 *(EXCLUDE_FILE(*.twl*) COMMON)
 COMMON         0x000000000208de60       0x14 spriteak.o
                0x000000000208de60                gfxpaloteGorria
                0x000000000208de64                gfxerronbo
                0x000000000208de68                gfxerronboHandia
                0x000000000208de6c                gfxpaloteUrdina
                0x000000000208de70                gfxpelotaMorea
 COMMON         0x000000000208de74        0x4 zerbitzuErrutinak.o
                0x000000000208de74                EGOERA
 COMMON         0x000000000208de78       0x5c /opt/devkitpro/libnds/lib/libnds9.a(console.o)
                0x000000000208de78                currentCopy
 COMMON         0x000000000208ded4      0x800 /opt/devkitpro/libnds/lib/libnds9.a(sprite.o)
                0x000000000208ded4                OamMemorySub
                0x000000000208e2d4                OamMemory
 COMMON         0x000000000208e6d4        0x1 /opt/devkitpro/libnds/lib/libnds9.a(initSystem.o)
                0x000000000208e6d4                __dsimode
 *fill*         0x000000000208e6d5        0x3 
 COMMON         0x000000000208e6d8        0x4 /opt/devkitpro/libnds/lib/libnds9.a(timeSupport.o)
                0x000000000208e6d8                punixTime
 COMMON         0x000000000208e6dc      0xa40 /opt/devkitpro/libnds/lib/libnds9.a(fifosystem.o)
                0x000000000208e6dc                fifo_datamsg_data
                0x000000000208e71c                fifo_buffer
                0x000000000208ef1c                fifo_value32_func
                0x000000000208ef5c                fifo_address_func
                0x000000000208ef9c                fifo_value32_data
                0x000000000208efdc                fifo_value32_queue
                0x000000000208f01c                fifo_data_queue
                0x000000000208f05c                fifo_address_data
                0x000000000208f09c                fifo_datamsg_func
                0x000000000208f0dc                fifo_address_queue
 COMMON         0x000000000208f11c      0x148 /opt/devkitpro/libnds/lib/libnds9.a(background.o)
                0x000000000208f11c                bgState
                0x000000000208f25c                bgIsTextLut
                0x000000000208f264                . = ALIGN (0x4)
                0x000000000208f264                __bss_end__ = ABSOLUTE (.)
                0x000000000208f264                __end__ = ABSOLUTE (.)

.twl            0x000000000208f264        0x0 load address 0x0000000002400000
                0x0000000002400000                __arm9i_lma__ = LOADADDR (.twl)
                0x000000000208f264                __arm9i_start__ = ABSOLUTE (.)
 *(.twl)
 *.twl*(.text .stub .text.* .gnu.linkonce.t.*)
 *.twl*(.rodata)
 *.twl*(.roda)
 *.twl*(.rodata.*)
 *.twl*(.data)
 *.twl*(.data.*)
 *.twl*(.gnu.linkonce.d*)
                0x000000000208f264                __arm9i_end__ = ABSOLUTE (.)

.twl_bss        0x000000000208f264        0x0
                0x000000000208f264                __twl_bss_start__ = ABSOLUTE (.)
 *(.twl_bss)
 *.twl*(.dynbss)
 *.twl*(.gnu.linkonce.b*)
 *.twl*(.bss*)
 *.twl*(COMMON)
                0x000000000208f264                . = ALIGN (0x4)
                0x000000000208f264                __twl_bss_end__ = ABSOLUTE (.)
                0x000000000208f264                __twl_end__ = ABSOLUTE (.)

.stab
 *(.stab)

.stabstr
 *(.stabstr)

.stab.excl
 *(.stab.excl)

.stab.exclstr
 *(.stab.exclstr)

.stab.index
 *(.stab.index)

.stab.indexstr
 *(.stab.indexstr)

.comment        0x0000000000000000       0x46
 *(.comment)
 .comment       0x0000000000000000       0x24 /opt/devkitpro/devkitARM/lib/gcc/arm-none-eabi/8.3.0/thumb/crtbegin.o
                                         0x25 (size before relaxing)
 .comment       0x0000000000000024       0x25 jokoa01.o
 .comment       0x0000000000000024       0x25 grafikoak.o
 .comment       0x0000000000000024       0x25 spriteak.o
 .comment       0x0000000000000024       0x25 periferikoak.o
 .comment       0x0000000000000024       0x25 main.o
 .comment       0x0000000000000024       0x25 zerbitzuErrutinak.o
 .comment       0x0000000000000024       0x25 fondoak.o
 .comment       0x0000000000000024       0x22 /opt/devkitpro/libnds/lib/libnds9.a(video.o)
                                         0x23 (size before relaxing)
 .comment       0x0000000000000046       0x23 /opt/devkitpro/libnds/lib/libnds9.a(touch.o)
 .comment       0x0000000000000046       0x23 /opt/devkitpro/libnds/lib/libnds9.a(sprite_alloc.o)
 .comment       0x0000000000000046       0x23 /opt/devkitpro/libnds/lib/libnds9.a(system.o)
 .comment       0x0000000000000046       0x23 /opt/devkitpro/libnds/lib/libnds9.a(console.o)
 .comment       0x0000000000000046       0x23 /opt/devkitpro/libnds/lib/libnds9.a(sprite.o)
 .comment       0x0000000000000046       0x23 /opt/devkitpro/libnds/lib/libnds9.a(initSystem.o)
 .comment       0x0000000000000046       0x23 /opt/devkitpro/libnds/lib/libnds9.a(timeSupport.o)
 .comment       0x0000000000000046       0x23 /opt/devkitpro/libnds/lib/libnds9.a(securearea.o)
 .comment       0x0000000000000046       0x23 /opt/devkitpro/libnds/lib/libnds9.a(interrupts.o)
 .comment       0x0000000000000046       0x23 /opt/devkitpro/libnds/lib/libnds9.a(libnds_exit.arm.o)
 .comment       0x0000000000000046       0x23 /opt/devkitpro/libnds/lib/libnds9.a(fifosystem.o)
 .comment       0x0000000000000046       0x23 /opt/devkitpro/libnds/lib/libnds9.a(background.o)
 .comment       0x0000000000000046       0x23 /opt/devkitpro/libnds/lib/libnds9.a(trig.o)
 .comment       0x0000000000000046       0x25 /opt/devkitpro/devkitARM/lib/gcc/arm-none-eabi/8.3.0/../../../../arm-none-eabi/lib/thumb/libg.a(lib_a-init.o)
 .comment       0x0000000000000046       0x25 /opt/devkitpro/devkitARM/lib/gcc/arm-none-eabi/8.3.0/../../../../arm-none-eabi/lib/thumb/libg.a(lib_a-iprintf.o)
 .comment       0x0000000000000046       0x25 /opt/devkitpro/devkitARM/lib/gcc/arm-none-eabi/8.3.0/../../../../arm-none-eabi/lib/thumb/libg.a(lib_a-malloc.o)
 .comment       0x0000000000000046       0x25 /opt/devkitpro/devkitARM/lib/gcc/arm-none-eabi/8.3.0/../../../../arm-none-eabi/lib/thumb/libg.a(lib_a-mallocr.o)
 .comment       0x0000000000000046       0x25 /opt/devkitpro/devkitARM/lib/gcc/arm-none-eabi/8.3.0/../../../../arm-none-eabi/lib/thumb/libg.a(lib_a-memcpy-stub.o)
 .comment       0x0000000000000046       0x25 /opt/devkitpro/devkitARM/lib/gcc/arm-none-eabi/8.3.0/../../../../arm-none-eabi/lib/thumb/libg.a(lib_a-memset.o)
 .comment       0x0000000000000046       0x25 /opt/devkitpro/devkitARM/lib/gcc/arm-none-eabi/8.3.0/../../../../arm-none-eabi/lib/thumb/libg.a(lib_a-mlock.o)
 .comment       0x0000000000000046       0x25 /opt/devkitpro/devkitARM/lib/gcc/arm-none-eabi/8.3.0/../../../../arm-none-eabi/lib/thumb/libg.a(lib_a-realloc.o)
 .comment       0x0000000000000046       0x25 /opt/devkitpro/devkitARM/lib/gcc/arm-none-eabi/8.3.0/../../../../arm-none-eabi/lib/thumb/libg.a(lib_a-reallocr.o)
 .comment       0x0000000000000046       0x25 /opt/devkitpro/devkitARM/lib/gcc/arm-none-eabi/8.3.0/../../../../arm-none-eabi/lib/thumb/libg.a(lib_a-setvbuf.o)
 .comment       0x0000000000000046       0x25 /opt/devkitpro/devkitARM/lib/gcc/arm-none-eabi/8.3.0/../../../../arm-none-eabi/lib/thumb/libg.a(lib_a-siscanf.o)
 .comment       0x0000000000000046       0x25 /opt/devkitpro/devkitARM/lib/gcc/arm-none-eabi/8.3.0/../../../../arm-none-eabi/lib/thumb/libg.a(lib_a-stdio.o)
 .comment       0x0000000000000046       0x25 /opt/devkitpro/devkitARM/lib/gcc/arm-none-eabi/8.3.0/../../../../arm-none-eabi/lib/thumb/libg.a(lib_a-strlen-stub.o)
 .comment       0x0000000000000046       0x25 /opt/devkitpro/devkitARM/lib/gcc/arm-none-eabi/8.3.0/../../../../arm-none-eabi/lib/thumb/libg.a(lib_a-svfiscanf.o)
 .comment       0x0000000000000046       0x25 /opt/devkitpro/devkitARM/lib/gcc/arm-none-eabi/8.3.0/../../../../arm-none-eabi/lib/thumb/libg.a(lib_a-ungetc.o)
 .comment       0x0000000000000046       0x25 /opt/devkitpro/devkitARM/lib/gcc/arm-none-eabi/8.3.0/../../../../arm-none-eabi/lib/thumb/libg.a(lib_a-vfiprintf.o)
 .comment       0x0000000000000046       0x25 /opt/devkitpro/devkitARM/lib/gcc/arm-none-eabi/8.3.0/../../../../arm-none-eabi/lib/thumb/libg.a(lib_a-wcrtomb.o)
 .comment       0x0000000000000046       0x25 /opt/devkitpro/devkitARM/lib/gcc/arm-none-eabi/8.3.0/../../../../arm-none-eabi/lib/thumb/libg.a(lib_a-wcsrtombs.o)
 .comment       0x0000000000000046       0x25 /opt/devkitpro/devkitARM/lib/gcc/arm-none-eabi/8.3.0/../../../../arm-none-eabi/lib/thumb/libg.a(lib_a-wsetup.o)
 .comment       0x0000000000000046       0x25 /opt/devkitpro/devkitARM/lib/gcc/arm-none-eabi/8.3.0/../../../../arm-none-eabi/lib/thumb/libg.a(lib_a-ctype_.o)
 .comment       0x0000000000000046       0x25 /opt/devkitpro/devkitARM/lib/gcc/arm-none-eabi/8.3.0/../../../../arm-none-eabi/lib/thumb/libg.a(lib_a-fflush.o)
 .comment       0x0000000000000046       0x25 /opt/devkitpro/devkitARM/lib/gcc/arm-none-eabi/8.3.0/../../../../arm-none-eabi/lib/thumb/libg.a(lib_a-findfp.o)
 .comment       0x0000000000000046       0x25 /opt/devkitpro/devkitARM/lib/gcc/arm-none-eabi/8.3.0/../../../../arm-none-eabi/lib/thumb/libg.a(lib_a-freer.o)
 .comment       0x0000000000000046       0x25 /opt/devkitpro/devkitARM/lib/gcc/arm-none-eabi/8.3.0/../../../../arm-none-eabi/lib/thumb/libg.a(lib_a-fvwrite.o)
 .comment       0x0000000000000046       0x25 /opt/devkitpro/devkitARM/lib/gcc/arm-none-eabi/8.3.0/../../../../arm-none-eabi/lib/thumb/libg.a(lib_a-fwalk.o)
 .comment       0x0000000000000046       0x25 /opt/devkitpro/devkitARM/lib/gcc/arm-none-eabi/8.3.0/../../../../arm-none-eabi/lib/thumb/libg.a(lib_a-impure.o)
 .comment       0x0000000000000046       0x25 /opt/devkitpro/devkitARM/lib/gcc/arm-none-eabi/8.3.0/../../../../arm-none-eabi/lib/thumb/libg.a(lib_a-iswspace.o)
 .comment       0x0000000000000046       0x25 /opt/devkitpro/devkitARM/lib/gcc/arm-none-eabi/8.3.0/../../../../arm-none-eabi/lib/thumb/libg.a(lib_a-localeconv.o)
 .comment       0x0000000000000046       0x25 /opt/devkitpro/devkitARM/lib/gcc/arm-none-eabi/8.3.0/../../../../arm-none-eabi/lib/thumb/libg.a(lib_a-locale.o)
 .comment       0x0000000000000046       0x25 /opt/devkitpro/devkitARM/lib/gcc/arm-none-eabi/8.3.0/../../../../arm-none-eabi/lib/thumb/libg.a(lib_a-makebuf.o)
 .comment       0x0000000000000046       0x25 /opt/devkitpro/devkitARM/lib/gcc/arm-none-eabi/8.3.0/../../../../arm-none-eabi/lib/thumb/libg.a(lib_a-mbrtowc.o)
 .comment       0x0000000000000046       0x25 /opt/devkitpro/devkitARM/lib/gcc/arm-none-eabi/8.3.0/../../../../arm-none-eabi/lib/thumb/libg.a(lib_a-mbtowc_r.o)
 .comment       0x0000000000000046       0x25 /opt/devkitpro/devkitARM/lib/gcc/arm-none-eabi/8.3.0/../../../../arm-none-eabi/lib/thumb/libg.a(lib_a-memchr-stub.o)
 .comment       0x0000000000000046       0x25 /opt/devkitpro/devkitARM/lib/gcc/arm-none-eabi/8.3.0/../../../../arm-none-eabi/lib/thumb/libg.a(lib_a-memmove.o)
 .comment       0x0000000000000046       0x25 /opt/devkitpro/devkitARM/lib/gcc/arm-none-eabi/8.3.0/../../../../arm-none-eabi/lib/thumb/libg.a(lib_a-sccl.o)
 .comment       0x0000000000000046       0x25 /opt/devkitpro/devkitARM/lib/gcc/arm-none-eabi/8.3.0/../../../../arm-none-eabi/lib/thumb/libg.a(lib_a-strncpy.o)
 .comment       0x0000000000000046       0x25 /opt/devkitpro/devkitARM/lib/gcc/arm-none-eabi/8.3.0/../../../../arm-none-eabi/lib/thumb/libg.a(lib_a-strtoll.o)
 .comment       0x0000000000000046       0x25 /opt/devkitpro/devkitARM/lib/gcc/arm-none-eabi/8.3.0/../../../../arm-none-eabi/lib/thumb/libg.a(lib_a-strtol.o)
 .comment       0x0000000000000046       0x25 /opt/devkitpro/devkitARM/lib/gcc/arm-none-eabi/8.3.0/../../../../arm-none-eabi/lib/thumb/libg.a(lib_a-strtoull.o)
 .comment       0x0000000000000046       0x25 /opt/devkitpro/devkitARM/lib/gcc/arm-none-eabi/8.3.0/../../../../arm-none-eabi/lib/thumb/libg.a(lib_a-strtoul.o)
 .comment       0x0000000000000046       0x25 /opt/devkitpro/devkitARM/lib/gcc/arm-none-eabi/8.3.0/../../../../arm-none-eabi/lib/thumb/libg.a(lib_a-svfiprintf.o)
 .comment       0x0000000000000046       0x25 /opt/devkitpro/devkitARM/lib/gcc/arm-none-eabi/8.3.0/../../../../arm-none-eabi/lib/thumb/libg.a(lib_a-wcsnrtombs.o)
 .comment       0x0000000000000046       0x25 /opt/devkitpro/devkitARM/lib/gcc/arm-none-eabi/8.3.0/../../../../arm-none-eabi/lib/thumb/libg.a(lib_a-wctomb_r.o)
 .comment       0x0000000000000046       0x25 /opt/devkitpro/devkitARM/lib/gcc/arm-none-eabi/8.3.0/../../../../arm-none-eabi/lib/thumb/libg.a(lib_a-fclose.o)
 .comment       0x0000000000000046       0x25 /opt/devkitpro/devkitARM/lib/gcc/arm-none-eabi/8.3.0/../../../../arm-none-eabi/lib/thumb/libg.a(lib_a-iswspace_l.o)
 .comment       0x0000000000000046       0x25 /opt/devkitpro/devkitARM/lib/gcc/arm-none-eabi/8.3.0/../../../../arm-none-eabi/lib/thumb/libg.a(lib_a-jp2uc.o)
 .comment       0x0000000000000046       0x25 /opt/devkitpro/devkitARM/lib/gcc/arm-none-eabi/8.3.0/../../../../arm-none-eabi/lib/thumb/libg.a(lib_a-categories.o)
 .comment       0x0000000000000046       0x25 /opt/devkitpro/devkitARM/lib/gcc/arm-none-eabi/8.3.0/../../../../arm-none-eabi/lib/thumb/libsysbase.a(iosupport.o)
 .comment       0x0000000000000046       0x25 /opt/devkitpro/devkitARM/lib/gcc/arm-none-eabi/8.3.0/../../../../arm-none-eabi/lib/thumb/libsysbase.a(close.o)
 .comment       0x0000000000000046       0x25 /opt/devkitpro/devkitARM/lib/gcc/arm-none-eabi/8.3.0/../../../../arm-none-eabi/lib/thumb/libsysbase.a(fstat.o)
 .comment       0x0000000000000046       0x25 /opt/devkitpro/devkitARM/lib/gcc/arm-none-eabi/8.3.0/../../../../arm-none-eabi/lib/thumb/libsysbase.a(isatty.o)
 .comment       0x0000000000000046       0x25 /opt/devkitpro/devkitARM/lib/gcc/arm-none-eabi/8.3.0/../../../../arm-none-eabi/lib/thumb/libsysbase.a(lseek.o)
 .comment       0x0000000000000046       0x25 /opt/devkitpro/devkitARM/lib/gcc/arm-none-eabi/8.3.0/../../../../arm-none-eabi/lib/thumb/libsysbase.a(read.o)
 .comment       0x0000000000000046       0x25 /opt/devkitpro/devkitARM/lib/gcc/arm-none-eabi/8.3.0/../../../../arm-none-eabi/lib/thumb/libsysbase.a(sbrk.o)
 .comment       0x0000000000000046       0x25 /opt/devkitpro/devkitARM/lib/gcc/arm-none-eabi/8.3.0/../../../../arm-none-eabi/lib/thumb/libsysbase.a(write.o)
 .comment       0x0000000000000046       0x25 /opt/devkitpro/devkitARM/lib/gcc/arm-none-eabi/8.3.0/../../../../arm-none-eabi/lib/thumb/libsysbase.a(malloc_vars.o)
 .comment       0x0000000000000046       0x25 /opt/devkitpro/devkitARM/lib/gcc/arm-none-eabi/8.3.0/../../../../arm-none-eabi/lib/thumb/libsysbase.a(build_argv.o)
 .comment       0x0000000000000046       0x25 /opt/devkitpro/devkitARM/lib/gcc/arm-none-eabi/8.3.0/../../../../arm-none-eabi/lib/thumb/libsysbase.a(flock.o)
 .comment       0x0000000000000046       0x25 /opt/devkitpro/devkitARM/lib/gcc/arm-none-eabi/8.3.0/../../../../arm-none-eabi/lib/thumb/libsysbase.a(syscall_support.o)
 .comment       0x0000000000000046       0x25 /opt/devkitpro/devkitARM/lib/gcc/arm-none-eabi/8.3.0/../../../../arm-none-eabi/lib/thumb/libsysbase.a(handle_manager.o)
 .comment       0x0000000000000046       0x25 /opt/devkitpro/devkitARM/lib/gcc/arm-none-eabi/8.3.0/../../../../arm-none-eabi/lib/thumb/libsysbase.a(getreent.o)
 .comment       0x0000000000000046       0x25 /opt/devkitpro/devkitARM/lib/gcc/arm-none-eabi/8.3.0/thumb/libgcc.a(_muldi3.o)
 .comment       0x0000000000000046       0x25 /opt/devkitpro/devkitARM/lib/gcc/arm-none-eabi/8.3.0/thumb/libgcc.a(_udivmoddi4.o)
 .comment       0x0000000000000046       0x25 /opt/devkitpro/devkitARM/lib/gcc/arm-none-eabi/8.3.0/thumb/crtend.o

.ARM.attributes
                0x0000000000000000       0x2d
 .ARM.attributes
                0x0000000000000000       0x21 /opt/devkitpro/devkitARM/lib/gcc/arm-none-eabi/8.3.0/../../../../arm-none-eabi/lib/thumb/ds_arm9_crt0.o
 .ARM.attributes
                0x0000000000000021       0x1c /opt/devkitpro/devkitARM/lib/gcc/arm-none-eabi/8.3.0/thumb/crti.o
 .ARM.attributes
                0x000000000000003d       0x2a /opt/devkitpro/devkitARM/lib/gcc/arm-none-eabi/8.3.0/thumb/crtbegin.o
 .ARM.attributes
                0x0000000000000067       0x1a Pausa.o
 .ARM.attributes
                0x0000000000000081       0x1a fondoa.o
 .ARM.attributes
                0x000000000000009b       0x1a Irabazlea.o
 .ARM.attributes
                0x00000000000000b5       0x1a Galtzailea.o
 .ARM.attributes
                0x00000000000000cf       0x1a hasiera.o
 .ARM.attributes
                0x00000000000000e9       0x27 jokoa01.o
 .ARM.attributes
                0x0000000000000110       0x27 grafikoak.o
 .ARM.attributes
                0x0000000000000137       0x27 spriteak.o
 .ARM.attributes
                0x000000000000015e       0x27 periferikoak.o
 .ARM.attributes
                0x0000000000000185       0x27 main.o
 .ARM.attributes
                0x00000000000001ac       0x27 zerbitzuErrutinak.o
 .ARM.attributes
                0x00000000000001d3       0x27 fondoak.o
 .ARM.attributes
                0x00000000000001fa       0x2b /opt/devkitpro/libnds/lib/libnds9.a(video.o)
 .ARM.attributes
                0x0000000000000225       0x2b /opt/devkitpro/libnds/lib/libnds9.a(touch.o)
 .ARM.attributes
                0x0000000000000250       0x2b /opt/devkitpro/libnds/lib/libnds9.a(sprite_alloc.o)
 .ARM.attributes
                0x000000000000027b       0x2b /opt/devkitpro/libnds/lib/libnds9.a(system.o)
 .ARM.attributes
                0x00000000000002a6       0x2b /opt/devkitpro/libnds/lib/libnds9.a(console.o)
 .ARM.attributes
                0x00000000000002d1       0x2b /opt/devkitpro/libnds/lib/libnds9.a(sprite.o)
 .ARM.attributes
                0x00000000000002fc       0x2b /opt/devkitpro/libnds/lib/libnds9.a(initSystem.o)
 .ARM.attributes
                0x0000000000000327       0x2b /opt/devkitpro/libnds/lib/libnds9.a(timeSupport.o)
 .ARM.attributes
                0x0000000000000352       0x2b /opt/devkitpro/libnds/lib/libnds9.a(securearea.o)
 .ARM.attributes
                0x000000000000037d       0x2b /opt/devkitpro/libnds/lib/libnds9.a(interrupts.o)
 .ARM.attributes
                0x00000000000003a8       0x2b /opt/devkitpro/libnds/lib/libnds9.a(libnds_exit.arm.o)
 .ARM.attributes
                0x00000000000003d3       0x2b /opt/devkitpro/libnds/lib/libnds9.a(fifosystem.o)
 .ARM.attributes
                0x00000000000003fe       0x1b /opt/devkitpro/libnds/lib/libnds9.a(dcache.o)
 .ARM.attributes
                0x0000000000000419       0x21 /opt/devkitpro/libnds/lib/libnds9.a(mpu_setup.o)
 .ARM.attributes
                0x000000000000043a       0x21 /opt/devkitpro/libnds/lib/libnds9.a(IntrWait.o)
 .ARM.attributes
                0x000000000000045b       0x21 /opt/devkitpro/libnds/lib/libnds9.a(cpu_clock.o)
 .ARM.attributes
                0x000000000000047c       0x1b /opt/devkitpro/libnds/lib/libnds9.a(interruptDispatcher.o)
 .ARM.attributes
                0x0000000000000497       0x21 /opt/devkitpro/libnds/lib/libnds9.a(swiSoftReset.o)
 .ARM.attributes
                0x00000000000004b8       0x1b /opt/devkitpro/libnds/lib/libnds9.a(biosCalls.o)
 .ARM.attributes
                0x00000000000004d3       0x14 /opt/devkitpro/libnds/lib/libnds9.a(default_font.bin.o)
 .ARM.attributes
                0x00000000000004e7       0x2b /opt/devkitpro/libnds/lib/libnds9.a(background.o)
 .ARM.attributes
                0x0000000000000512       0x2b /opt/devkitpro/libnds/lib/libnds9.a(trig.o)
 .ARM.attributes
                0x000000000000053d       0x1c /opt/devkitpro/devkitARM/lib/gcc/arm-none-eabi/8.3.0/thumb/libgcc.a(_divsi3.o)
 .ARM.attributes
                0x0000000000000559       0x1c /opt/devkitpro/devkitARM/lib/gcc/arm-none-eabi/8.3.0/thumb/libgcc.a(_dvmd_tls.o)
 .ARM.attributes
                0x0000000000000575       0x2a /opt/devkitpro/devkitARM/lib/gcc/arm-none-eabi/8.3.0/../../../../arm-none-eabi/lib/thumb/libg.a(lib_a-init.o)
 .ARM.attributes
                0x000000000000059f       0x2a /opt/devkitpro/devkitARM/lib/gcc/arm-none-eabi/8.3.0/../../../../arm-none-eabi/lib/thumb/libg.a(lib_a-iprintf.o)
 .ARM.attributes
                0x00000000000005c9       0x2a /opt/devkitpro/devkitARM/lib/gcc/arm-none-eabi/8.3.0/../../../../arm-none-eabi/lib/thumb/libg.a(lib_a-malloc.o)
 .ARM.attributes
                0x00000000000005f3       0x2a /opt/devkitpro/devkitARM/lib/gcc/arm-none-eabi/8.3.0/../../../../arm-none-eabi/lib/thumb/libg.a(lib_a-mallocr.o)
 .ARM.attributes
                0x000000000000061d       0x2a /opt/devkitpro/devkitARM/lib/gcc/arm-none-eabi/8.3.0/../../../../arm-none-eabi/lib/thumb/libg.a(lib_a-memcpy-stub.o)
 .ARM.attributes
                0x0000000000000647       0x2a /opt/devkitpro/devkitARM/lib/gcc/arm-none-eabi/8.3.0/../../../../arm-none-eabi/lib/thumb/libg.a(lib_a-memset.o)
 .ARM.attributes
                0x0000000000000671       0x2a /opt/devkitpro/devkitARM/lib/gcc/arm-none-eabi/8.3.0/../../../../arm-none-eabi/lib/thumb/libg.a(lib_a-mlock.o)
 .ARM.attributes
                0x000000000000069b       0x2a /opt/devkitpro/devkitARM/lib/gcc/arm-none-eabi/8.3.0/../../../../arm-none-eabi/lib/thumb/libg.a(lib_a-realloc.o)
 .ARM.attributes
                0x00000000000006c5       0x2a /opt/devkitpro/devkitARM/lib/gcc/arm-none-eabi/8.3.0/../../../../arm-none-eabi/lib/thumb/libg.a(lib_a-reallocr.o)
 .ARM.attributes
                0x00000000000006ef       0x2a /opt/devkitpro/devkitARM/lib/gcc/arm-none-eabi/8.3.0/../../../../arm-none-eabi/lib/thumb/libg.a(lib_a-setvbuf.o)
 .ARM.attributes
                0x0000000000000719       0x2a /opt/devkitpro/devkitARM/lib/gcc/arm-none-eabi/8.3.0/../../../../arm-none-eabi/lib/thumb/libg.a(lib_a-siscanf.o)
 .ARM.attributes
                0x0000000000000743       0x2a /opt/devkitpro/devkitARM/lib/gcc/arm-none-eabi/8.3.0/../../../../arm-none-eabi/lib/thumb/libg.a(lib_a-stdio.o)
 .ARM.attributes
                0x000000000000076d       0x2a /opt/devkitpro/devkitARM/lib/gcc/arm-none-eabi/8.3.0/../../../../arm-none-eabi/lib/thumb/libg.a(lib_a-strlen-stub.o)
 .ARM.attributes
                0x0000000000000797       0x2a /opt/devkitpro/devkitARM/lib/gcc/arm-none-eabi/8.3.0/../../../../arm-none-eabi/lib/thumb/libg.a(lib_a-svfiscanf.o)
 .ARM.attributes
                0x00000000000007c1       0x2a /opt/devkitpro/devkitARM/lib/gcc/arm-none-eabi/8.3.0/../../../../arm-none-eabi/lib/thumb/libg.a(lib_a-ungetc.o)
 .ARM.attributes
                0x00000000000007eb       0x2a /opt/devkitpro/devkitARM/lib/gcc/arm-none-eabi/8.3.0/../../../../arm-none-eabi/lib/thumb/libg.a(lib_a-vfiprintf.o)
 .ARM.attributes
                0x0000000000000815       0x2a /opt/devkitpro/devkitARM/lib/gcc/arm-none-eabi/8.3.0/../../../../arm-none-eabi/lib/thumb/libg.a(lib_a-wcrtomb.o)
 .ARM.attributes
                0x000000000000083f       0x2a /opt/devkitpro/devkitARM/lib/gcc/arm-none-eabi/8.3.0/../../../../arm-none-eabi/lib/thumb/libg.a(lib_a-wcsrtombs.o)
 .ARM.attributes
                0x0000000000000869       0x2a /opt/devkitpro/devkitARM/lib/gcc/arm-none-eabi/8.3.0/../../../../arm-none-eabi/lib/thumb/libg.a(lib_a-wsetup.o)
 .ARM.attributes
                0x0000000000000893       0x2a /opt/devkitpro/devkitARM/lib/gcc/arm-none-eabi/8.3.0/../../../../arm-none-eabi/lib/thumb/libg.a(lib_a-ctype_.o)
 .ARM.attributes
                0x00000000000008bd       0x2a /opt/devkitpro/devkitARM/lib/gcc/arm-none-eabi/8.3.0/../../../../arm-none-eabi/lib/thumb/libg.a(lib_a-fflush.o)
 .ARM.attributes
                0x00000000000008e7       0x2a /opt/devkitpro/devkitARM/lib/gcc/arm-none-eabi/8.3.0/../../../../arm-none-eabi/lib/thumb/libg.a(lib_a-findfp.o)
 .ARM.attributes
                0x0000000000000911       0x2a /opt/devkitpro/devkitARM/lib/gcc/arm-none-eabi/8.3.0/../../../../arm-none-eabi/lib/thumb/libg.a(lib_a-freer.o)
 .ARM.attributes
                0x000000000000093b       0x2a /opt/devkitpro/devkitARM/lib/gcc/arm-none-eabi/8.3.0/../../../../arm-none-eabi/lib/thumb/libg.a(lib_a-fvwrite.o)
 .ARM.attributes
                0x0000000000000965       0x2a /opt/devkitpro/devkitARM/lib/gcc/arm-none-eabi/8.3.0/../../../../arm-none-eabi/lib/thumb/libg.a(lib_a-fwalk.o)
 .ARM.attributes
                0x000000000000098f       0x30 /opt/devkitpro/devkitARM/lib/gcc/arm-none-eabi/8.3.0/../../../../arm-none-eabi/lib/thumb/libg.a(lib_a-impure.o)
 .ARM.attributes
                0x00000000000009bf       0x2a /opt/devkitpro/devkitARM/lib/gcc/arm-none-eabi/8.3.0/../../../../arm-none-eabi/lib/thumb/libg.a(lib_a-iswspace.o)
 .ARM.attributes
                0x00000000000009e9       0x2a /opt/devkitpro/devkitARM/lib/gcc/arm-none-eabi/8.3.0/../../../../arm-none-eabi/lib/thumb/libg.a(lib_a-localeconv.o)
 .ARM.attributes
                0x0000000000000a13       0x2a /opt/devkitpro/devkitARM/lib/gcc/arm-none-eabi/8.3.0/../../../../arm-none-eabi/lib/thumb/libg.a(lib_a-locale.o)
 .ARM.attributes
                0x0000000000000a3d       0x2a /opt/devkitpro/devkitARM/lib/gcc/arm-none-eabi/8.3.0/../../../../arm-none-eabi/lib/thumb/libg.a(lib_a-makebuf.o)
 .ARM.attributes
                0x0000000000000a67       0x2a /opt/devkitpro/devkitARM/lib/gcc/arm-none-eabi/8.3.0/../../../../arm-none-eabi/lib/thumb/libg.a(lib_a-mbrtowc.o)
 .ARM.attributes
                0x0000000000000a91       0x2a /opt/devkitpro/devkitARM/lib/gcc/arm-none-eabi/8.3.0/../../../../arm-none-eabi/lib/thumb/libg.a(lib_a-mbtowc_r.o)
 .ARM.attributes
                0x0000000000000abb       0x2a /opt/devkitpro/devkitARM/lib/gcc/arm-none-eabi/8.3.0/../../../../arm-none-eabi/lib/thumb/libg.a(lib_a-memchr-stub.o)
 .ARM.attributes
                0x0000000000000ae5       0x2a /opt/devkitpro/devkitARM/lib/gcc/arm-none-eabi/8.3.0/../../../../arm-none-eabi/lib/thumb/libg.a(lib_a-memmove.o)
 .ARM.attributes
                0x0000000000000b0f       0x2a /opt/devkitpro/devkitARM/lib/gcc/arm-none-eabi/8.3.0/../../../../arm-none-eabi/lib/thumb/libg.a(lib_a-sccl.o)
 .ARM.attributes
                0x0000000000000b39       0x1a /opt/devkitpro/devkitARM/lib/gcc/arm-none-eabi/8.3.0/../../../../arm-none-eabi/lib/thumb/libg.a(lib_a-strcmp.o)
 .ARM.attributes
                0x0000000000000b53       0x2a /opt/devkitpro/devkitARM/lib/gcc/arm-none-eabi/8.3.0/../../../../arm-none-eabi/lib/thumb/libg.a(lib_a-strncpy.o)
 .ARM.attributes
                0x0000000000000b7d       0x2a /opt/devkitpro/devkitARM/lib/gcc/arm-none-eabi/8.3.0/../../../../arm-none-eabi/lib/thumb/libg.a(lib_a-strtoll.o)
 .ARM.attributes
                0x0000000000000ba7       0x2a /opt/devkitpro/devkitARM/lib/gcc/arm-none-eabi/8.3.0/../../../../arm-none-eabi/lib/thumb/libg.a(lib_a-strtol.o)
 .ARM.attributes
                0x0000000000000bd1       0x2a /opt/devkitpro/devkitARM/lib/gcc/arm-none-eabi/8.3.0/../../../../arm-none-eabi/lib/thumb/libg.a(lib_a-strtoull.o)
 .ARM.attributes
                0x0000000000000bfb       0x2a /opt/devkitpro/devkitARM/lib/gcc/arm-none-eabi/8.3.0/../../../../arm-none-eabi/lib/thumb/libg.a(lib_a-strtoul.o)
 .ARM.attributes
                0x0000000000000c25       0x2a /opt/devkitpro/devkitARM/lib/gcc/arm-none-eabi/8.3.0/../../../../arm-none-eabi/lib/thumb/libg.a(lib_a-svfiprintf.o)
 .ARM.attributes
                0x0000000000000c4f       0x2a /opt/devkitpro/devkitARM/lib/gcc/arm-none-eabi/8.3.0/../../../../arm-none-eabi/lib/thumb/libg.a(lib_a-wcsnrtombs.o)
 .ARM.attributes
                0x0000000000000c79       0x2a /opt/devkitpro/devkitARM/lib/gcc/arm-none-eabi/8.3.0/../../../../arm-none-eabi/lib/thumb/libg.a(lib_a-wctomb_r.o)
 .ARM.attributes
                0x0000000000000ca3       0x2a /opt/devkitpro/devkitARM/lib/gcc/arm-none-eabi/8.3.0/../../../../arm-none-eabi/lib/thumb/libg.a(lib_a-fclose.o)
 .ARM.attributes
                0x0000000000000ccd       0x2a /opt/devkitpro/devkitARM/lib/gcc/arm-none-eabi/8.3.0/../../../../arm-none-eabi/lib/thumb/libg.a(lib_a-iswspace_l.o)
 .ARM.attributes
                0x0000000000000cf7       0x2a /opt/devkitpro/devkitARM/lib/gcc/arm-none-eabi/8.3.0/../../../../arm-none-eabi/lib/thumb/libg.a(lib_a-jp2uc.o)
 .ARM.attributes
                0x0000000000000d21       0x2a /opt/devkitpro/devkitARM/lib/gcc/arm-none-eabi/8.3.0/../../../../arm-none-eabi/lib/thumb/libg.a(lib_a-categories.o)
 .ARM.attributes
                0x0000000000000d4b       0x2a /opt/devkitpro/devkitARM/lib/gcc/arm-none-eabi/8.3.0/../../../../arm-none-eabi/lib/thumb/libsysbase.a(iosupport.o)
 .ARM.attributes
                0x0000000000000d75       0x2a /opt/devkitpro/devkitARM/lib/gcc/arm-none-eabi/8.3.0/../../../../arm-none-eabi/lib/thumb/libsysbase.a(close.o)
 .ARM.attributes
                0x0000000000000d9f       0x2a /opt/devkitpro/devkitARM/lib/gcc/arm-none-eabi/8.3.0/../../../../arm-none-eabi/lib/thumb/libsysbase.a(fstat.o)
 .ARM.attributes
                0x0000000000000dc9       0x2a /opt/devkitpro/devkitARM/lib/gcc/arm-none-eabi/8.3.0/../../../../arm-none-eabi/lib/thumb/libsysbase.a(isatty.o)
 .ARM.attributes
                0x0000000000000df3       0x2a /opt/devkitpro/devkitARM/lib/gcc/arm-none-eabi/8.3.0/../../../../arm-none-eabi/lib/thumb/libsysbase.a(lseek.o)
 .ARM.attributes
                0x0000000000000e1d       0x2a /opt/devkitpro/devkitARM/lib/gcc/arm-none-eabi/8.3.0/../../../../arm-none-eabi/lib/thumb/libsysbase.a(read.o)
 .ARM.attributes
                0x0000000000000e47       0x2a /opt/devkitpro/devkitARM/lib/gcc/arm-none-eabi/8.3.0/../../../../arm-none-eabi/lib/thumb/libsysbase.a(sbrk.o)
 .ARM.attributes
                0x0000000000000e71       0x2a /opt/devkitpro/devkitARM/lib/gcc/arm-none-eabi/8.3.0/../../../../arm-none-eabi/lib/thumb/libsysbase.a(write.o)
 .ARM.attributes
                0x0000000000000e9b       0x30 /opt/devkitpro/devkitARM/lib/gcc/arm-none-eabi/8.3.0/../../../../arm-none-eabi/lib/thumb/libsysbase.a(malloc_vars.o)
 .ARM.attributes
                0x0000000000000ecb       0x2a /opt/devkitpro/devkitARM/lib/gcc/arm-none-eabi/8.3.0/../../../../arm-none-eabi/lib/thumb/libsysbase.a(build_argv.o)
 .ARM.attributes
                0x0000000000000ef5       0x2a /opt/devkitpro/devkitARM/lib/gcc/arm-none-eabi/8.3.0/../../../../arm-none-eabi/lib/thumb/libsysbase.a(flock.o)
 .ARM.attributes
                0x0000000000000f1f       0x2a /opt/devkitpro/devkitARM/lib/gcc/arm-none-eabi/8.3.0/../../../../arm-none-eabi/lib/thumb/libsysbase.a(syscall_support.o)
 .ARM.attributes
                0x0000000000000f49       0x2a /opt/devkitpro/devkitARM/lib/gcc/arm-none-eabi/8.3.0/../../../../arm-none-eabi/lib/thumb/libsysbase.a(handle_manager.o)
 .ARM.attributes
                0x0000000000000f73       0x2a /opt/devkitpro/devkitARM/lib/gcc/arm-none-eabi/8.3.0/../../../../arm-none-eabi/lib/thumb/libsysbase.a(getreent.o)
 .ARM.attributes
                0x0000000000000f9d       0x1c /opt/devkitpro/devkitARM/lib/gcc/arm-none-eabi/8.3.0/thumb/libgcc.a(_thumb1_case_uqi.o)
 .ARM.attributes
                0x0000000000000fb9       0x1c /opt/devkitpro/devkitARM/lib/gcc/arm-none-eabi/8.3.0/thumb/libgcc.a(_thumb1_case_uhi.o)
 .ARM.attributes
                0x0000000000000fd5       0x1c /opt/devkitpro/devkitARM/lib/gcc/arm-none-eabi/8.3.0/thumb/libgcc.a(_udivsi3.o)
 .ARM.attributes
                0x0000000000000ff1       0x1c /opt/devkitpro/devkitARM/lib/gcc/arm-none-eabi/8.3.0/thumb/libgcc.a(_aeabi_uldivmod.o)
 .ARM.attributes
                0x000000000000100d       0x2a /opt/devkitpro/devkitARM/lib/gcc/arm-none-eabi/8.3.0/thumb/libgcc.a(_muldi3.o)
 .ARM.attributes
                0x0000000000001037       0x2a /opt/devkitpro/devkitARM/lib/gcc/arm-none-eabi/8.3.0/thumb/libgcc.a(_udivmoddi4.o)
 .ARM.attributes
                0x0000000000001061       0x1c /opt/devkitpro/devkitARM/lib/gcc/arm-none-eabi/8.3.0/thumb/libgcc.a(_clzdi2.o)
 .ARM.attributes
                0x000000000000107d       0x1c /opt/devkitpro/devkitARM/lib/gcc/arm-none-eabi/8.3.0/thumb/libgcc.a(_clzsi2.o)
 .ARM.attributes
                0x0000000000001099       0x30 /opt/devkitpro/devkitARM/lib/gcc/arm-none-eabi/8.3.0/thumb/crtend.o
 .ARM.attributes
                0x00000000000010c9       0x1c /opt/devkitpro/devkitARM/lib/gcc/arm-none-eabi/8.3.0/thumb/crtn.o

.debug
 *(.debug)

.line
 *(.line)

.debug_srcinfo
 *(.debug_srcinfo)

.debug_sfnames
 *(.debug_sfnames)

.debug_aranges  0x0000000000000000      0x6c8
 *(.debug_aranges)
 .debug_aranges
                0x0000000000000000       0x20 jokoa01.o
 .debug_aranges
                0x0000000000000020       0x20 grafikoak.o
 .debug_aranges
                0x0000000000000040       0x20 spriteak.o
 .debug_aranges
                0x0000000000000060       0x20 periferikoak.o
 .debug_aranges
                0x0000000000000080       0x20 main.o
 .debug_aranges
                0x00000000000000a0       0x20 zerbitzuErrutinak.o
 .debug_aranges
                0x00000000000000c0       0x20 fondoak.o
 .debug_aranges
                0x00000000000000e0       0x48 /opt/devkitpro/libnds/lib/libnds9.a(video.o)
 .debug_aranges
                0x0000000000000128       0x28 /opt/devkitpro/libnds/lib/libnds9.a(touch.o)
 .debug_aranges
                0x0000000000000150       0x40 /opt/devkitpro/libnds/lib/libnds9.a(sprite_alloc.o)
 .debug_aranges
                0x0000000000000190       0x68 /opt/devkitpro/libnds/lib/libnds9.a(system.o)
 .debug_aranges
                0x00000000000001f8       0x88 /opt/devkitpro/libnds/lib/libnds9.a(console.o)
 .debug_aranges
                0x0000000000000280       0x60 /opt/devkitpro/libnds/lib/libnds9.a(sprite.o)
 .debug_aranges